Archive member included because of file (symbol)

/usr/local/3rdparty/altera/quartus12/nios2eds/bin/gnu/H-i686-pc-linux-gnu/bin/../lib/gcc/nios2-elf/4.1.2/../../../../nios2-elf/lib/libm.a(lib_a-sf_cos.o)
                              obj/default/hello_world.o (cosf)
/usr/local/3rdparty/altera/quartus12/nios2eds/bin/gnu/H-i686-pc-linux-gnu/bin/../lib/gcc/nios2-elf/4.1.2/../../../../nios2-elf/lib/libm.a(lib_a-sf_floor.o)
                              obj/default/hello_world.o (floorf)
/usr/local/3rdparty/altera/quartus12/nios2eds/bin/gnu/H-i686-pc-linux-gnu/bin/../lib/gcc/nios2-elf/4.1.2/../../../../nios2-elf/lib/libm.a(lib_a-sf_sin.o)
                              obj/default/hello_world.o (sinf)
/usr/local/3rdparty/altera/quartus12/nios2eds/bin/gnu/H-i686-pc-linux-gnu/bin/../lib/gcc/nios2-elf/4.1.2/../../../../nios2-elf/lib/libm.a(lib_a-ef_rem_pio2.o)
                              /usr/local/3rdparty/altera/quartus12/nios2eds/bin/gnu/H-i686-pc-linux-gnu/bin/../lib/gcc/nios2-elf/4.1.2/../../../../nios2-elf/lib/libm.a(lib_a-sf_cos.o) (__ieee754_rem_pio2f)
/usr/local/3rdparty/altera/quartus12/nios2eds/bin/gnu/H-i686-pc-linux-gnu/bin/../lib/gcc/nios2-elf/4.1.2/../../../../nios2-elf/lib/libm.a(lib_a-kf_cos.o)
                              /usr/local/3rdparty/altera/quartus12/nios2eds/bin/gnu/H-i686-pc-linux-gnu/bin/../lib/gcc/nios2-elf/4.1.2/../../../../nios2-elf/lib/libm.a(lib_a-sf_cos.o) (__kernel_cosf)
/usr/local/3rdparty/altera/quartus12/nios2eds/bin/gnu/H-i686-pc-linux-gnu/bin/../lib/gcc/nios2-elf/4.1.2/../../../../nios2-elf/lib/libm.a(lib_a-kf_rem_pio2.o)
                              /usr/local/3rdparty/altera/quartus12/nios2eds/bin/gnu/H-i686-pc-linux-gnu/bin/../lib/gcc/nios2-elf/4.1.2/../../../../nios2-elf/lib/libm.a(lib_a-ef_rem_pio2.o) (__kernel_rem_pio2f)
/usr/local/3rdparty/altera/quartus12/nios2eds/bin/gnu/H-i686-pc-linux-gnu/bin/../lib/gcc/nios2-elf/4.1.2/../../../../nios2-elf/lib/libm.a(lib_a-kf_sin.o)
                              /usr/local/3rdparty/altera/quartus12/nios2eds/bin/gnu/H-i686-pc-linux-gnu/bin/../lib/gcc/nios2-elf/4.1.2/../../../../nios2-elf/lib/libm.a(lib_a-sf_cos.o) (__kernel_sinf)
/usr/local/3rdparty/altera/quartus12/nios2eds/bin/gnu/H-i686-pc-linux-gnu/bin/../lib/gcc/nios2-elf/4.1.2/../../../../nios2-elf/lib/libm.a(lib_a-sf_fabs.o)
                              /usr/local/3rdparty/altera/quartus12/nios2eds/bin/gnu/H-i686-pc-linux-gnu/bin/../lib/gcc/nios2-elf/4.1.2/../../../../nios2-elf/lib/libm.a(lib_a-ef_rem_pio2.o) (fabsf)
/usr/local/3rdparty/altera/quartus12/nios2eds/bin/gnu/H-i686-pc-linux-gnu/bin/../lib/gcc/nios2-elf/4.1.2/../../../../nios2-elf/lib/libm.a(lib_a-sf_scalbn.o)
                              /usr/local/3rdparty/altera/quartus12/nios2eds/bin/gnu/H-i686-pc-linux-gnu/bin/../lib/gcc/nios2-elf/4.1.2/../../../../nios2-elf/lib/libm.a(lib_a-kf_rem_pio2.o) (scalbnf)
/usr/local/3rdparty/altera/quartus12/nios2eds/bin/gnu/H-i686-pc-linux-gnu/bin/../lib/gcc/nios2-elf/4.1.2/../../../../nios2-elf/lib/libm.a(lib_a-sf_copysign.o)
                              /usr/local/3rdparty/altera/quartus12/nios2eds/bin/gnu/H-i686-pc-linux-gnu/bin/../lib/gcc/nios2-elf/4.1.2/../../../../nios2-elf/lib/libm.a(lib_a-sf_scalbn.o) (copysignf)
/usr/local/3rdparty/altera/quartus12/nios2eds/bin/gnu/H-i686-pc-linux-gnu/bin/../lib/gcc/nios2-elf/4.1.2/libgcc.a(_addsub_sf.o)
                              /usr/local/3rdparty/altera/quartus12/nios2eds/bin/gnu/H-i686-pc-linux-gnu/bin/../lib/gcc/nios2-elf/4.1.2/../../../../nios2-elf/lib/libm.a(lib_a-sf_cos.o) (__subsf3)
/usr/local/3rdparty/altera/quartus12/nios2eds/bin/gnu/H-i686-pc-linux-gnu/bin/../lib/gcc/nios2-elf/4.1.2/libgcc.a(_mul_sf.o)
                              /usr/local/3rdparty/altera/quartus12/nios2eds/bin/gnu/H-i686-pc-linux-gnu/bin/../lib/gcc/nios2-elf/4.1.2/../../../../nios2-elf/lib/libm.a(lib_a-ef_rem_pio2.o) (__mulsf3)
/usr/local/3rdparty/altera/quartus12/nios2eds/bin/gnu/H-i686-pc-linux-gnu/bin/../lib/gcc/nios2-elf/4.1.2/libgcc.a(_eq_sf.o)
                              /usr/local/3rdparty/altera/quartus12/nios2eds/bin/gnu/H-i686-pc-linux-gnu/bin/../lib/gcc/nios2-elf/4.1.2/../../../../nios2-elf/lib/libm.a(lib_a-ef_rem_pio2.o) (__eqsf2)
/usr/local/3rdparty/altera/quartus12/nios2eds/bin/gnu/H-i686-pc-linux-gnu/bin/../lib/gcc/nios2-elf/4.1.2/libgcc.a(_gt_sf.o)
                              /usr/local/3rdparty/altera/quartus12/nios2eds/bin/gnu/H-i686-pc-linux-gnu/bin/../lib/gcc/nios2-elf/4.1.2/../../../../nios2-elf/lib/libm.a(lib_a-sf_floor.o) (__gtsf2)
/usr/local/3rdparty/altera/quartus12/nios2eds/bin/gnu/H-i686-pc-linux-gnu/bin/../lib/gcc/nios2-elf/4.1.2/libgcc.a(_ge_sf.o)
                              obj/default/hello_world.o (__gesf2)
/usr/local/3rdparty/altera/quartus12/nios2eds/bin/gnu/H-i686-pc-linux-gnu/bin/../lib/gcc/nios2-elf/4.1.2/libgcc.a(_lt_sf.o)
                              obj/default/hello_world.o (__ltsf2)
[...]
Memory Configuration

Name             Origin             Length             Attributes
reset            0x08000000         0x00000020
sdram_0          0x08000020         0x07ffffe0
cfi_flash_0      0x10800000         0x00800000
sram_0           0x11000000         0x00200000
*default*        0x00000000         0xffffffff

Linker script and memory map

LOAD ../lights_bsp//obj/HAL/src/crt0.o
LOAD obj/default/hello_world.o
LOAD /usr/local/3rdparty/altera/quartus12/nios2eds/bin/gnu/H-i686-pc-linux-gnu/bin/../lib/gcc/nios2-elf/4.1.2/../../../../nios2-elf/lib/libstdc++.a
LOAD /usr/local/3rdparty/altera/quartus12/nios2eds/bin/gnu/H-i686-pc-linux-gnu/bin/../lib/gcc/nios2-elf/4.1.2/../../../../nios2-elf/lib/libm.a
LOAD /usr/local/3rdparty/altera/quartus12/nios2eds/bin/gnu/H-i686-pc-linux-gnu/bin/../lib/gcc/nios2-elf/4.1.2/libgcc.a
START GROUP
LOAD /usr/local/3rdparty/altera/quartus12/nios2eds/bin/gnu/H-i686-pc-linux-gnu/bin/../lib/gcc/nios2-elf/4.1.2/../../../../nios2-elf/lib/libc.a
LOAD /usr/local/3rdparty/altera/quartus12/nios2eds/bin/gnu/H-i686-pc-linux-gnu/bin/../lib/gcc/nios2-elf/4.1.2/libgcc.a
LOAD ../lights_bsp//libhal_bsp.a
END GROUP
LOAD /usr/local/3rdparty/altera/quartus12/nios2eds/bin/gnu/H-i686-pc-linux-gnu/bin/../lib/gcc/nios2-elf/4.1.2/libgcc.a
                0x08000000                __alt_mem_sdram_0 = 0x8000000
                0x10800000                __alt_mem_cfi_flash_0 = 0x10800000
                0x11000000                __alt_mem_sram_0 = 0x11000000

.entry          0x08000000       0x20
 *(.entry)
 .entry         0x08000000       0x20 ../lights_bsp//obj/HAL/src/crt0.o
                0x08000000                __reset

.exceptions     0x08000020      0x194
                0x08000020                PROVIDE (__ram_exceptions_start, ABSOLUTE (.))
                0x08000020                . = ALIGN (0x20)
 *(.irq)
 *(.exceptions.entry.label)
 .exceptions.entry.label
                0x08000020        0x0 ../lights_bsp//libhal_bsp.a(alt_irq_entry.o)
                0x08000020                alt_irq_entry
 .exceptions.entry.label
                0x08000020        0x0 ../lights_bsp//libhal_bsp.a(alt_exception_entry.o)
                0x08000020                alt_exception
 *(.exceptions.entry.user)
 *(.exceptions.entry)
 .exceptions.entry
                0x08000020       0x54 ../lights_bsp//libhal_bsp.a(alt_exception_entry.o)
 *(.exceptions.irqtest.user)
 *(.exceptions.irqtest)
 .exceptions.irqtest
                0x08000074       0x10 ../lights_bsp//libhal_bsp.a(alt_irq_entry.o)
 *(.exceptions.irqhandler.user)
 *(.exceptions.irqhandler)
 .exceptions.irqhandler
                0x08000084        0x4 ../lights_bsp//libhal_bsp.a(alt_irq_entry.o)
 *(.exceptions.irqreturn.user)
 *(.exceptions.irqreturn)
 .exceptions.irqreturn
                0x08000088        0x4 ../lights_bsp//libhal_bsp.a(alt_irq_entry.o)
 *(.exceptions.notirq.label)
 .exceptions.notirq.label
                0x0800008c        0x0 ../lights_bsp//libhal_bsp.a(alt_irq_entry.o)
 *(.exceptions.notirq.user)
 *(.exceptions.notirq)
 .exceptions.notirq
                0x0800008c        0x8 ../lights_bsp//libhal_bsp.a(alt_exception_entry.o)
 *(.exceptions.soft.user)
 *(.exceptions.soft)
 *(.exceptions.unknown.user)
 *(.exceptions.unknown)
 .exceptions.unknown
                0x08000094        0x4 ../lights_bsp//libhal_bsp.a(alt_exception_entry.o)
 *(.exceptions.exit.label)
 .exceptions.exit.label
                0x08000098        0x0 ../lights_bsp//libhal_bsp.a(alt_irq_entry.o)
 .exceptions.exit.label
                0x08000098        0x0 ../lights_bsp//libhal_bsp.a(alt_exception_entry.o)
 *(.exceptions.exit.user)
 *(.exceptions.exit)
 .exceptions.exit
                0x08000098       0x54 ../lights_bsp//libhal_bsp.a(alt_exception_entry.o)
 *(.exceptions)
 .exceptions    0x080000ec       0xc8 ../lights_bsp//libhal_bsp.a(alt_irq_handler.o)
                0x080000ec                alt_irq_handler
                0x080001b4                PROVIDE (__ram_exceptions_end, ABSOLUTE (.))
                0x08000020                PROVIDE (__flash_exceptions_start, LOADADDR (.exceptions))

.text           0x080001b4    0x16d48
                0x080001b4                PROVIDE (stext, ABSOLUTE (.))
 *(.interp)
 *(.hash)
 *(.dynsym)
 *(.dynstr)
 *(.gnu.version)
 *(.gnu.version_d)
 *(.gnu.version_r)
 *(.rel.init)
 *(.rela.init)
 *(.rel.text .rel.text.* .rel.gnu.linkonce.t.*)
 *(.rela.text .rela.text.* .rela.gnu.linkonce.t.*)
 *(.rel.fini)
 *(.rela.fini)
 *(.rel.rodata .rel.rodata.* .rel.gnu.linkonce.r.*)
 *(.rela.rodata .rela.rodata.* .rela.gnu.linkonce.r.*)
 *(.rel.data .rel.data.* .rel.gnu.linkonce.d.*)
 *(.rela.data .rela.data.* .rela.gnu.linkonce.d.*)
 *(.rel.tdata .rel.tdata.* .rel.gnu.linkonce.td.*)
 *(.rela.tdata .rela.tdata.* .rela.gnu.linkonce.td.*)
 *(.rel.tbss .rel.tbss.* .rel.gnu.linkonce.tb.*)
 *(.rela.tbss .rela.tbss.* .rela.gnu.linkonce.tb.*)
 *(.rel.ctors)
 *(.rela.ctors)
 *(.rel.dtors)
 *(.rela.dtors)
 *(.rel.got)
 *(.rela.got)
 *(.rel.sdata .rel.sdata.* .rel.gnu.linkonce.s.*)
 *(.rela.sdata .rela.sdata.* .rela.gnu.linkonce.s.*)
 *(.rel.sbss .rel.sbss.* .rel.gnu.linkonce.sb.*)
 *(.rela.sbss .rela.sbss.* .rela.gnu.linkonce.sb.*)
 *(.rel.sdata2 .rel.sdata2.* .rel.gnu.linkonce.s2.*)
 *(.rela.sdata2 .rela.sdata2.* .rela.gnu.linkonce.s2.*)
 *(.rel.sbss2 .rel.sbss2.* .rel.gnu.linkonce.sb2.*)
 *(.rela.sbss2 .rela.sbss2.* .rela.gnu.linkonce.sb2.*)
 *(.rel.bss .rel.bss.* .rel.gnu.linkonce.b.*)
 *(.rela.bss .rela.bss.* .rela.gnu.linkonce.b.*)
 *(.rel.plt)
 *(.rela.plt)
 *(.rel.dyn)
 *(.init)
 *(.plt)
 *(.text .stub .text.* .gnu.linkonce.t.*)
 .text          0x080001b4       0x4c ../lights_bsp//obj/HAL/src/crt0.o
                0x080001b4                _start
 .text          0x08000200     0x1004 obj/default/hello_world.o
                0x08000200                main
 .text          0x08001204       0xc0 /usr/local/3rdparty/altera/quartus12/nios2eds/bin/gnu/H-i686-pc-linux-gnu/bin/../lib/gcc/nios2-elf/4.1.2/../../../../nios2-elf/lib/libm.a(lib_a-sf_cos.o)
                0x08001204                cosf
 .text          0x080012c4      0x114 /usr/local/3rdparty/altera/quartus12/nios2eds/bin/gnu/H-i686-pc-linux-gnu/bin/../lib/gcc/nios2-elf/4.1.2/../../../../nios2-elf/lib/libm.a(lib_a-sf_floor.o)
                0x080012c4                floorf
 .text          0x080013d8       0xc0 /usr/local/3rdparty/altera/quartus12/nios2eds/bin/gnu/H-i686-pc-linux-gnu/bin/../lib/gcc/nios2-elf/4.1.2/../../../../nios2-elf/lib/libm.a(lib_a-sf_sin.o)
                0x080013d8                sinf
 .text          0x08001498      0x53c /usr/local/3rdparty/altera/quartus12/nios2eds/bin/gnu/H-i686-pc-linux-gnu/bin/../lib/gcc/nios2-elf/4.1.2/../../../../nios2-elf/lib/libm.a(lib_a-ef_rem_pio2.o)
                0x08001498                __ieee754_rem_pio2f
 .text          0x080019d4      0x2bc /usr/local/3rdparty/altera/quartus12/nios2eds/bin/gnu/H-i686-pc-linux-gnu/bin/../lib/gcc/nios2-elf/4.1.2/../../../../nios2-elf/lib/libm.a(lib_a-kf_cos.o)
                0x080019d4                __kernel_cosf
 .text          0x08001c90      0xa90 /usr/local/3rdparty/altera/quartus12/nios2eds/bin/gnu/H-i686-pc-linux-gnu/bin/../lib/gcc/nios2-elf/4.1.2/../../../../nios2-elf/lib/libm.a(lib_a-kf_rem_pio2.o)
                0x08001c90                __kernel_rem_pio2f
 .text          0x08002720      0x1bc /usr/local/3rdparty/altera/quartus12/nios2eds/bin/gnu/H-i686-pc-linux-gnu/bin/../lib/gcc/nios2-elf/4.1.2/../../../../nios2-elf/lib/libm.a(lib_a-kf_sin.o)
                0x08002720                __kernel_sinf
 .text          0x080028dc       0x10 /usr/local/3rdparty/altera/quartus12/nios2eds/bin/gnu/H-i686-pc-linux-gnu/bin/../lib/gcc/nios2-elf/4.1.2/../../../../nios2-elf/lib/libm.a(lib_a-sf_fabs.o)
                0x080028dc                fabsf
 .text          0x080028ec      0x14c /usr/local/3rdparty/altera/quartus12/nios2eds/bin/gnu/H-i686-pc-linux-gnu/bin/../lib/gcc/nios2-elf/4.1.2/../../../../nios2-elf/lib/libm.a(lib_a-sf_scalbn.o)
                0x080028ec                scalbnf
 .text          0x08002a38       0x18 /usr/local/3rdparty/altera/quartus12/nios2eds/bin/gnu/H-i686-pc-linux-gnu/bin/../lib/gcc/nios2-elf/4.1.2/../../../../nios2-elf/lib/libm.a(lib_a-sf_copysign.o)
                0x08002a38                copysignf
 .text          0x08002a50      0x2b8 /usr/local/3rdparty/altera/quartus12/nios2eds/bin/gnu/H-i686-pc-linux-gnu/bin/../lib/gcc/nios2-elf/4.1.2/libgcc.a(_addsub_sf.o)
                0x08002c34                __subsf3
                0x08002ca4                __addsf3
 .text          0x08002d08      0x1e0 /usr/local/3rdparty/altera/quartus12/nios2eds/bin/gnu/H-i686-pc-linux-gnu/bin/../lib/gcc/nios2-elf/4.1.2/libgcc.a(_mul_sf.o)
                0x08002d08                __mulsf3
 .text          0x08002ee8       0x78 /usr/local/3rdparty/altera/quartus12/nios2eds/bin/gnu/H-i686-pc-linux-gnu/bin/../lib/gcc/nios2-elf/4.1.2/libgcc.a(_eq_sf.o)
                0x08002ee8                __eqsf2
 .text          0x08002f60       0x78 /usr/local/3rdparty/altera/quartus12/nios2eds/bin/gnu/H-i686-pc-linux-gnu/bin/../lib/gcc/nios2-elf/4.1.2/libgcc.a(_gt_sf.o)
                0x08002f60                __gtsf2
 .text          0x08002fd8       0x78 /usr/local/3rdparty/altera/quartus12/nios2eds/bin/gnu/H-i686-pc-linux-gnu/bin/../lib/gcc/nios2-elf/4.1.2/libgcc.a(_ge_sf.o)
                0x08002fd8                __gesf2
 .text          0x08003050       0x78 /usr/local/3rdparty/altera/quartus12/nios2eds/bin/gnu/H-i686-pc-linux-gnu/bin/../lib/gcc/nios2-elf/4.1.2/libgcc.a(_lt_sf.o)
                0x08003050                __ltsf2
 .text          0x080030c8       0x78 /usr/local/3rdparty/altera/quartus12/nios2eds/bin/gnu/H-i686-pc-linux-gnu/bin/../lib/gcc/nios2-elf/4.1.2/libgcc.a(_le_sf.o)
                0x080030c8                __lesf2
 .text          0x08003140       0x98 /usr/local/3rdparty/altera/quartus12/nios2eds/bin/gnu/H-i686-pc-linux-gnu/bin/../lib/gcc/nios2-elf/4.1.2/libgcc.a(_si_to_sf.o)
                0x08003140                __floatsisf
 .text          0x080031d8       0x94 /usr/local/3rdparty/altera/quartus12/nios2eds/bin/gnu/H-i686-pc-linux-gnu/bin/../lib/gcc/nios2-elf/4.1.2/libgcc.a(_sf_to_si.o)
                0x080031d8                __fixsfsi
 .text          0x0800326c       0x54 /usr/local/3rdparty/altera/quartus12/nios2eds/bin/gnu/H-i686-pc-linux-gnu/bin/../lib/gcc/nios2-elf/4.1.2/libgcc.a(_sf_to_df.o)
                0x0800326c                __extendsfdf2
 .text          0x080032c0        0x0 /usr/local/3rdparty/altera/quartus12/nios2eds/bin/gnu/H-i686-pc-linux-gnu/bin/../lib/gcc/nios2-elf/4.1.2/libgcc.a(_thenan_sf.o)
 .text          0x080032c0       0x38 /usr/local/3rdparty/altera/quartus12/nios2eds/bin/gnu/H-i686-pc-linux-gnu/bin/../lib/gcc/nios2-elf/4.1.2/libgcc.a(_make_df.o)
                0x080032c0                __make_dp
 .text          0x080032f8      0x14c /usr/local/3rdparty/altera/quartus12/nios2eds/bin/gnu/H-i686-pc-linux-gnu/bin/../lib/gcc/nios2-elf/4.1.2/libgcc.a(lib2-divmod.o)
                0x08003374                __divsi3
                0x080033d4                __modsi3
                0x08003434                __udivsi3
                0x0800343c                __umodsi3
 .text          0x08003444       0x98 /usr/local/3rdparty/altera/quartus12/nios2eds/bin/gnu/H-i686-pc-linux-gnu/bin/../lib/gcc/nios2-elf/4.1.2/libgcc.a(_muldi3.o)
                0x08003444                __muldi3
 .text          0x080034dc       0x80 /usr/local/3rdparty/altera/quartus12/nios2eds/bin/gnu/H-i686-pc-linux-gnu/bin/../lib/gcc/nios2-elf/4.1.2/libgcc.a(_clzsi2.o)
                0x080034dc                __clzsi2
 .text          0x0800355c      0x160 /usr/local/3rdparty/altera/quartus12/nios2eds/bin/gnu/H-i686-pc-linux-gnu/bin/../lib/gcc/nios2-elf/4.1.2/libgcc.a(_pack_sf.o)
                0x0800355c                __pack_f
 .text          0x080036bc       0xc8 /usr/local/3rdparty/altera/quartus12/nios2eds/bin/gnu/H-i686-pc-linux-gnu/bin/../lib/gcc/nios2-elf/4.1.2/libgcc.a(_unpack_sf.o)
                0x080036bc                __unpack_f
 .text          0x08003784       0xa8 /usr/local/3rdparty/altera/quartus12/nios2eds/bin/gnu/H-i686-pc-linux-gnu/bin/../lib/gcc/nios2-elf/4.1.2/libgcc.a(_fpcmp_parts_sf.o)
                0x08003784                __fpcmp_parts_f
 .text          0x0800382c      0x314 /usr/local/3rdparty/altera/quartus12/nios2eds/bin/gnu/H-i686-pc-linux-gnu/bin/../lib/gcc/nios2-elf/4.1.2/libgcc.a(_pack_df.o)
                0x0800382c                __pack_d
 .text          0x08003b40        0x0 /usr/local/3rdparty/altera/quartus12/nios2eds/bin/gnu/H-i686-pc-linux-gnu/bin/../lib/gcc/nios2-elf/4.1.2/libgcc.a(_clz.o)
 .text          0x08003b40      0x110 /usr/local/3rdparty/altera/quartus12/nios2eds/bin/gnu/H-i686-pc-linux-gnu/bin/../lib/gcc/nios2-elf/4.1.2/../../../../nios2-elf/lib/libc.a(lib_a-fopen.o)
                0x08003b40                _fopen_r
                0x08003c34                fopen
 .text          0x08003c50      0x23c /usr/local/3rdparty/altera/quartus12/nios2eds/bin/gnu/H-i686-pc-linux-gnu/bin/../lib/gcc/nios2-elf/4.1.2/../../../../nios2-elf/lib/libc.a(lib_a-fread.o)
                0x08003c50                _fread_r
                0x08003e4c                fread
 .text          0x08003e8c      0x440 /usr/local/3rdparty/altera/quartus12/nios2eds/bin/gnu/H-i686-pc-linux-gnu/bin/../lib/gcc/nios2-elf/4.1.2/../../../../nios2-elf/lib/libc.a(lib_a-freer.o)
                0x08003e8c                _malloc_trim_r
                0x08003fb8                _free_r
 .text          0x080042cc      0x460 /usr/local/3rdparty/altera/quartus12/nios2eds/bin/gnu/H-i686-pc-linux-gnu/bin/../lib/gcc/nios2-elf/4.1.2/../../../../nios2-elf/lib/libc.a(lib_a-fseek.o)
                0x080042cc                _fseek_r
                0x08004708                fseek
 .text          0x0800472c       0x74 /usr/local/3rdparty/altera/quartus12/nios2eds/bin/gnu/H-i686-pc-linux-gnu/bin/../lib/gcc/nios2-elf/4.1.2/../../../../nios2-elf/lib/libc.a(lib_a-fstatr.o)
                0x0800472c                _fstat_r
 .text          0x080047a0        0x0 /usr/local/3rdparty/altera/quartus12/nios2eds/bin/gnu/H-i686-pc-linux-gnu/bin/../lib/gcc/nios2-elf/4.1.2/../../../../nios2-elf/lib/libc.a(lib_a-impure.o)
 .text          0x080047a0        0x0 /usr/local/3rdparty/altera/quartus12/nios2eds/bin/gnu/H-i686-pc-linux-gnu/bin/../lib/gcc/nios2-elf/4.1.2/../../../../nios2-elf/lib/libc.a(lib_a-int_errno.o)
 .text          0x080047a0      0x194 /usr/local/3rdparty/altera/quartus12/nios2eds/bin/gnu/H-i686-pc-linux-gnu/bin/../lib/gcc/nios2-elf/4.1.2/../../../../nios2-elf/lib/libc.a(lib_a-makebuf.o)
                0x080047a0                __smakebuf_r
 .text          0x08004934       0x28 /usr/local/3rdparty/altera/quartus12/nios2eds/bin/gnu/H-i686-pc-linux-gnu/bin/../lib/gcc/nios2-elf/4.1.2/../../../../nios2-elf/lib/libc.a(lib_a-malloc.o)
                0x08004934                free
                0x08004948                malloc
 .text          0x0800495c      0x740 /usr/local/3rdparty/altera/quartus12/nios2eds/bin/gnu/H-i686-pc-linux-gnu/bin/../lib/gcc/nios2-elf/4.1.2/../../../../nios2-elf/lib/libc.a(lib_a-mallocr.o)
                0x0800495c                _malloc_r
 .text          0x0800509c       0xa0 /usr/local/3rdparty/altera/quartus12/nios2eds/bin/gnu/H-i686-pc-linux-gnu/bin/../lib/gcc/nios2-elf/4.1.2/../../../../nios2-elf/lib/libc.a(lib_a-memcpy.o)
                0x0800509c                memcpy
 .text          0x0800513c       0x78 /usr/local/3rdparty/altera/quartus12/nios2eds/bin/gnu/H-i686-pc-linux-gnu/bin/../lib/gcc/nios2-elf/4.1.2/../../../../nios2-elf/lib/libc.a(lib_a-openr.o)
                0x0800513c                _open_r
 .text          0x080051b4       0x80 /usr/local/3rdparty/altera/quartus12/nios2eds/bin/gnu/H-i686-pc-linux-gnu/bin/../lib/gcc/nios2-elf/4.1.2/../../../../nios2-elf/lib/libc.a(lib_a-perror.o)
                0x080051b4                _perror_r
                0x08005220                perror
 .text          0x08005234       0x78 /usr/local/3rdparty/altera/quartus12/nios2eds/bin/gnu/H-i686-pc-linux-gnu/bin/../lib/gcc/nios2-elf/4.1.2/../../../../nios2-elf/lib/libc.a(lib_a-printf.o)
                0x08005234                printf
                0x08005278                _printf_r
 .text          0x080052ac       0xb4 /usr/local/3rdparty/altera/quartus12/nios2eds/bin/gnu/H-i686-pc-linux-gnu/bin/../lib/gcc/nios2-elf/4.1.2/../../../../nios2-elf/lib/libc.a(lib_a-puts.o)
                0x080052ac                _puts_r
                0x0800534c                puts
 .text          0x08005360      0x1e0 /usr/local/3rdparty/altera/quartus12/nios2eds/bin/gnu/H-i686-pc-linux-gnu/bin/../lib/gcc/nios2-elf/4.1.2/../../../../nios2-elf/lib/libc.a(lib_a-refill.o)
                0x08005360                __srefill_r
 .text          0x08005540       0x70 /usr/local/3rdparty/altera/quartus12/nios2eds/bin/gnu/H-i686-pc-linux-gnu/bin/../lib/gcc/nios2-elf/4.1.2/../../../../nios2-elf/lib/libc.a(lib_a-sbrkr.o)
                0x08005540                _sbrk_r
 .text          0x080055b0      0x14c /usr/local/3rdparty/altera/quartus12/nios2eds/bin/gnu/H-i686-pc-linux-gnu/bin/../lib/gcc/nios2-elf/4.1.2/../../../../nios2-elf/lib/libc.a(lib_a-stdio.o)
                0x080055b0                __sclose
                0x080055b8                __sseek
                0x08005620                __swrite
                0x0800569c                __sread
 .text          0x080056fc      0x674 /usr/local/3rdparty/altera/quartus12/nios2eds/bin/gnu/H-i686-pc-linux-gnu/bin/../lib/gcc/nios2-elf/4.1.2/../../../../nios2-elf/lib/libc.a(lib_a-strerror.o)
                0x080056fc                strerror
 .text          0x08005d70       0x74 /usr/local/3rdparty/altera/quartus12/nios2eds/bin/gnu/H-i686-pc-linux-gnu/bin/../lib/gcc/nios2-elf/4.1.2/../../../../nios2-elf/lib/libc.a(lib_a-strlen.o)
                0x08005d70                strlen
 .text          0x08005de4        0x8 /usr/local/3rdparty/altera/quartus12/nios2eds/bin/gnu/H-i686-pc-linux-gnu/bin/../lib/gcc/nios2-elf/4.1.2/../../../../nios2-elf/lib/libc.a(lib_a-u_strerr.o)
                0x08005de4                _user_strerror
 .text          0x08005dec     0x1f28 /usr/local/3rdparty/altera/quartus12/nios2eds/bin/gnu/H-i686-pc-linux-gnu/bin/../lib/gcc/nios2-elf/4.1.2/../../../../nios2-elf/lib/libc.a(lib_a-vfprintf.o)
                0x08005e44                ___vfprintf_internal_r
                0x08007cf0                __vfprintf_internal
 .text          0x08007d14       0x78 /usr/local/3rdparty/altera/quartus12/nios2eds/bin/gnu/H-i686-pc-linux-gnu/bin/../lib/gcc/nios2-elf/4.1.2/../../../../nios2-elf/lib/libc.a(lib_a-writer.o)
                0x08007d14                _write_r
 .text          0x08007d8c      0x13c /usr/local/3rdparty/altera/quartus12/nios2eds/bin/gnu/H-i686-pc-linux-gnu/bin/../lib/gcc/nios2-elf/4.1.2/../../../../nios2-elf/lib/libc.a(lib_a-wsetup.o)
                0x08007d8c                __swsetup_r
 .text          0x08007ec8       0x70 /usr/local/3rdparty/altera/quartus12/nios2eds/bin/gnu/H-i686-pc-linux-gnu/bin/../lib/gcc/nios2-elf/4.1.2/../../../../nios2-elf/lib/libc.a(lib_a-closer.o)
                0x08007ec8                _close_r
 .text          0x08007f38     0x17cc /usr/local/3rdparty/altera/quartus12/nios2eds/bin/gnu/H-i686-pc-linux-gnu/bin/../lib/gcc/nios2-elf/4.1.2/../../../../nios2-elf/lib/libc.a(lib_a-dtoa.o)
                0x08008150                _dtoa_r
 .text          0x08009704      0x230 /usr/local/3rdparty/altera/quartus12/nios2eds/bin/gnu/H-i686-pc-linux-gnu/bin/../lib/gcc/nios2-elf/4.1.2/../../../../nios2-elf/lib/libc.a(lib_a-fflush.o)
                0x08009704                _fflush_r
                0x08009900                fflush
 .text          0x08009934      0x2c0 /usr/local/3rdparty/altera/quartus12/nios2eds/bin/gnu/H-i686-pc-linux-gnu/bin/../lib/gcc/nios2-elf/4.1.2/../../../../nios2-elf/lib/libc.a(lib_a-findfp.o)
                0x0800998c                __sfp_lock_acquire
                0x08009990                __sfp_lock_release
                0x08009994                __sinit_lock_acquire
                0x08009998                __sinit_lock_release
                0x0800999c                __sinit
                0x08009a50                __fp_unlock_all
                0x08009a68                __fp_lock_all
                0x08009a80                _cleanup_r
                0x08009a8c                _cleanup
                0x08009a9c                __sfmoreglue
                0x08009b04                __sfp
 .text          0x08009bf4       0xa0 /usr/local/3rdparty/altera/quartus12/nios2eds/bin/gnu/H-i686-pc-linux-gnu/bin/../lib/gcc/nios2-elf/4.1.2/../../../../nios2-elf/lib/libc.a(lib_a-flags.o)
                0x08009bf4                __sflags
 .text          0x08009c94       0xbc /usr/local/3rdparty/altera/quartus12/nios2eds/bin/gnu/H-i686-pc-linux-gnu/bin/../lib/gcc/nios2-elf/4.1.2/../../../../nios2-elf/lib/libc.a(lib_a-fputc.o)
                0x08009c94                fputc
                0x08009cf8                _fputc_r
 .text          0x08009d50       0x90 /usr/local/3rdparty/altera/quartus12/nios2eds/bin/gnu/H-i686-pc-linux-gnu/bin/../lib/gcc/nios2-elf/4.1.2/../../../../nios2-elf/lib/libc.a(lib_a-fputs.o)
                0x08009d50                _fputs_r
                0x08009dc4                fputs
 .text          0x08009de0      0x49c /usr/local/3rdparty/altera/quartus12/nios2eds/bin/gnu/H-i686-pc-linux-gnu/bin/../lib/gcc/nios2-elf/4.1.2/../../../../nios2-elf/lib/libc.a(lib_a-fvwrite.o)
                0x08009de0                __sfvwrite_r
 .text          0x0800a27c      0x180 /usr/local/3rdparty/altera/quartus12/nios2eds/bin/gnu/H-i686-pc-linux-gnu/bin/../lib/gcc/nios2-elf/4.1.2/../../../../nios2-elf/lib/libc.a(lib_a-fwalk.o)
                0x0800a27c                _fwalk_reent
                0x0800a344                _fwalk
 .text          0x0800a3fc       0x70 /usr/local/3rdparty/altera/quartus12/nios2eds/bin/gnu/H-i686-pc-linux-gnu/bin/../lib/gcc/nios2-elf/4.1.2/../../../../nios2-elf/lib/libc.a(lib_a-isattyr.o)
                0x0800a3fc                _isatty_r
 .text          0x0800a46c       0xc4 /usr/local/3rdparty/altera/quartus12/nios2eds/bin/gnu/H-i686-pc-linux-gnu/bin/../lib/gcc/nios2-elf/4.1.2/../../../../nios2-elf/lib/libc.a(lib_a-locale.o)
                0x0800a46c                __locale_charset
                0x0800a474                _localeconv_r
                0x0800a480                localeconv
                0x0800a490                _setlocale_r
                0x0800a514                setlocale
 .text          0x0800a530       0x78 /usr/local/3rdparty/altera/quartus12/nios2eds/bin/gnu/H-i686-pc-linux-gnu/bin/../lib/gcc/nios2-elf/4.1.2/../../../../nios2-elf/lib/libc.a(lib_a-lseekr.o)
                0x0800a530                _lseek_r
 .text          0x0800a5a8       0xe4 /usr/local/3rdparty/altera/quartus12/nios2eds/bin/gnu/H-i686-pc-linux-gnu/bin/../lib/gcc/nios2-elf/4.1.2/../../../../nios2-elf/lib/libc.a(lib_a-memchr.o)
                0x0800a5a8                memchr
 .text          0x0800a68c       0xe0 /usr/local/3rdparty/altera/quartus12/nios2eds/bin/gnu/H-i686-pc-linux-gnu/bin/../lib/gcc/nios2-elf/4.1.2/../../../../nios2-elf/lib/libc.a(lib_a-memmove.o)
                0x0800a68c                memmove
 .text          0x0800a76c       0x98 /usr/local/3rdparty/altera/quartus12/nios2eds/bin/gnu/H-i686-pc-linux-gnu/bin/../lib/gcc/nios2-elf/4.1.2/../../../../nios2-elf/lib/libc.a(lib_a-memset.o)
                0x0800a76c                memset
 .text          0x0800a804      0xff4 /usr/local/3rdparty/altera/quartus12/nios2eds/bin/gnu/H-i686-pc-linux-gnu/bin/../lib/gcc/nios2-elf/4.1.2/../../../../nios2-elf/lib/libc.a(lib_a-mprec.o)
                0x0800a804                _Bfree
                0x0800a82c                __hi0bits
                0x0800a89c                __lo0bits
                0x0800a960                __mcmp
                0x0800a9c0                __ulp
                0x0800aa40                __b2d
                0x0800ab60                __ratio
                0x0800ac10                _mprec_log10
                0x0800aca4                __copybits
                0x0800acfc                __any_on
                0x0800ad84                _Balloc
                0x0800ae40                __d2b
                0x0800afbc                __mdiff
                0x0800b148                __lshift
                0x0800b294                __multiply
                0x0800b47c                __i2b
                0x0800b4b8                __multadd
                0x0800b5b8                __pow5mult
                0x0800b6d8                __s2b
 .text          0x0800b7f8      0x1ec /usr/local/3rdparty/altera/quartus12/nios2eds/bin/gnu/H-i686-pc-linux-gnu/bin/../lib/gcc/nios2-elf/4.1.2/../../../../nios2-elf/lib/libc.a(lib_a-putc.o)
                0x0800b7f8                putc
                0x0800b8fc                _putc_r
 .text          0x0800b9e4       0x78 /usr/local/3rdparty/altera/quartus12/nios2eds/bin/gnu/H-i686-pc-linux-gnu/bin/../lib/gcc/nios2-elf/4.1.2/../../../../nios2-elf/lib/libc.a(lib_a-readr.o)
                0x0800b9e4                _read_r
 .text          0x0800ba5c      0x5f4 /usr/local/3rdparty/altera/quartus12/nios2eds/bin/gnu/H-i686-pc-linux-gnu/bin/../lib/gcc/nios2-elf/4.1.2/../../../../nios2-elf/lib/libc.a(lib_a-reallocr.o)
                0x0800ba5c                _realloc_r
 .text          0x0800c050       0x40 /usr/local/3rdparty/altera/quartus12/nios2eds/bin/gnu/H-i686-pc-linux-gnu/bin/../lib/gcc/nios2-elf/4.1.2/../../../../nios2-elf/lib/libc.a(lib_a-s_isinfd.o)
                0x0800c050                __isinfd
 .text          0x0800c090       0x30 /usr/local/3rdparty/altera/quartus12/nios2eds/bin/gnu/H-i686-pc-linux-gnu/bin/../lib/gcc/nios2-elf/4.1.2/../../../../nios2-elf/lib/libc.a(lib_a-s_isnand.o)
                0x0800c090                __isnand
 .text          0x0800c0c0       0xbc /usr/local/3rdparty/altera/quartus12/nios2eds/bin/gnu/H-i686-pc-linux-gnu/bin/../lib/gcc/nios2-elf/4.1.2/../../../../nios2-elf/lib/libc.a(lib_a-strcmp.o)
                0x0800c0c0                strcmp
 .text          0x0800c17c      0x14c /usr/local/3rdparty/altera/quartus12/nios2eds/bin/gnu/H-i686-pc-linux-gnu/bin/../lib/gcc/nios2-elf/4.1.2/../../../../nios2-elf/lib/libc.a(lib_a-wbuf.o)
                0x0800c17c                __swbuf_r
                0x0800c2ac                __swbuf
 .text          0x0800c2c8       0xb4 /usr/local/3rdparty/altera/quartus12/nios2eds/bin/gnu/H-i686-pc-linux-gnu/bin/../lib/gcc/nios2-elf/4.1.2/../../../../nios2-elf/lib/libc.a(lib_a-callocr.o)
                0x0800c2c8                _calloc_r
 .text          0x0800c37c      0x124 /usr/local/3rdparty/altera/quartus12/nios2eds/bin/gnu/H-i686-pc-linux-gnu/bin/../lib/gcc/nios2-elf/4.1.2/../../../../nios2-elf/lib/libc.a(lib_a-fclose.o)
                0x0800c37c                _fclose_r
                0x0800c48c                fclose
 .text          0x0800c4a0      0x5dc /usr/local/3rdparty/altera/quartus12/nios2eds/bin/gnu/H-i686-pc-linux-gnu/bin/../lib/gcc/nios2-elf/4.1.2/libgcc.a(_udivdi3.o)
                0x0800c4a0                __udivdi3
 .text          0x0800ca7c      0x5b0 /usr/local/3rdparty/altera/quartus12/nios2eds/bin/gnu/H-i686-pc-linux-gnu/bin/../lib/gcc/nios2-elf/4.1.2/libgcc.a(_umoddi3.o)
                0x0800ca7c                __umoddi3
 .text          0x0800d02c      0x504 /usr/local/3rdparty/altera/quartus12/nios2eds/bin/gnu/H-i686-pc-linux-gnu/bin/../lib/gcc/nios2-elf/4.1.2/libgcc.a(_addsub_df.o)
                0x0800d43c                __subdf3
                0x0800d4bc                __adddf3
 .text          0x0800d530      0x3c4 /usr/local/3rdparty/altera/quartus12/nios2eds/bin/gnu/H-i686-pc-linux-gnu/bin/../lib/gcc/nios2-elf/4.1.2/libgcc.a(_mul_df.o)
                0x0800d530                __muldf3
 .text          0x0800d8f4      0x258 /usr/local/3rdparty/altera/quartus12/nios2eds/bin/gnu/H-i686-pc-linux-gnu/bin/../lib/gcc/nios2-elf/4.1.2/libgcc.a(_div_df.o)
                0x0800d8f4                __divdf3
 .text          0x0800db4c       0x88 /usr/local/3rdparty/altera/quartus12/nios2eds/bin/gnu/H-i686-pc-linux-gnu/bin/../lib/gcc/nios2-elf/4.1.2/libgcc.a(_eq_df.o)
                0x0800db4c                __eqdf2
 .text          0x0800dbd4       0x88 /usr/local/3rdparty/altera/quartus12/nios2eds/bin/gnu/H-i686-pc-linux-gnu/bin/../lib/gcc/nios2-elf/4.1.2/libgcc.a(_ne_df.o)
                0x0800dbd4                __nedf2
 .text          0x0800dc5c       0x88 /usr/local/3rdparty/altera/quartus12/nios2eds/bin/gnu/H-i686-pc-linux-gnu/bin/../lib/gcc/nios2-elf/4.1.2/libgcc.a(_gt_df.o)
                0x0800dc5c                __gtdf2
 .text          0x0800dce4       0x88 /usr/local/3rdparty/altera/quartus12/nios2eds/bin/gnu/H-i686-pc-linux-gnu/bin/../lib/gcc/nios2-elf/4.1.2/libgcc.a(_ge_df.o)
                0x0800dce4                __gedf2
 .text          0x0800dd6c       0x88 /usr/local/3rdparty/altera/quartus12/nios2eds/bin/gnu/H-i686-pc-linux-gnu/bin/../lib/gcc/nios2-elf/4.1.2/libgcc.a(_lt_df.o)
                0x0800dd6c                __ltdf2
 .text          0x0800ddf4       0xf8 /usr/local/3rdparty/altera/quartus12/nios2eds/bin/gnu/H-i686-pc-linux-gnu/bin/../lib/gcc/nios2-elf/4.1.2/libgcc.a(_si_to_df.o)
                0x0800ddf4                __floatsidf
 .text          0x0800deec       0xd8 /usr/local/3rdparty/altera/quartus12/nios2eds/bin/gnu/H-i686-pc-linux-gnu/bin/../lib/gcc/nios2-elf/4.1.2/libgcc.a(_df_to_si.o)
                0x0800deec                __fixdfsi
 .text          0x0800dfc4        0x0 /usr/local/3rdparty/altera/quartus12/nios2eds/bin/gnu/H-i686-pc-linux-gnu/bin/../lib/gcc/nios2-elf/4.1.2/libgcc.a(_thenan_df.o)
 .text          0x0800dfc4      0x194 /usr/local/3rdparty/altera/quartus12/nios2eds/bin/gnu/H-i686-pc-linux-gnu/bin/../lib/gcc/nios2-elf/4.1.2/libgcc.a(_usi_to_df.o)
                0x0800dfc4                __floatunsidf
 .text          0x0800e158      0x138 /usr/local/3rdparty/altera/quartus12/nios2eds/bin/gnu/H-i686-pc-linux-gnu/bin/../lib/gcc/nios2-elf/4.1.2/libgcc.a(_unpack_df.o)
                0x0800e158                __unpack_d
 .text          0x0800e290       0xc8 /usr/local/3rdparty/altera/quartus12/nios2eds/bin/gnu/H-i686-pc-linux-gnu/bin/../lib/gcc/nios2-elf/4.1.2/libgcc.a(_fpcmp_parts_df.o)
                0x0800e290                __fpcmp_parts_d
 .text          0x0800e358      0x15c ../lights_bsp//libhal_bsp.a(alt_close.o)
                0x0800e358                close
 .text          0x0800e4b4       0x2c ../lights_bsp//libhal_bsp.a(alt_dev.o)
 .text          0x0800e4e0        0x0 ../lights_bsp//libhal_bsp.a(alt_errno.o)
 .text          0x0800e4e0      0x134 ../lights_bsp//libhal_bsp.a(alt_fstat.o)
                0x0800e4e0                fstat
 .text          0x0800e614      0x120 ../lights_bsp//libhal_bsp.a(alt_isatty.o)
                0x0800e614                isatty
 .text          0x0800e734       0xec ../lights_bsp//libhal_bsp.a(alt_load.o)
                0x0800e734                alt_load
 .text          0x0800e820      0x150 ../lights_bsp//libhal_bsp.a(alt_lseek.o)
                0x0800e820                lseek
 .text          0x0800e970       0x6c ../lights_bsp//libhal_bsp.a(alt_main.o)
                0x0800e970                alt_main
 .text          0x0800e9dc       0x40 ../lights_bsp//libhal_bsp.a(alt_malloc_lock.o)
                0x0800e9dc                __malloc_lock
                0x0800e9fc                __malloc_unlock
 .text          0x0800ea1c      0x2c4 ../lights_bsp//libhal_bsp.a(alt_open.o)
                0x0800eaf8                open
 .text          0x0800ece0      0x180 ../lights_bsp//libhal_bsp.a(alt_read.o)
                0x0800ece0                read
 .text          0x0800ee60       0x60 ../lights_bsp//libhal_bsp.a(alt_release_fd.o)
                0x0800ee60                alt_release_fd
 .text          0x0800eec0       0xbc ../lights_bsp//libhal_bsp.a(alt_sbrk.o)
                0x0800eec0                sbrk
 .text          0x0800ef7c      0x180 ../lights_bsp//libhal_bsp.a(alt_write.o)
                0x0800ef7c                write
 .text          0x0800f0fc      0x3b4 ../lights_bsp//libhal_bsp.a(alt_sys_init.o)
                0x0800f0fc                alt_irq_init
                0x0800f130                alt_sys_init
 .text          0x0800f4b0      0x8c8 ../lights_bsp//libhal_bsp.a(altera_avalon_cfi_flash.o)
                0x0800f4b0                alt_flash_cfi_init
                0x0800f584                alt_flash_cfi_write
                0x0800f844                alt_flash_cfi_get_info
                0x0800f8d4                alt_flash_cfi_read
                0x0800f93c                alt_write_value_to_flash
                0x0800faa0                alt_flash_program_block
 .text          0x0800fd78     0x1448 ../lights_bsp//libhal_bsp.a(altera_avalon_cfi_flash_table.o)
                0x0800fd78                alt_read_query_entry_8bit
                0x0800fdb8                alt_read_query_entry_16bit
                0x0800fdfc                alt_read_query_entry_32bit
                0x0800fe44                alt_write_flash_command_8bit_device_8bit_mode
                0x0800fe80                alt_write_flash_command_16bit_device_8bit_mode
                0x0800fefc                alt_write_flash_command_32bit_device_8bit_mode
                0x0800ff44                alt_write_flash_command_16bit_device_16bit_mode
                0x0800ff88                alt_write_flash_command_32bit_device_16bit_mode
                0x0800ffd0                alt_write_flash_command_32bit_device_32bit_mode
                0x08010018                alt_write_native_8bit
                0x0801004c                alt_write_native_16bit
                0x08010080                alt_write_native_32bit
                0x080100b0                alt_set_flash_width_func
                0x08010290                alt_set_flash_algorithm_func
                0x080103b8                alt_read_cfi_table
                0x08010938                alt_read_cfi_width
                0x080110e4                alt_check_primary_table
 .text          0x080111c0      0x148 ../lights_bsp//libhal_bsp.a(altera_avalon_jtag_uart_fd.o)
                0x080111c0                altera_avalon_jtag_uart_read_fd
                0x08011218                altera_avalon_jtag_uart_write_fd
                0x08011270                altera_avalon_jtag_uart_close_fd
                0x080112b8                altera_avalon_jtag_uart_ioctl_fd
 .text          0x08011308      0x40c ../lights_bsp//libhal_bsp.a(altera_avalon_jtag_uart_init.o)
                0x08011308                altera_avalon_jtag_uart_init
                0x080116a0                altera_avalon_jtag_uart_close
 .text          0x08011714       0xf4 ../lights_bsp//libhal_bsp.a(altera_avalon_jtag_uart_ioctl.o)
                0x08011714                altera_avalon_jtag_uart_ioctl
 .text          0x08011808      0x224 ../lights_bsp//libhal_bsp.a(altera_avalon_jtag_uart_read.o)
                0x08011808                altera_avalon_jtag_uart_read
 .text          0x08011a2c      0x240 ../lights_bsp//libhal_bsp.a(altera_avalon_jtag_uart_write.o)
                0x08011a2c                altera_avalon_jtag_uart_write
 .text          0x08011c6c      0xee8 ../lights_bsp//libhal_bsp.a(altera_avalon_lcd_16207.o)
                0x08012440                altera_avalon_lcd_16207_write
                0x08012a18                altera_avalon_lcd_16207_init
 .text          0x08012b54       0x58 ../lights_bsp//libhal_bsp.a(altera_avalon_lcd_16207_fd.o)
                0x08012b54                altera_avalon_lcd_16207_write_fd
 .text          0x08012bac      0x188 ../lights_bsp//libhal_bsp.a(altera_avalon_performance_counter.o)
                0x08012bac                perf_get_section_time
                0x08012c5c                perf_get_total_time
                0x08012cb0                perf_get_num_starts
                0x08012cf0                alt_get_performance_counter_base
                0x08012d10                alt_get_cpu_freq
 .text          0x08012d34      0xb70 ../lights_bsp//libhal_bsp.a(altera_ro_zipfs.o)
                0x08012fa8                check_directory_header
                0x08013500                alt_ro_zipfs_open
                0x08013598                alt_ro_zipfs_read
                0x08013694                alt_ro_zipfs_seek
                0x080137dc                alt_ro_zipfs_fstat
                0x0801384c                alt_ro_zipfs_check_valid
 .text          0x080138a4      0x304 ../lights_bsp//libhal_bsp.a(altera_up_avalon_video_character_buffer_with_dma.o)
                0x080138a4                alt_up_char_buffer_init
                0x08013928                alt_up_char_buffer_open_dev
                0x08013968                alt_up_char_buffer_draw
                0x08013a38                alt_up_char_buffer_string
                0x08013b4c                alt_up_char_buffer_clear
 .text          0x08013ba8     0x156c ../lights_bsp//libhal_bsp.a(altera_up_avalon_video_pixel_buffer_dma.o)
                0x08013ba8                alt_up_pixel_buffer_dma_open_dev
                0x08013be8                alt_up_pixel_buffer_dma_draw
                0x08013d88                alt_up_pixel_buffer_dma_change_back_buffer_address
                0x08013de0                alt_up_pixel_buffer_dma_swap_buffers
                0x08013e38                alt_up_pixel_buffer_dma_check_swap_buffers_status
                0x08013e6c                alt_up_pixel_buffer_dma_clear_screen
                0x08013fd0                alt_up_pixel_buffer_dma_draw_box
                0x080144c4                alt_up_pixel_buffer_dma_draw_hline
                0x08014814                alt_up_pixel_buffer_dma_draw_vline
                0x08014be4                alt_up_pixel_buffer_dma_draw_rectangle
                0x08014ca8                helper_plot_pixel
                0x08014d78                alt_up_pixel_buffer_dma_draw_line
 .text          0x08015114      0x154 ../lights_bsp//libhal_bsp.a(alt_alarm_start.o)
                0x08015114                alt_alarm_start
 .text          0x08015268       0x78 ../lights_bsp//libhal_bsp.a(alt_dcache_flush.o)
                0x08015268                alt_dcache_flush
 .text          0x080152e0       0x44 ../lights_bsp//libhal_bsp.a(alt_dcache_flush_all.o)
                0x080152e0                alt_dcache_flush_all
 .text          0x08015324      0x114 ../lights_bsp//libhal_bsp.a(alt_dev_llist_insert.o)
                0x08015324                alt_dev_llist_insert
 .text          0x08015438       0x64 ../lights_bsp//libhal_bsp.a(alt_do_ctors.o)
                0x08015438                _do_ctors
 .text          0x0801549c       0x64 ../lights_bsp//libhal_bsp.a(alt_do_dtors.o)
                0x0801549c                _do_dtors
 .text          0x08015500       0x94 ../lights_bsp//libhal_bsp.a(alt_find_dev.o)
                0x08015500                alt_find_dev
 .text          0x08015594      0x120 ../lights_bsp//libhal_bsp.a(alt_find_file.o)
                0x08015594                alt_find_file
 .text          0x080156b4       0xd0 ../lights_bsp//libhal_bsp.a(alt_flash_dev.o)
                0x080156b4                alt_flash_open_dev
                0x08015730                alt_flash_close_dev
 .text          0x08015784       0x90 ../lights_bsp//libhal_bsp.a(alt_fs_reg.o)
                0x08015784                alt_fs_reg
 .text          0x08015814       0xb8 ../lights_bsp//libhal_bsp.a(alt_get_fd.o)
                0x08015814                alt_get_fd
 .text          0x080158cc       0x30 ../lights_bsp//libhal_bsp.a(alt_icache_flush_all.o)
                0x080158cc                alt_icache_flush_all
 .text          0x080158fc      0x1d4 ../lights_bsp//libhal_bsp.a(alt_iic.o)
                0x080158fc                alt_ic_isr_register
                0x0801594c                alt_ic_irq_enable
                0x080159e8                alt_ic_irq_disable
                0x08015a88                alt_ic_irq_enabled
 .text          0x08015ad0       0xf8 ../lights_bsp//libhal_bsp.a(alt_iic_isr_register.o)
                0x08015ad0                alt_iic_isr_register
 .text          0x08015bc8      0x13c ../lights_bsp//libhal_bsp.a(alt_io_redirect.o)
                0x08015c8c                alt_io_redirect
 .text          0x08015d04        0x0 ../lights_bsp//libhal_bsp.a(alt_irq_entry.o)
 .text          0x08015d04        0x0 ../lights_bsp//libhal_bsp.a(alt_irq_handler.o)
 .text          0x08015d04        0x0 ../lights_bsp//libhal_bsp.a(alt_irq_vars.o)
 .text          0x08015d04      0x1a4 ../lights_bsp//libhal_bsp.a(alt_tick.o)
                0x08015d04                alt_alarm_stop
                0x08015d9c                alt_tick
 .text          0x08015ea8       0x30 ../lights_bsp//libhal_bsp.a(alt_usleep.o)
                0x08015ea8                usleep
 .text          0x08015ed8       0x20 ../lights_bsp//libhal_bsp.a(altera_nios2_irq.o)
                0x08015ed8                altera_nios2_irq_init
 .text          0x08015ef8      0x460 ../lights_bsp//libhal_bsp.a(altera_avalon_cfi_flash_amd.o)
                0x08015ef8                alt_program_amd
                0x08015f60                alt_erase_block_amd
 .text          0x08016358      0x460 ../lights_bsp//libhal_bsp.a(altera_avalon_cfi_flash_intel.o)
                0x08016358                alt_program_intel
                0x080163dc                alt_erase_block_intel
 .text          0x080167b8      0x14c ../lights_bsp//libhal_bsp.a(alt_busy_sleep.o)
                0x080167b8                alt_busy_sleep
 .text          0x08016904        0x0 ../lights_bsp//libhal_bsp.a(alt_exception_entry.o)
 .text          0x08016904       0x90 ../lights_bsp//libhal_bsp.a(alt_icache_flush.o)
                0x08016904                alt_icache_flush
 .text          0x08016994       0x14 /usr/local/3rdparty/altera/quartus12/nios2eds/bin/gnu/H-i686-pc-linux-gnu/bin/../lib/gcc/nios2-elf/4.1.2/../../../../nios2-elf/lib/libc.a(lib_a-atexit.o)
                0x08016994                atexit
 .text          0x080169a8        0x0 /usr/local/3rdparty/altera/quartus12/nios2eds/bin/gnu/H-i686-pc-linux-gnu/bin/../lib/gcc/nios2-elf/4.1.2/../../../../nios2-elf/lib/libc.a(lib_a-ctype_.o)
 .text          0x080169a8       0x38 /usr/local/3rdparty/altera/quartus12/nios2eds/bin/gnu/H-i686-pc-linux-gnu/bin/../lib/gcc/nios2-elf/4.1.2/../../../../nios2-elf/lib/libc.a(lib_a-exit.o)
                0x080169a8                exit
 .text          0x080169e0       0x74 /usr/local/3rdparty/altera/quartus12/nios2eds/bin/gnu/H-i686-pc-linux-gnu/bin/../lib/gcc/nios2-elf/4.1.2/../../../../nios2-elf/lib/libc.a(lib_a-memcmp.o)
                0x080169e0                memcmp
 .text          0x08016a54       0xf0 /usr/local/3rdparty/altera/quartus12/nios2eds/bin/gnu/H-i686-pc-linux-gnu/bin/../lib/gcc/nios2-elf/4.1.2/../../../../nios2-elf/lib/libc.a(lib_a-strncmp.o)
                0x08016a54                strncmp
 .text          0x08016b44      0x134 /usr/local/3rdparty/altera/quartus12/nios2eds/bin/gnu/H-i686-pc-linux-gnu/bin/../lib/gcc/nios2-elf/4.1.2/../../../../nios2-elf/lib/libc.a(lib_a-__atexit.o)
                0x08016b44                __register_exitproc
 .text          0x08016c78      0x1b4 /usr/local/3rdparty/altera/quartus12/nios2eds/bin/gnu/H-i686-pc-linux-gnu/bin/../lib/gcc/nios2-elf/4.1.2/../../../../nios2-elf/lib/libc.a(lib_a-__call_atexit.o)
                0x08016c7c                __call_exitprocs
 .text          0x08016e2c       0x60 ../lights_bsp//libhal_bsp.a(alt_exit.o)
                0x08016e6c                _exit
 *(.gnu.warning.*)
 *(.fini)
                0x08016e8c                PROVIDE (__etext, ABSOLUTE (.))
                0x08016e8c                PROVIDE (_etext, ABSOLUTE (.))
                0x08016e8c                PROVIDE (etext, ABSOLUTE (.))
 *(.eh_frame_hdr)
                0x08016e8c                . = ALIGN (0x4)
                0x08016e8c                PROVIDE (__preinit_array_start, ABSOLUTE (.))
 *(.preinit_array)
                0x08016e8c                PROVIDE (__preinit_array_end, ABSOLUTE (.))
                0x08016e8c                PROVIDE (__init_array_start, ABSOLUTE (.))
 *(.init_array)
                0x08016e8c                PROVIDE (__init_array_end, ABSOLUTE (.))
                0x08016e8c                PROVIDE (__fini_array_start, ABSOLUTE (.))
 *(.fini_array)
                0x08016e8c                PROVIDE (__fini_array_end, ABSOLUTE (.))
 *(.eh_frame)
 .eh_frame      0x08016e8c       0x40 /usr/local/3rdparty/altera/quartus12/nios2eds/bin/gnu/H-i686-pc-linux-gnu/bin/../lib/gcc/nios2-elf/4.1.2/libgcc.a(_udivdi3.o)
 .eh_frame      0x08016ecc       0x2c /usr/local/3rdparty/altera/quartus12/nios2eds/bin/gnu/H-i686-pc-linux-gnu/bin/../lib/gcc/nios2-elf/4.1.2/libgcc.a(_umoddi3.o)
                                 0x40 (size before relaxing)
 *(.gcc_except_table)
 *(.dynamic)
                0x08016ef8                PROVIDE (__CTOR_LIST__, ABSOLUTE (.))
 *(.ctors)
 *(SORT(.ctors.*))
 .ctors.65535   0x08016ef8        0x4 /usr/local/3rdparty/altera/quartus12/nios2eds/bin/gnu/H-i686-pc-linux-gnu/bin/../lib/gcc/nios2-elf/4.1.2/../../../../nios2-elf/lib/libc.a(lib_a-__call_atexit.o)
                0x08016efc                PROVIDE (__CTOR_END__, ABSOLUTE (.))
                0x08016efc                PROVIDE (__DTOR_LIST__, ABSOLUTE (.))
 *(.dtors)
 *(SORT(.dtors.*))
                0x08016efc                PROVIDE (__DTOR_END__, ABSOLUTE (.))
 *(.jcr)
                0x08016efc                . = ALIGN (0x4)

.rodata         0x08016efc     0x134c
                0x08016efc                PROVIDE (__ram_rodata_start, ABSOLUTE (.))
                0x08016efc                . = ALIGN (0x4)
 *(.rodata .rodata.* .gnu.linkonce.r.*)
 .rodata        0x08016efc      0x14c obj/default/hello_world.o
 .rodata        0x08017048      0x398 /usr/local/3rdparty/altera/quartus12/nios2eds/bin/gnu/H-i686-pc-linux-gnu/bin/../lib/gcc/nios2-elf/4.1.2/../../../../nios2-elf/lib/libm.a(lib_a-ef_rem_pio2.o)
 .rodata        0x080173e0       0x38 /usr/local/3rdparty/altera/quartus12/nios2eds/bin/gnu/H-i686-pc-linux-gnu/bin/../lib/gcc/nios2-elf/4.1.2/../../../../nios2-elf/lib/libm.a(lib_a-kf_rem_pio2.o)
 .rodata        0x08017418       0x10 /usr/local/3rdparty/altera/quartus12/nios2eds/bin/gnu/H-i686-pc-linux-gnu/bin/../lib/gcc/nios2-elf/4.1.2/libgcc.a(_thenan_sf.o)
                0x08017418                __thenan_sf
 .rodata        0x08017428      0x100 /usr/local/3rdparty/altera/quartus12/nios2eds/bin/gnu/H-i686-pc-linux-gnu/bin/../lib/gcc/nios2-elf/4.1.2/libgcc.a(_clz.o)
                0x08017428                __clz_tab
 .rodata.str1.4
                0x08017528        0x2 /usr/local/3rdparty/altera/quartus12/nios2eds/bin/gnu/H-i686-pc-linux-gnu/bin/../lib/gcc/nios2-elf/4.1.2/../../../../nios2-elf/lib/libc.a(lib_a-impure.o)
                                  0x4 (size before relaxing)
 *fill*         0x0801752a        0x2 00
 .rodata.str1.4
                0x0801752c        0x3 /usr/local/3rdparty/altera/quartus12/nios2eds/bin/gnu/H-i686-pc-linux-gnu/bin/../lib/gcc/nios2-elf/4.1.2/../../../../nios2-elf/lib/libc.a(lib_a-perror.o)
                                  0x4 (size before relaxing)
 *fill*         0x0801752f        0x1 00
 .rodata.str1.4
                0x08017530        0x2 /usr/local/3rdparty/altera/quartus12/nios2eds/bin/gnu/H-i686-pc-linux-gnu/bin/../lib/gcc/nios2-elf/4.1.2/../../../../nios2-elf/lib/libc.a(lib_a-puts.o)
                                  0x4 (size before relaxing)
 *fill*         0x08017532        0x2 00
 .rodata.str1.4
                0x08017534      0x7a2 /usr/local/3rdparty/altera/quartus12/nios2eds/bin/gnu/H-i686-pc-linux-gnu/bin/../lib/gcc/nios2-elf/4.1.2/../../../../nios2-elf/lib/libc.a(lib_a-strerror.o)
                                0x7a8 (size before relaxing)
 *fill*         0x08017cd6        0x2 00
 .rodata.str1.4
                0x08017cd8       0x5e /usr/local/3rdparty/altera/quartus12/nios2eds/bin/gnu/H-i686-pc-linux-gnu/bin/../lib/gcc/nios2-elf/4.1.2/../../../../nios2-elf/lib/libc.a(lib_a-vfprintf.o)
                                 0x60 (size before relaxing)
 .rodata        0x08017d36       0x20 /usr/local/3rdparty/altera/quartus12/nios2eds/bin/gnu/H-i686-pc-linux-gnu/bin/../lib/gcc/nios2-elf/4.1.2/../../../../nios2-elf/lib/libc.a(lib_a-vfprintf.o)
 *fill*         0x08017d56        0x2 00
 .rodata.str1.4
                0x08017d58       0x10 /usr/local/3rdparty/altera/quartus12/nios2eds/bin/gnu/H-i686-pc-linux-gnu/bin/../lib/gcc/nios2-elf/4.1.2/../../../../nios2-elf/lib/libc.a(lib_a-dtoa.o)
                                 0x14 (size before relaxing)
 .rodata.str1.4
                0x08017d68       0x10 /usr/local/3rdparty/altera/quartus12/nios2eds/bin/gnu/H-i686-pc-linux-gnu/bin/../lib/gcc/nios2-elf/4.1.2/../../../../nios2-elf/lib/libc.a(lib_a-locale.o)
                                 0x18 (size before relaxing)
 .rodata        0x08017d78       0x30 /usr/local/3rdparty/altera/quartus12/nios2eds/bin/gnu/H-i686-pc-linux-gnu/bin/../lib/gcc/nios2-elf/4.1.2/../../../../nios2-elf/lib/libc.a(lib_a-locale.o)
 .rodata        0x08017da8      0x124 /usr/local/3rdparty/altera/quartus12/nios2eds/bin/gnu/H-i686-pc-linux-gnu/bin/../lib/gcc/nios2-elf/4.1.2/../../../../nios2-elf/lib/libc.a(lib_a-mprec.o)
                0x08017da8                __mprec_tens
                0x08017e70                __mprec_bigtens
                0x08017e98                __mprec_tinytens
 .rodata        0x08017ecc       0x14 /usr/local/3rdparty/altera/quartus12/nios2eds/bin/gnu/H-i686-pc-linux-gnu/bin/../lib/gcc/nios2-elf/4.1.2/libgcc.a(_thenan_df.o)
                0x08017ecc                __thenan_df
 .rodata        0x08017ee0        0xc ../lights_bsp//libhal_bsp.a(alt_dev.o)
 .rodata        0x08017eec       0x20 ../lights_bsp//libhal_bsp.a(alt_main.o)
 .rodata        0x08017f0c       0x9c ../lights_bsp//libhal_bsp.a(alt_sys_init.o)
 .rodata        0x08017fa8       0x1c ../lights_bsp//libhal_bsp.a(altera_up_avalon_video_character_buffer_with_dma.o)
 .rodata        0x08017fc4      0x281 /usr/local/3rdparty/altera/quartus12/nios2eds/bin/gnu/H-i686-pc-linux-gnu/bin/../lib/gcc/nios2-elf/4.1.2/../../../../nios2-elf/lib/libc.a(lib_a-ctype_.o)
                0x08017fc4                _ctype_
 *(.rodata1)
                0x08018248                . = ALIGN (0x4)
 *fill*         0x08018245        0x3 00
                0x08018248                PROVIDE (__ram_rodata_end, ABSOLUTE (.))
                0x08016efc                PROVIDE (__flash_rodata_start, LOADADDR (.rodata))

.rwdata         0x08018248     0x1d3c load address 0x08019f84
                0x08018248                PROVIDE (__ram_rwdata_start, ABSOLUTE (.))
                0x08018248                . = ALIGN (0x4)
 *(.got.plt)
 *(.got)
 *(.data1)
 *(.data .data.* .gnu.linkonce.d.*)
 .data          0x08018248        0x0 ../lights_bsp//obj/HAL/src/crt0.o
 .data          0x08018248        0x0 obj/default/hello_world.o
 .data          0x08018248        0x0 /usr/local/3rdparty/altera/quartus12/nios2eds/bin/gnu/H-i686-pc-linux-gnu/bin/../lib/gcc/nios2-elf/4.1.2/../../../../nios2-elf/lib/libm.a(lib_a-sf_cos.o)
 .data          0x08018248        0x0 /usr/local/3rdparty/altera/quartus12/nios2eds/bin/gnu/H-i686-pc-linux-gnu/bin/../lib/gcc/nios2-elf/4.1.2/../../../../nios2-elf/lib/libm.a(lib_a-sf_floor.o)
 .data          0x08018248        0x0 /usr/local/3rdparty/altera/quartus12/nios2eds/bin/gnu/H-i686-pc-linux-gnu/bin/../lib/gcc/nios2-elf/4.1.2/../../../../nios2-elf/lib/libm.a(lib_a-sf_sin.o)
 .data          0x08018248        0x0 /usr/local/3rdparty/altera/quartus12/nios2eds/bin/gnu/H-i686-pc-linux-gnu/bin/../lib/gcc/nios2-elf/4.1.2/../../../../nios2-elf/lib/libm.a(lib_a-ef_rem_pio2.o)
 .data          0x08018248        0x0 /usr/local/3rdparty/altera/quartus12/nios2eds/bin/gnu/H-i686-pc-linux-gnu/bin/../lib/gcc/nios2-elf/4.1.2/../../../../nios2-elf/lib/libm.a(lib_a-kf_cos.o)
 .data          0x08018248        0x0 /usr/local/3rdparty/altera/quartus12/nios2eds/bin/gnu/H-i686-pc-linux-gnu/bin/../lib/gcc/nios2-elf/4.1.2/../../../../nios2-elf/lib/libm.a(lib_a-kf_rem_pio2.o)
 .data          0x08018248        0x0 /usr/local/3rdparty/altera/quartus12/nios2eds/bin/gnu/H-i686-pc-linux-gnu/bin/../lib/gcc/nios2-elf/4.1.2/../../../../nios2-elf/lib/libm.a(lib_a-kf_sin.o)
 .data          0x08018248        0x0 /usr/local/3rdparty/altera/quartus12/nios2eds/bin/gnu/H-i686-pc-linux-gnu/bin/../lib/gcc/nios2-elf/4.1.2/../../../../nios2-elf/lib/libm.a(lib_a-sf_fabs.o)
 .data          0x08018248        0x0 /usr/local/3rdparty/altera/quartus12/nios2eds/bin/gnu/H-i686-pc-linux-gnu/bin/../lib/gcc/nios2-elf/4.1.2/../../../../nios2-elf/lib/libm.a(lib_a-sf_scalbn.o)
 .data          0x08018248        0x0 /usr/local/3rdparty/altera/quartus12/nios2eds/bin/gnu/H-i686-pc-linux-gnu/bin/../lib/gcc/nios2-elf/4.1.2/../../../../nios2-elf/lib/libm.a(lib_a-sf_copysign.o)
 .data          0x08018248        0x0 /usr/local/3rdparty/altera/quartus12/nios2eds/bin/gnu/H-i686-pc-linux-gnu/bin/../lib/gcc/nios2-elf/4.1.2/libgcc.a(_addsub_sf.o)
 .data          0x08018248        0x0 /usr/local/3rdparty/altera/quartus12/nios2eds/bin/gnu/H-i686-pc-linux-gnu/bin/../lib/gcc/nios2-elf/4.1.2/libgcc.a(_mul_sf.o)
 .data          0x08018248        0x0 /usr/local/3rdparty/altera/quartus12/nios2eds/bin/gnu/H-i686-pc-linux-gnu/bin/../lib/gcc/nios2-elf/4.1.2/libgcc.a(_eq_sf.o)
 .data          0x08018248        0x0 /usr/local/3rdparty/altera/quartus12/nios2eds/bin/gnu/H-i686-pc-linux-gnu/bin/../lib/gcc/nios2-elf/4.1.2/libgcc.a(_gt_sf.o)
 .data          0x08018248        0x0 /usr/local/3rdparty/altera/quartus12/nios2eds/bin/gnu/H-i686-pc-linux-gnu/bin/../lib/gcc/nios2-elf/4.1.2/libgcc.a(_ge_sf.o)
 .data          0x08018248        0x0 /usr/local/3rdparty/altera/quartus12/nios2eds/bin/gnu/H-i686-pc-linux-gnu/bin/../lib/gcc/nios2-elf/4.1.2/libgcc.a(_lt_sf.o)
 .data          0x08018248        0x0 /usr/local/3rdparty/altera/quartus12/nios2eds/bin/gnu/H-i686-pc-linux-gnu/bin/../lib/gcc/nios2-elf/4.1.2/libgcc.a(_le_sf.o)
 .data          0x08018248        0x0 /usr/local/3rdparty/altera/quartus12/nios2eds/bin/gnu/H-i686-pc-linux-gnu/bin/../lib/gcc/nios2-elf/4.1.2/libgcc.a(_si_to_sf.o)
 .data          0x08018248        0x0 /usr/local/3rdparty/altera/quartus12/nios2eds/bin/gnu/H-i686-pc-linux-gnu/bin/../lib/gcc/nios2-elf/4.1.2/libgcc.a(_sf_to_si.o)
 .data          0x08018248        0x0 /usr/local/3rdparty/altera/quartus12/nios2eds/bin/gnu/H-i686-pc-linux-gnu/bin/../lib/gcc/nios2-elf/4.1.2/libgcc.a(_sf_to_df.o)
 .data          0x08018248        0x0 /usr/local/3rdparty/altera/quartus12/nios2eds/bin/gnu/H-i686-pc-linux-gnu/bin/../lib/gcc/nios2-elf/4.1.2/libgcc.a(_thenan_sf.o)
 .data          0x08018248        0x0 /usr/local/3rdparty/altera/quartus12/nios2eds/bin/gnu/H-i686-pc-linux-gnu/bin/../lib/gcc/nios2-elf/4.1.2/libgcc.a(_make_df.o)
 .data          0x08018248        0x0 /usr/local/3rdparty/altera/quartus12/nios2eds/bin/gnu/H-i686-pc-linux-gnu/bin/../lib/gcc/nios2-elf/4.1.2/libgcc.a(lib2-divmod.o)
 .data          0x08018248        0x0 /usr/local/3rdparty/altera/quartus12/nios2eds/bin/gnu/H-i686-pc-linux-gnu/bin/../lib/gcc/nios2-elf/4.1.2/libgcc.a(_muldi3.o)
 .data          0x08018248        0x0 /usr/local/3rdparty/altera/quartus12/nios2eds/bin/gnu/H-i686-pc-linux-gnu/bin/../lib/gcc/nios2-elf/4.1.2/libgcc.a(_clzsi2.o)
 .data          0x08018248        0x0 /usr/local/3rdparty/altera/quartus12/nios2eds/bin/gnu/H-i686-pc-linux-gnu/bin/../lib/gcc/nios2-elf/4.1.2/libgcc.a(_pack_sf.o)
 .data          0x08018248        0x0 /usr/local/3rdparty/altera/quartus12/nios2eds/bin/gnu/H-i686-pc-linux-gnu/bin/../lib/gcc/nios2-elf/4.1.2/libgcc.a(_unpack_sf.o)
 .data          0x08018248        0x0 /usr/local/3rdparty/altera/quartus12/nios2eds/bin/gnu/H-i686-pc-linux-gnu/bin/../lib/gcc/nios2-elf/4.1.2/libgcc.a(_fpcmp_parts_sf.o)
 .data          0x08018248        0x0 /usr/local/3rdparty/altera/quartus12/nios2eds/bin/gnu/H-i686-pc-linux-gnu/bin/../lib/gcc/nios2-elf/4.1.2/libgcc.a(_pack_df.o)
 .data          0x08018248        0x0 /usr/local/3rdparty/altera/quartus12/nios2eds/bin/gnu/H-i686-pc-linux-gnu/bin/../lib/gcc/nios2-elf/4.1.2/libgcc.a(_clz.o)
 .data          0x08018248        0x0 /usr/local/3rdparty/altera/quartus12/nios2eds/bin/gnu/H-i686-pc-linux-gnu/bin/../lib/gcc/nios2-elf/4.1.2/../../../../nios2-elf/lib/libc.a(lib_a-fopen.o)
 .data          0x08018248        0x0 /usr/local/3rdparty/altera/quartus12/nios2eds/bin/gnu/H-i686-pc-linux-gnu/bin/../lib/gcc/nios2-elf/4.1.2/../../../../nios2-elf/lib/libc.a(lib_a-fread.o)
 .data          0x08018248        0x0 /usr/local/3rdparty/altera/quartus12/nios2eds/bin/gnu/H-i686-pc-linux-gnu/bin/../lib/gcc/nios2-elf/4.1.2/../../../../nios2-elf/lib/libc.a(lib_a-freer.o)
 .data          0x08018248        0x0 /usr/local/3rdparty/altera/quartus12/nios2eds/bin/gnu/H-i686-pc-linux-gnu/bin/../lib/gcc/nios2-elf/4.1.2/../../../../nios2-elf/lib/libc.a(lib_a-fseek.o)
 .data          0x08018248        0x0 /usr/local/3rdparty/altera/quartus12/nios2eds/bin/gnu/H-i686-pc-linux-gnu/bin/../lib/gcc/nios2-elf/4.1.2/../../../../nios2-elf/lib/libc.a(lib_a-fstatr.o)
 .data          0x08018248      0x400 /usr/local/3rdparty/altera/quartus12/nios2eds/bin/gnu/H-i686-pc-linux-gnu/bin/../lib/gcc/nios2-elf/4.1.2/../../../../nios2-elf/lib/libc.a(lib_a-impure.o)
 .data          0x08018648        0x0 /usr/local/3rdparty/altera/quartus12/nios2eds/bin/gnu/H-i686-pc-linux-gnu/bin/../lib/gcc/nios2-elf/4.1.2/../../../../nios2-elf/lib/libc.a(lib_a-int_errno.o)
 .data          0x08018648        0x0 /usr/local/3rdparty/altera/quartus12/nios2eds/bin/gnu/H-i686-pc-linux-gnu/bin/../lib/gcc/nios2-elf/4.1.2/../../../../nios2-elf/lib/libc.a(lib_a-makebuf.o)
 .data          0x08018648        0x0 /usr/local/3rdparty/altera/quartus12/nios2eds/bin/gnu/H-i686-pc-linux-gnu/bin/../lib/gcc/nios2-elf/4.1.2/../../../../nios2-elf/lib/libc.a(lib_a-malloc.o)
 .data          0x08018648      0x408 /usr/local/3rdparty/altera/quartus12/nios2eds/bin/gnu/H-i686-pc-linux-gnu/bin/../lib/gcc/nios2-elf/4.1.2/../../../../nios2-elf/lib/libc.a(lib_a-mallocr.o)
                0x08018648                __malloc_av_
 .data          0x08018a50        0x0 /usr/local/3rdparty/altera/quartus12/nios2eds/bin/gnu/H-i686-pc-linux-gnu/bin/../lib/gcc/nios2-elf/4.1.2/../../../../nios2-elf/lib/libc.a(lib_a-memcpy.o)
 .data          0x08018a50        0x0 /usr/local/3rdparty/altera/quartus12/nios2eds/bin/gnu/H-i686-pc-linux-gnu/bin/../lib/gcc/nios2-elf/4.1.2/../../../../nios2-elf/lib/libc.a(lib_a-openr.o)
 .data          0x08018a50        0x0 /usr/local/3rdparty/altera/quartus12/nios2eds/bin/gnu/H-i686-pc-linux-gnu/bin/../lib/gcc/nios2-elf/4.1.2/../../../../nios2-elf/lib/libc.a(lib_a-perror.o)
 .data          0x08018a50        0x0 /usr/local/3rdparty/altera/quartus12/nios2eds/bin/gnu/H-i686-pc-linux-gnu/bin/../lib/gcc/nios2-elf/4.1.2/../../../../nios2-elf/lib/libc.a(lib_a-printf.o)
 .data          0x08018a50        0x0 /usr/local/3rdparty/altera/quartus12/nios2eds/bin/gnu/H-i686-pc-linux-gnu/bin/../lib/gcc/nios2-elf/4.1.2/../../../../nios2-elf/lib/libc.a(lib_a-puts.o)
 .data          0x08018a50        0x0 /usr/local/3rdparty/altera/quartus12/nios2eds/bin/gnu/H-i686-pc-linux-gnu/bin/../lib/gcc/nios2-elf/4.1.2/../../../../nios2-elf/lib/libc.a(lib_a-refill.o)
 .data          0x08018a50        0x0 /usr/local/3rdparty/altera/quartus12/nios2eds/bin/gnu/H-i686-pc-linux-gnu/bin/../lib/gcc/nios2-elf/4.1.2/../../../../nios2-elf/lib/libc.a(lib_a-sbrkr.o)
 .data          0x08018a50        0x0 /usr/local/3rdparty/altera/quartus12/nios2eds/bin/gnu/H-i686-pc-linux-gnu/bin/../lib/gcc/nios2-elf/4.1.2/../../../../nios2-elf/lib/libc.a(lib_a-stdio.o)
 .data          0x08018a50        0x0 /usr/local/3rdparty/altera/quartus12/nios2eds/bin/gnu/H-i686-pc-linux-gnu/bin/../lib/gcc/nios2-elf/4.1.2/../../../../nios2-elf/lib/libc.a(lib_a-strerror.o)
 .data          0x08018a50        0x0 /usr/local/3rdparty/altera/quartus12/nios2eds/bin/gnu/H-i686-pc-linux-gnu/bin/../lib/gcc/nios2-elf/4.1.2/../../../../nios2-elf/lib/libc.a(lib_a-strlen.o)
 .data          0x08018a50        0x0 /usr/local/3rdparty/altera/quartus12/nios2eds/bin/gnu/H-i686-pc-linux-gnu/bin/../lib/gcc/nios2-elf/4.1.2/../../../../nios2-elf/lib/libc.a(lib_a-u_strerr.o)
 .data          0x08018a50        0x0 /usr/local/3rdparty/altera/quartus12/nios2eds/bin/gnu/H-i686-pc-linux-gnu/bin/../lib/gcc/nios2-elf/4.1.2/../../../../nios2-elf/lib/libc.a(lib_a-vfprintf.o)
 .data          0x08018a50        0x0 /usr/local/3rdparty/altera/quartus12/nios2eds/bin/gnu/H-i686-pc-linux-gnu/bin/../lib/gcc/nios2-elf/4.1.2/../../../../nios2-elf/lib/libc.a(lib_a-writer.o)
 .data          0x08018a50        0x0 /usr/local/3rdparty/altera/quartus12/nios2eds/bin/gnu/H-i686-pc-linux-gnu/bin/../lib/gcc/nios2-elf/4.1.2/../../../../nios2-elf/lib/libc.a(lib_a-wsetup.o)
 .data          0x08018a50        0x0 /usr/local/3rdparty/altera/quartus12/nios2eds/bin/gnu/H-i686-pc-linux-gnu/bin/../lib/gcc/nios2-elf/4.1.2/../../../../nios2-elf/lib/libc.a(lib_a-closer.o)
 .data          0x08018a50        0x0 /usr/local/3rdparty/altera/quartus12/nios2eds/bin/gnu/H-i686-pc-linux-gnu/bin/../lib/gcc/nios2-elf/4.1.2/../../../../nios2-elf/lib/libc.a(lib_a-dtoa.o)
 .data          0x08018a50        0x0 /usr/local/3rdparty/altera/quartus12/nios2eds/bin/gnu/H-i686-pc-linux-gnu/bin/../lib/gcc/nios2-elf/4.1.2/../../../../nios2-elf/lib/libc.a(lib_a-fflush.o)
 .data          0x08018a50        0x0 /usr/local/3rdparty/altera/quartus12/nios2eds/bin/gnu/H-i686-pc-linux-gnu/bin/../lib/gcc/nios2-elf/4.1.2/../../../../nios2-elf/lib/libc.a(lib_a-findfp.o)
 .data          0x08018a50        0x0 /usr/local/3rdparty/altera/quartus12/nios2eds/bin/gnu/H-i686-pc-linux-gnu/bin/../lib/gcc/nios2-elf/4.1.2/../../../../nios2-elf/lib/libc.a(lib_a-flags.o)
 .data          0x08018a50        0x0 /usr/local/3rdparty/altera/quartus12/nios2eds/bin/gnu/H-i686-pc-linux-gnu/bin/../lib/gcc/nios2-elf/4.1.2/../../../../nios2-elf/lib/libc.a(lib_a-fputc.o)
 .data          0x08018a50        0x0 /usr/local/3rdparty/altera/quartus12/nios2eds/bin/gnu/H-i686-pc-linux-gnu/bin/../lib/gcc/nios2-elf/4.1.2/../../../../nios2-elf/lib/libc.a(lib_a-fputs.o)
 .data          0x08018a50        0x0 /usr/local/3rdparty/altera/quartus12/nios2eds/bin/gnu/H-i686-pc-linux-gnu/bin/../lib/gcc/nios2-elf/4.1.2/../../../../nios2-elf/lib/libc.a(lib_a-fvwrite.o)
 .data          0x08018a50        0x0 /usr/local/3rdparty/altera/quartus12/nios2eds/bin/gnu/H-i686-pc-linux-gnu/bin/../lib/gcc/nios2-elf/4.1.2/../../../../nios2-elf/lib/libc.a(lib_a-fwalk.o)
 .data          0x08018a50        0x0 /usr/local/3rdparty/altera/quartus12/nios2eds/bin/gnu/H-i686-pc-linux-gnu/bin/../lib/gcc/nios2-elf/4.1.2/../../../../nios2-elf/lib/libc.a(lib_a-isattyr.o)
 .data          0x08018a50        0xc /usr/local/3rdparty/altera/quartus12/nios2eds/bin/gnu/H-i686-pc-linux-gnu/bin/../lib/gcc/nios2-elf/4.1.2/../../../../nios2-elf/lib/libc.a(lib_a-locale.o)
                0x08018a50                __lc_ctype
 .data          0x08018a5c        0x0 /usr/local/3rdparty/altera/quartus12/nios2eds/bin/gnu/H-i686-pc-linux-gnu/bin/../lib/gcc/nios2-elf/4.1.2/../../../../nios2-elf/lib/libc.a(lib_a-lseekr.o)
 .data          0x08018a5c        0x0 /usr/local/3rdparty/altera/quartus12/nios2eds/bin/gnu/H-i686-pc-linux-gnu/bin/../lib/gcc/nios2-elf/4.1.2/../../../../nios2-elf/lib/libc.a(lib_a-memchr.o)
 .data          0x08018a5c        0x0 /usr/local/3rdparty/altera/quartus12/nios2eds/bin/gnu/H-i686-pc-linux-gnu/bin/../lib/gcc/nios2-elf/4.1.2/../../../../nios2-elf/lib/libc.a(lib_a-memmove.o)
 .data          0x08018a5c        0x0 /usr/local/3rdparty/altera/quartus12/nios2eds/bin/gnu/H-i686-pc-linux-gnu/bin/../lib/gcc/nios2-elf/4.1.2/../../../../nios2-elf/lib/libc.a(lib_a-memset.o)
 .data          0x08018a5c        0x0 /usr/local/3rdparty/altera/quartus12/nios2eds/bin/gnu/H-i686-pc-linux-gnu/bin/../lib/gcc/nios2-elf/4.1.2/../../../../nios2-elf/lib/libc.a(lib_a-mprec.o)
 .data          0x08018a5c        0x0 /usr/local/3rdparty/altera/quartus12/nios2eds/bin/gnu/H-i686-pc-linux-gnu/bin/../lib/gcc/nios2-elf/4.1.2/../../../../nios2-elf/lib/libc.a(lib_a-putc.o)
 .data          0x08018a5c        0x0 /usr/local/3rdparty/altera/quartus12/nios2eds/bin/gnu/H-i686-pc-linux-gnu/bin/../lib/gcc/nios2-elf/4.1.2/../../../../nios2-elf/lib/libc.a(lib_a-readr.o)
 .data          0x08018a5c        0x0 /usr/local/3rdparty/altera/quartus12/nios2eds/bin/gnu/H-i686-pc-linux-gnu/bin/../lib/gcc/nios2-elf/4.1.2/../../../../nios2-elf/lib/libc.a(lib_a-reallocr.o)
 .data          0x08018a5c        0x0 /usr/local/3rdparty/altera/quartus12/nios2eds/bin/gnu/H-i686-pc-linux-gnu/bin/../lib/gcc/nios2-elf/4.1.2/../../../../nios2-elf/lib/libc.a(lib_a-s_isinfd.o)
 .data          0x08018a5c        0x0 /usr/local/3rdparty/altera/quartus12/nios2eds/bin/gnu/H-i686-pc-linux-gnu/bin/../lib/gcc/nios2-elf/4.1.2/../../../../nios2-elf/lib/libc.a(lib_a-s_isnand.o)
 .data          0x08018a5c        0x0 /usr/local/3rdparty/altera/quartus12/nios2eds/bin/gnu/H-i686-pc-linux-gnu/bin/../lib/gcc/nios2-elf/4.1.2/../../../../nios2-elf/lib/libc.a(lib_a-strcmp.o)
 .data          0x08018a5c        0x0 /usr/local/3rdparty/altera/quartus12/nios2eds/bin/gnu/H-i686-pc-linux-gnu/bin/../lib/gcc/nios2-elf/4.1.2/../../../../nios2-elf/lib/libc.a(lib_a-wbuf.o)
 .data          0x08018a5c        0x0 /usr/local/3rdparty/altera/quartus12/nios2eds/bin/gnu/H-i686-pc-linux-gnu/bin/../lib/gcc/nios2-elf/4.1.2/../../../../nios2-elf/lib/libc.a(lib_a-callocr.o)
 .data          0x08018a5c        0x0 /usr/local/3rdparty/altera/quartus12/nios2eds/bin/gnu/H-i686-pc-linux-gnu/bin/../lib/gcc/nios2-elf/4.1.2/../../../../nios2-elf/lib/libc.a(lib_a-fclose.o)
 .data          0x08018a5c        0x0 /usr/local/3rdparty/altera/quartus12/nios2eds/bin/gnu/H-i686-pc-linux-gnu/bin/../lib/gcc/nios2-elf/4.1.2/libgcc.a(_udivdi3.o)
 .data          0x08018a5c        0x0 /usr/local/3rdparty/altera/quartus12/nios2eds/bin/gnu/H-i686-pc-linux-gnu/bin/../lib/gcc/nios2-elf/4.1.2/libgcc.a(_umoddi3.o)
 .data          0x08018a5c        0x0 /usr/local/3rdparty/altera/quartus12/nios2eds/bin/gnu/H-i686-pc-linux-gnu/bin/../lib/gcc/nios2-elf/4.1.2/libgcc.a(_addsub_df.o)
 .data          0x08018a5c        0x0 /usr/local/3rdparty/altera/quartus12/nios2eds/bin/gnu/H-i686-pc-linux-gnu/bin/../lib/gcc/nios2-elf/4.1.2/libgcc.a(_mul_df.o)
 .data          0x08018a5c        0x0 /usr/local/3rdparty/altera/quartus12/nios2eds/bin/gnu/H-i686-pc-linux-gnu/bin/../lib/gcc/nios2-elf/4.1.2/libgcc.a(_div_df.o)
 .data          0x08018a5c        0x0 /usr/local/3rdparty/altera/quartus12/nios2eds/bin/gnu/H-i686-pc-linux-gnu/bin/../lib/gcc/nios2-elf/4.1.2/libgcc.a(_eq_df.o)
 .data          0x08018a5c        0x0 /usr/local/3rdparty/altera/quartus12/nios2eds/bin/gnu/H-i686-pc-linux-gnu/bin/../lib/gcc/nios2-elf/4.1.2/libgcc.a(_ne_df.o)
 .data          0x08018a5c        0x0 /usr/local/3rdparty/altera/quartus12/nios2eds/bin/gnu/H-i686-pc-linux-gnu/bin/../lib/gcc/nios2-elf/4.1.2/libgcc.a(_gt_df.o)
 .data          0x08018a5c        0x0 /usr/local/3rdparty/altera/quartus12/nios2eds/bin/gnu/H-i686-pc-linux-gnu/bin/../lib/gcc/nios2-elf/4.1.2/libgcc.a(_ge_df.o)
 .data          0x08018a5c        0x0 /usr/local/3rdparty/altera/quartus12/nios2eds/bin/gnu/H-i686-pc-linux-gnu/bin/../lib/gcc/nios2-elf/4.1.2/libgcc.a(_lt_df.o)
 .data          0x08018a5c        0x0 /usr/local/3rdparty/altera/quartus12/nios2eds/bin/gnu/H-i686-pc-linux-gnu/bin/../lib/gcc/nios2-elf/4.1.2/libgcc.a(_si_to_df.o)
 .data          0x08018a5c        0x0 /usr/local/3rdparty/altera/quartus12/nios2eds/bin/gnu/H-i686-pc-linux-gnu/bin/../lib/gcc/nios2-elf/4.1.2/libgcc.a(_df_to_si.o)
 .data          0x08018a5c        0x0 /usr/local/3rdparty/altera/quartus12/nios2eds/bin/gnu/H-i686-pc-linux-gnu/bin/../lib/gcc/nios2-elf/4.1.2/libgcc.a(_thenan_df.o)
 .data          0x08018a5c        0x0 /usr/local/3rdparty/altera/quartus12/nios2eds/bin/gnu/H-i686-pc-linux-gnu/bin/../lib/gcc/nios2-elf/4.1.2/libgcc.a(_usi_to_df.o)
 .data          0x08018a5c        0x0 /usr/local/3rdparty/altera/quartus12/nios2eds/bin/gnu/H-i686-pc-linux-gnu/bin/../lib/gcc/nios2-elf/4.1.2/libgcc.a(_unpack_df.o)
 .data          0x08018a5c        0x0 /usr/local/3rdparty/altera/quartus12/nios2eds/bin/gnu/H-i686-pc-linux-gnu/bin/../lib/gcc/nios2-elf/4.1.2/libgcc.a(_fpcmp_parts_df.o)
 .data          0x08018a5c        0x0 ../lights_bsp//libhal_bsp.a(alt_close.o)
 .data          0x08018a5c      0x1a8 ../lights_bsp//libhal_bsp.a(alt_dev.o)
                0x08018a5c                alt_dev_null
                0x08018a84                alt_fd_list
 .data          0x08018c04        0x0 ../lights_bsp//libhal_bsp.a(alt_errno.o)
 .data          0x08018c04        0x0 ../lights_bsp//libhal_bsp.a(alt_fstat.o)
 .data          0x08018c04        0x0 ../lights_bsp//libhal_bsp.a(alt_isatty.o)
 .data          0x08018c04        0x0 ../lights_bsp//libhal_bsp.a(alt_load.o)
 .data          0x08018c04        0x0 ../lights_bsp//libhal_bsp.a(alt_lseek.o)
 .data          0x08018c04        0x0 ../lights_bsp//libhal_bsp.a(alt_main.o)
 .data          0x08018c04        0x0 ../lights_bsp//libhal_bsp.a(alt_malloc_lock.o)
 .data          0x08018c04        0x0 ../lights_bsp//libhal_bsp.a(alt_open.o)
 .data          0x08018c04        0x0 ../lights_bsp//libhal_bsp.a(alt_read.o)
 .data          0x08018c04        0x0 ../lights_bsp//libhal_bsp.a(alt_release_fd.o)
 .data          0x08018c04        0x0 ../lights_bsp//libhal_bsp.a(alt_sbrk.o)
 .data          0x08018c04        0x0 ../lights_bsp//libhal_bsp.a(alt_write.o)
 .data          0x08018c04     0x1324 ../lights_bsp//libhal_bsp.a(alt_sys_init.o)
 .data          0x08019f28        0x0 ../lights_bsp//libhal_bsp.a(altera_avalon_cfi_flash.o)
 .data          0x08019f28        0x0 ../lights_bsp//libhal_bsp.a(altera_avalon_cfi_flash_table.o)
 .data          0x08019f28        0x0 ../lights_bsp//libhal_bsp.a(altera_avalon_jtag_uart_fd.o)
 .data          0x08019f28        0x0 ../lights_bsp//libhal_bsp.a(altera_avalon_jtag_uart_init.o)
 .data          0x08019f28        0x0 ../lights_bsp//libhal_bsp.a(altera_avalon_jtag_uart_ioctl.o)
 .data          0x08019f28        0x0 ../lights_bsp//libhal_bsp.a(altera_avalon_jtag_uart_read.o)
 .data          0x08019f28        0x0 ../lights_bsp//libhal_bsp.a(altera_avalon_jtag_uart_write.o)
 .data          0x08019f28        0x0 ../lights_bsp//libhal_bsp.a(altera_avalon_lcd_16207.o)
 .data          0x08019f28        0x0 ../lights_bsp//libhal_bsp.a(altera_avalon_lcd_16207_fd.o)
 .data          0x08019f28        0x0 ../lights_bsp//libhal_bsp.a(altera_avalon_performance_counter.o)
 .data          0x08019f28        0x0 ../lights_bsp//libhal_bsp.a(altera_ro_zipfs.o)
 .data          0x08019f28        0x0 ../lights_bsp//libhal_bsp.a(altera_up_avalon_video_character_buffer_with_dma.o)
 .data          0x08019f28        0x0 ../lights_bsp//libhal_bsp.a(altera_up_avalon_video_pixel_buffer_dma.o)
 .data          0x08019f28        0x0 ../lights_bsp//libhal_bsp.a(alt_alarm_start.o)
 .data          0x08019f28        0x0 ../lights_bsp//libhal_bsp.a(alt_dcache_flush.o)
 .data          0x08019f28        0x0 ../lights_bsp//libhal_bsp.a(alt_dcache_flush_all.o)
 .data          0x08019f28        0x0 ../lights_bsp//libhal_bsp.a(alt_dev_llist_insert.o)
 .data          0x08019f28        0x0 ../lights_bsp//libhal_bsp.a(alt_do_ctors.o)
 .data          0x08019f28        0x0 ../lights_bsp//libhal_bsp.a(alt_do_dtors.o)
 .data          0x08019f28        0x0 ../lights_bsp//libhal_bsp.a(alt_find_dev.o)
 .data          0x08019f28        0x0 ../lights_bsp//libhal_bsp.a(alt_find_file.o)
 .data          0x08019f28        0x0 ../lights_bsp//libhal_bsp.a(alt_flash_dev.o)
 .data          0x08019f28        0x0 ../lights_bsp//libhal_bsp.a(alt_fs_reg.o)
 .data          0x08019f28        0x0 ../lights_bsp//libhal_bsp.a(alt_get_fd.o)
 .data          0x08019f28        0x0 ../lights_bsp//libhal_bsp.a(alt_icache_flush_all.o)
 .data          0x08019f28        0x0 ../lights_bsp//libhal_bsp.a(alt_iic.o)
 .data          0x08019f28        0x0 ../lights_bsp//libhal_bsp.a(alt_iic_isr_register.o)
 .data          0x08019f28        0x0 ../lights_bsp//libhal_bsp.a(alt_io_redirect.o)
 .data          0x08019f28        0x0 ../lights_bsp//libhal_bsp.a(alt_irq_entry.o)
 .data          0x08019f28        0x0 ../lights_bsp//libhal_bsp.a(alt_irq_handler.o)
 .data          0x08019f28        0x0 ../lights_bsp//libhal_bsp.a(alt_irq_vars.o)
 .data          0x08019f28        0x0 ../lights_bsp//libhal_bsp.a(alt_tick.o)
 .data          0x08019f28        0x0 ../lights_bsp//libhal_bsp.a(alt_usleep.o)
 .data          0x08019f28        0x0 ../lights_bsp//libhal_bsp.a(altera_nios2_irq.o)
 .data          0x08019f28        0x0 ../lights_bsp//libhal_bsp.a(altera_avalon_cfi_flash_amd.o)
 .data          0x08019f28        0x0 ../lights_bsp//libhal_bsp.a(altera_avalon_cfi_flash_intel.o)
 .data          0x08019f28        0x0 ../lights_bsp//libhal_bsp.a(alt_busy_sleep.o)
 .data          0x08019f28        0x0 ../lights_bsp//libhal_bsp.a(alt_exception_entry.o)
 .data          0x08019f28        0x0 ../lights_bsp//libhal_bsp.a(alt_icache_flush.o)
 .data          0x08019f28        0x0 /usr/local/3rdparty/altera/quartus12/nios2eds/bin/gnu/H-i686-pc-linux-gnu/bin/../lib/gcc/nios2-elf/4.1.2/../../../../nios2-elf/lib/libc.a(lib_a-atexit.o)
 .data          0x08019f28        0x0 /usr/local/3rdparty/altera/quartus12/nios2eds/bin/gnu/H-i686-pc-linux-gnu/bin/../lib/gcc/nios2-elf/4.1.2/../../../../nios2-elf/lib/libc.a(lib_a-ctype_.o)
 .data          0x08019f28        0x0 /usr/local/3rdparty/altera/quartus12/nios2eds/bin/gnu/H-i686-pc-linux-gnu/bin/../lib/gcc/nios2-elf/4.1.2/../../../../nios2-elf/lib/libc.a(lib_a-exit.o)
 .data          0x08019f28        0x0 /usr/local/3rdparty/altera/quartus12/nios2eds/bin/gnu/H-i686-pc-linux-gnu/bin/../lib/gcc/nios2-elf/4.1.2/../../../../nios2-elf/lib/libc.a(lib_a-memcmp.o)
 .data          0x08019f28        0x0 /usr/local/3rdparty/altera/quartus12/nios2eds/bin/gnu/H-i686-pc-linux-gnu/bin/../lib/gcc/nios2-elf/4.1.2/../../../../nios2-elf/lib/libc.a(lib_a-strncmp.o)
 .data          0x08019f28        0x0 /usr/local/3rdparty/altera/quartus12/nios2eds/bin/gnu/H-i686-pc-linux-gnu/bin/../lib/gcc/nios2-elf/4.1.2/../../../../nios2-elf/lib/libc.a(lib_a-__atexit.o)
 .data          0x08019f28        0x0 /usr/local/3rdparty/altera/quartus12/nios2eds/bin/gnu/H-i686-pc-linux-gnu/bin/../lib/gcc/nios2-elf/4.1.2/../../../../nios2-elf/lib/libc.a(lib_a-__call_atexit.o)
 .data          0x08019f28        0x0 ../lights_bsp//libhal_bsp.a(alt_exit.o)
                0x08021f28                _gp = ABSOLUTE ((. + 0x8000))
                0x08021f28                PROVIDE (gp, _gp)
 *(.rwdata .rwdata.*)
 *(.sdata .sdata.* .gnu.linkonce.s.*)
 .sdata         0x08019f28        0xc obj/default/hello_world.o
                0x08019f28                num_rows
                0x08019f2c                num_cols
                0x08019f30                shift_amt
 .sdata         0x08019f34        0x8 /usr/local/3rdparty/altera/quartus12/nios2eds/bin/gnu/H-i686-pc-linux-gnu/bin/../lib/gcc/nios2-elf/4.1.2/../../../../nios2-elf/lib/libc.a(lib_a-impure.o)
                0x08019f34                _impure_ptr
                0x08019f38                _global_impure_ptr
 .sdata         0x08019f3c        0x8 /usr/local/3rdparty/altera/quartus12/nios2eds/bin/gnu/H-i686-pc-linux-gnu/bin/../lib/gcc/nios2-elf/4.1.2/../../../../nios2-elf/lib/libc.a(lib_a-mallocr.o)
                0x08019f3c                __malloc_trim_threshold
                0x08019f40                __malloc_sbrk_base
 .sdata         0x08019f44        0x8 /usr/local/3rdparty/altera/quartus12/nios2eds/bin/gnu/H-i686-pc-linux-gnu/bin/../lib/gcc/nios2-elf/4.1.2/../../../../nios2-elf/lib/libc.a(lib_a-locale.o)
                0x08019f44                __mb_cur_max
 .sdata         0x08019f4c       0x14 ../lights_bsp//libhal_bsp.a(alt_dev.o)
                0x08019f4c                alt_fs_list
                0x08019f54                alt_dev_list
                0x08019f5c                alt_max_fd
 .sdata         0x08019f60        0x4 ../lights_bsp//libhal_bsp.a(alt_errno.o)
                0x08019f60                alt_errno
 .sdata         0x08019f64        0x4 ../lights_bsp//libhal_bsp.a(alt_sbrk.o)
 .sdata         0x08019f68        0x4 ../lights_bsp//libhal_bsp.a(altera_avalon_lcd_16207.o)
 .sdata         0x08019f6c        0x8 ../lights_bsp//libhal_bsp.a(alt_flash_dev.o)
                0x08019f6c                alt_flash_dev_list
 .sdata         0x08019f74        0x4 ../lights_bsp//libhal_bsp.a(alt_irq_vars.o)
                0x08019f74                alt_priority_mask
 .sdata         0x08019f78        0x8 ../lights_bsp//libhal_bsp.a(alt_tick.o)
                0x08019f78                alt_alarm_list
 .sdata         0x08019f80        0x4 /usr/local/3rdparty/altera/quartus12/nios2eds/bin/gnu/H-i686-pc-linux-gnu/bin/../lib/gcc/nios2-elf/4.1.2/../../../../nios2-elf/lib/libc.a(lib_a-ctype_.o)
                0x08019f80                __ctype_ptr
 *(.sdata2 .sdata2.* .gnu.linkonce.s2.*)
                0x08019f84                . = ALIGN (0x4)
                0x08019f84                _edata = ABSOLUTE (.)
                0x08019f84                PROVIDE (edata, ABSOLUTE (.))
                0x08019f84                PROVIDE (__ram_rwdata_end, ABSOLUTE (.))
                0x08019f84                PROVIDE (__flash_rwdata_start, LOADADDR (.rwdata))

.bss            0x0801bcc0      0x304
                0x0801bcc0                __bss_start = ABSOLUTE (.)
                0x0801bcc0                PROVIDE (__sbss_start, ABSOLUTE (.))
                0x0801bcc0                PROVIDE (___sbss_start, ABSOLUTE (.))
 *(.dynsbss)
 *(.sbss .sbss.* .gnu.linkonce.sb.*)
 .sbss          0x0801bcc0       0x18 obj/default/hello_world.o
                0x0801bcc0                bool_dec
                0x0801bcc4                scount
                0x0801bcc8                col
                0x0801bccc                rcount
                0x0801bcd0                my_pixel_buffer
                0x0801bcd4                row
 .sbss          0x0801bcd8        0x4 /usr/local/3rdparty/altera/quartus12/nios2eds/bin/gnu/H-i686-pc-linux-gnu/bin/../lib/gcc/nios2-elf/4.1.2/../../../../nios2-elf/lib/libc.a(lib_a-int_errno.o)
                0x0801bcd8                errno
 .sbss          0x0801bcdc        0xc /usr/local/3rdparty/altera/quartus12/nios2eds/bin/gnu/H-i686-pc-linux-gnu/bin/../lib/gcc/nios2-elf/4.1.2/../../../../nios2-elf/lib/libc.a(lib_a-mallocr.o)
                0x0801bcdc                __malloc_top_pad
                0x0801bce0                __malloc_max_sbrked_mem
                0x0801bce4                __malloc_max_total_mem
 .sbss          0x0801bce8        0xc /usr/local/3rdparty/altera/quartus12/nios2eds/bin/gnu/H-i686-pc-linux-gnu/bin/../lib/gcc/nios2-elf/4.1.2/../../../../nios2-elf/lib/libc.a(lib_a-locale.o)
                0x0801bce8                __nlocale_changed
                0x0801bcec                __mlocale_changed
                0x0801bcf0                _PathLocale
 .sbss          0x0801bcf4        0xc ../lights_bsp//libhal_bsp.a(alt_main.o)
                0x0801bcf4                alt_argc
                0x0801bcf8                alt_argv
                0x0801bcfc                alt_envp
 .sbss          0x0801bd00        0x4 ../lights_bsp//libhal_bsp.a(alt_irq_vars.o)
                0x0801bd00                alt_irq_active
 .sbss          0x0801bd04        0x8 ../lights_bsp//libhal_bsp.a(alt_tick.o)
                0x0801bd04                _alt_tick_rate
                0x0801bd08                _alt_nticks
 *(.sbss2 .sbss2.* .gnu.linkonce.sb2.*)
 *(.scommon)
                0x0801bd0c                PROVIDE (__sbss_end, ABSOLUTE (.))
                0x0801bd0c                PROVIDE (___sbss_end, ABSOLUTE (.))
 *(.dynbss)
 *(.bss .bss.* .gnu.linkonce.b.*)
 .bss           0x0801bd0c        0x0 ../lights_bsp//obj/HAL/src/crt0.o
 .bss           0x0801bd0c        0x0 obj/default/hello_world.o
 .bss           0x0801bd0c        0x0 /usr/local/3rdparty/altera/quartus12/nios2eds/bin/gnu/H-i686-pc-linux-gnu/bin/../lib/gcc/nios2-elf/4.1.2/../../../../nios2-elf/lib/libm.a(lib_a-sf_cos.o)
 .bss           0x0801bd0c        0x0 /usr/local/3rdparty/altera/quartus12/nios2eds/bin/gnu/H-i686-pc-linux-gnu/bin/../lib/gcc/nios2-elf/4.1.2/../../../../nios2-elf/lib/libm.a(lib_a-sf_floor.o)
 .bss           0x0801bd0c        0x0 /usr/local/3rdparty/altera/quartus12/nios2eds/bin/gnu/H-i686-pc-linux-gnu/bin/../lib/gcc/nios2-elf/4.1.2/../../../../nios2-elf/lib/libm.a(lib_a-sf_sin.o)
 .bss           0x0801bd0c        0x0 /usr/local/3rdparty/altera/quartus12/nios2eds/bin/gnu/H-i686-pc-linux-gnu/bin/../lib/gcc/nios2-elf/4.1.2/../../../../nios2-elf/lib/libm.a(lib_a-ef_rem_pio2.o)
 .bss           0x0801bd0c        0x0 /usr/local/3rdparty/altera/quartus12/nios2eds/bin/gnu/H-i686-pc-linux-gnu/bin/../lib/gcc/nios2-elf/4.1.2/../../../../nios2-elf/lib/libm.a(lib_a-kf_cos.o)
 .bss           0x0801bd0c        0x0 /usr/local/3rdparty/altera/quartus12/nios2eds/bin/gnu/H-i686-pc-linux-gnu/bin/../lib/gcc/nios2-elf/4.1.2/../../../../nios2-elf/lib/libm.a(lib_a-kf_rem_pio2.o)
 .bss           0x0801bd0c        0x0 /usr/local/3rdparty/altera/quartus12/nios2eds/bin/gnu/H-i686-pc-linux-gnu/bin/../lib/gcc/nios2-elf/4.1.2/../../../../nios2-elf/lib/libm.a(lib_a-kf_sin.o)
 .bss           0x0801bd0c        0x0 /usr/local/3rdparty/altera/quartus12/nios2eds/bin/gnu/H-i686-pc-linux-gnu/bin/../lib/gcc/nios2-elf/4.1.2/../../../../nios2-elf/lib/libm.a(lib_a-sf_fabs.o)
 .bss           0x0801bd0c        0x0 /usr/local/3rdparty/altera/quartus12/nios2eds/bin/gnu/H-i686-pc-linux-gnu/bin/../lib/gcc/nios2-elf/4.1.2/../../../../nios2-elf/lib/libm.a(lib_a-sf_scalbn.o)
 .bss           0x0801bd0c        0x0 /usr/local/3rdparty/altera/quartus12/nios2eds/bin/gnu/H-i686-pc-linux-gnu/bin/../lib/gcc/nios2-elf/4.1.2/../../../../nios2-elf/lib/libm.a(lib_a-sf_copysign.o)
 .bss           0x0801bd0c        0x0 /usr/local/3rdparty/altera/quartus12/nios2eds/bin/gnu/H-i686-pc-linux-gnu/bin/../lib/gcc/nios2-elf/4.1.2/libgcc.a(_addsub_sf.o)
 .bss           0x0801bd0c        0x0 /usr/local/3rdparty/altera/quartus12/nios2eds/bin/gnu/H-i686-pc-linux-gnu/bin/../lib/gcc/nios2-elf/4.1.2/libgcc.a(_mul_sf.o)
 .bss           0x0801bd0c        0x0 /usr/local/3rdparty/altera/quartus12/nios2eds/bin/gnu/H-i686-pc-linux-gnu/bin/../lib/gcc/nios2-elf/4.1.2/libgcc.a(_eq_sf.o)
 .bss           0x0801bd0c        0x0 /usr/local/3rdparty/altera/quartus12/nios2eds/bin/gnu/H-i686-pc-linux-gnu/bin/../lib/gcc/nios2-elf/4.1.2/libgcc.a(_gt_sf.o)
 .bss           0x0801bd0c        0x0 /usr/local/3rdparty/altera/quartus12/nios2eds/bin/gnu/H-i686-pc-linux-gnu/bin/../lib/gcc/nios2-elf/4.1.2/libgcc.a(_ge_sf.o)
 .bss           0x0801bd0c        0x0 /usr/local/3rdparty/altera/quartus12/nios2eds/bin/gnu/H-i686-pc-linux-gnu/bin/../lib/gcc/nios2-elf/4.1.2/libgcc.a(_lt_sf.o)
 .bss           0x0801bd0c        0x0 /usr/local/3rdparty/altera/quartus12/nios2eds/bin/gnu/H-i686-pc-linux-gnu/bin/../lib/gcc/nios2-elf/4.1.2/libgcc.a(_le_sf.o)
 .bss           0x0801bd0c        0x0 /usr/local/3rdparty/altera/quartus12/nios2eds/bin/gnu/H-i686-pc-linux-gnu/bin/../lib/gcc/nios2-elf/4.1.2/libgcc.a(_si_to_sf.o)
 .bss           0x0801bd0c        0x0 /usr/local/3rdparty/altera/quartus12/nios2eds/bin/gnu/H-i686-pc-linux-gnu/bin/../lib/gcc/nios2-elf/4.1.2/libgcc.a(_sf_to_si.o)
 .bss           0x0801bd0c        0x0 /usr/local/3rdparty/altera/quartus12/nios2eds/bin/gnu/H-i686-pc-linux-gnu/bin/../lib/gcc/nios2-elf/4.1.2/libgcc.a(_sf_to_df.o)
 .bss           0x0801bd0c        0x0 /usr/local/3rdparty/altera/quartus12/nios2eds/bin/gnu/H-i686-pc-linux-gnu/bin/../lib/gcc/nios2-elf/4.1.2/libgcc.a(_thenan_sf.o)
 .bss           0x0801bd0c        0x0 /usr/local/3rdparty/altera/quartus12/nios2eds/bin/gnu/H-i686-pc-linux-gnu/bin/../lib/gcc/nios2-elf/4.1.2/libgcc.a(_make_df.o)
 .bss           0x0801bd0c        0x0 /usr/local/3rdparty/altera/quartus12/nios2eds/bin/gnu/H-i686-pc-linux-gnu/bin/../lib/gcc/nios2-elf/4.1.2/libgcc.a(lib2-divmod.o)
 .bss           0x0801bd0c        0x0 /usr/local/3rdparty/altera/quartus12/nios2eds/bin/gnu/H-i686-pc-linux-gnu/bin/../lib/gcc/nios2-elf/4.1.2/libgcc.a(_muldi3.o)
 .bss           0x0801bd0c        0x0 /usr/local/3rdparty/altera/quartus12/nios2eds/bin/gnu/H-i686-pc-linux-gnu/bin/../lib/gcc/nios2-elf/4.1.2/libgcc.a(_clzsi2.o)
 .bss           0x0801bd0c        0x0 /usr/local/3rdparty/altera/quartus12/nios2eds/bin/gnu/H-i686-pc-linux-gnu/bin/../lib/gcc/nios2-elf/4.1.2/libgcc.a(_pack_sf.o)
 .bss           0x0801bd0c        0x0 /usr/local/3rdparty/altera/quartus12/nios2eds/bin/gnu/H-i686-pc-linux-gnu/bin/../lib/gcc/nios2-elf/4.1.2/libgcc.a(_unpack_sf.o)
 .bss           0x0801bd0c        0x0 /usr/local/3rdparty/altera/quartus12/nios2eds/bin/gnu/H-i686-pc-linux-gnu/bin/../lib/gcc/nios2-elf/4.1.2/libgcc.a(_fpcmp_parts_sf.o)
 .bss           0x0801bd0c        0x0 /usr/local/3rdparty/altera/quartus12/nios2eds/bin/gnu/H-i686-pc-linux-gnu/bin/../lib/gcc/nios2-elf/4.1.2/libgcc.a(_pack_df.o)
 .bss           0x0801bd0c        0x0 /usr/local/3rdparty/altera/quartus12/nios2eds/bin/gnu/H-i686-pc-linux-gnu/bin/../lib/gcc/nios2-elf/4.1.2/libgcc.a(_clz.o)
 .bss           0x0801bd0c        0x0 /usr/local/3rdparty/altera/quartus12/nios2eds/bin/gnu/H-i686-pc-linux-gnu/bin/../lib/gcc/nios2-elf/4.1.2/../../../../nios2-elf/lib/libc.a(lib_a-fopen.o)
 .bss           0x0801bd0c        0x0 /usr/local/3rdparty/altera/quartus12/nios2eds/bin/gnu/H-i686-pc-linux-gnu/bin/../lib/gcc/nios2-elf/4.1.2/../../../../nios2-elf/lib/libc.a(lib_a-fread.o)
 .bss           0x0801bd0c        0x0 /usr/local/3rdparty/altera/quartus12/nios2eds/bin/gnu/H-i686-pc-linux-gnu/bin/../lib/gcc/nios2-elf/4.1.2/../../../../nios2-elf/lib/libc.a(lib_a-freer.o)
 .bss           0x0801bd0c        0x0 /usr/local/3rdparty/altera/quartus12/nios2eds/bin/gnu/H-i686-pc-linux-gnu/bin/../lib/gcc/nios2-elf/4.1.2/../../../../nios2-elf/lib/libc.a(lib_a-fseek.o)
 .bss           0x0801bd0c        0x0 /usr/local/3rdparty/altera/quartus12/nios2eds/bin/gnu/H-i686-pc-linux-gnu/bin/../lib/gcc/nios2-elf/4.1.2/../../../../nios2-elf/lib/libc.a(lib_a-fstatr.o)
 .bss           0x0801bd0c        0x0 /usr/local/3rdparty/altera/quartus12/nios2eds/bin/gnu/H-i686-pc-linux-gnu/bin/../lib/gcc/nios2-elf/4.1.2/../../../../nios2-elf/lib/libc.a(lib_a-impure.o)
 .bss           0x0801bd0c        0x0 /usr/local/3rdparty/altera/quartus12/nios2eds/bin/gnu/H-i686-pc-linux-gnu/bin/../lib/gcc/nios2-elf/4.1.2/../../../../nios2-elf/lib/libc.a(lib_a-int_errno.o)
 .bss           0x0801bd0c        0x0 /usr/local/3rdparty/altera/quartus12/nios2eds/bin/gnu/H-i686-pc-linux-gnu/bin/../lib/gcc/nios2-elf/4.1.2/../../../../nios2-elf/lib/libc.a(lib_a-makebuf.o)
 .bss           0x0801bd0c        0x0 /usr/local/3rdparty/altera/quartus12/nios2eds/bin/gnu/H-i686-pc-linux-gnu/bin/../lib/gcc/nios2-elf/4.1.2/../../../../nios2-elf/lib/libc.a(lib_a-malloc.o)
 .bss           0x0801bd0c       0x28 /usr/local/3rdparty/altera/quartus12/nios2eds/bin/gnu/H-i686-pc-linux-gnu/bin/../lib/gcc/nios2-elf/4.1.2/../../../../nios2-elf/lib/libc.a(lib_a-mallocr.o)
                0x0801bd0c                __malloc_current_mallinfo
 .bss           0x0801bd34        0x0 /usr/local/3rdparty/altera/quartus12/nios2eds/bin/gnu/H-i686-pc-linux-gnu/bin/../lib/gcc/nios2-elf/4.1.2/../../../../nios2-elf/lib/libc.a(lib_a-memcpy.o)
 .bss           0x0801bd34        0x0 /usr/local/3rdparty/altera/quartus12/nios2eds/bin/gnu/H-i686-pc-linux-gnu/bin/../lib/gcc/nios2-elf/4.1.2/../../../../nios2-elf/lib/libc.a(lib_a-openr.o)
 .bss           0x0801bd34        0x0 /usr/local/3rdparty/altera/quartus12/nios2eds/bin/gnu/H-i686-pc-linux-gnu/bin/../lib/gcc/nios2-elf/4.1.2/../../../../nios2-elf/lib/libc.a(lib_a-perror.o)
 .bss           0x0801bd34        0x0 /usr/local/3rdparty/altera/quartus12/nios2eds/bin/gnu/H-i686-pc-linux-gnu/bin/../lib/gcc/nios2-elf/4.1.2/../../../../nios2-elf/lib/libc.a(lib_a-printf.o)
 .bss           0x0801bd34        0x0 /usr/local/3rdparty/altera/quartus12/nios2eds/bin/gnu/H-i686-pc-linux-gnu/bin/../lib/gcc/nios2-elf/4.1.2/../../../../nios2-elf/lib/libc.a(lib_a-puts.o)
 .bss           0x0801bd34        0x0 /usr/local/3rdparty/altera/quartus12/nios2eds/bin/gnu/H-i686-pc-linux-gnu/bin/../lib/gcc/nios2-elf/4.1.2/../../../../nios2-elf/lib/libc.a(lib_a-refill.o)
 .bss           0x0801bd34        0x0 /usr/local/3rdparty/altera/quartus12/nios2eds/bin/gnu/H-i686-pc-linux-gnu/bin/../lib/gcc/nios2-elf/4.1.2/../../../../nios2-elf/lib/libc.a(lib_a-sbrkr.o)
 .bss           0x0801bd34        0x0 /usr/local/3rdparty/altera/quartus12/nios2eds/bin/gnu/H-i686-pc-linux-gnu/bin/../lib/gcc/nios2-elf/4.1.2/../../../../nios2-elf/lib/libc.a(lib_a-stdio.o)
 .bss           0x0801bd34        0x0 /usr/local/3rdparty/altera/quartus12/nios2eds/bin/gnu/H-i686-pc-linux-gnu/bin/../lib/gcc/nios2-elf/4.1.2/../../../../nios2-elf/lib/libc.a(lib_a-strerror.o)
 .bss           0x0801bd34        0x0 /usr/local/3rdparty/altera/quartus12/nios2eds/bin/gnu/H-i686-pc-linux-gnu/bin/../lib/gcc/nios2-elf/4.1.2/../../../../nios2-elf/lib/libc.a(lib_a-strlen.o)
 .bss           0x0801bd34        0x0 /usr/local/3rdparty/altera/quartus12/nios2eds/bin/gnu/H-i686-pc-linux-gnu/bin/../lib/gcc/nios2-elf/4.1.2/../../../../nios2-elf/lib/libc.a(lib_a-u_strerr.o)
 .bss           0x0801bd34        0x0 /usr/local/3rdparty/altera/quartus12/nios2eds/bin/gnu/H-i686-pc-linux-gnu/bin/../lib/gcc/nios2-elf/4.1.2/../../../../nios2-elf/lib/libc.a(lib_a-vfprintf.o)
 .bss           0x0801bd34        0x0 /usr/local/3rdparty/altera/quartus12/nios2eds/bin/gnu/H-i686-pc-linux-gnu/bin/../lib/gcc/nios2-elf/4.1.2/../../../../nios2-elf/lib/libc.a(lib_a-writer.o)
 .bss           0x0801bd34        0x0 /usr/local/3rdparty/altera/quartus12/nios2eds/bin/gnu/H-i686-pc-linux-gnu/bin/../lib/gcc/nios2-elf/4.1.2/../../../../nios2-elf/lib/libc.a(lib_a-wsetup.o)
 .bss           0x0801bd34        0x0 /usr/local/3rdparty/altera/quartus12/nios2eds/bin/gnu/H-i686-pc-linux-gnu/bin/../lib/gcc/nios2-elf/4.1.2/../../../../nios2-elf/lib/libc.a(lib_a-closer.o)
 .bss           0x0801bd34        0x0 /usr/local/3rdparty/altera/quartus12/nios2eds/bin/gnu/H-i686-pc-linux-gnu/bin/../lib/gcc/nios2-elf/4.1.2/../../../../nios2-elf/lib/libc.a(lib_a-dtoa.o)
 .bss           0x0801bd34        0x0 /usr/local/3rdparty/altera/quartus12/nios2eds/bin/gnu/H-i686-pc-linux-gnu/bin/../lib/gcc/nios2-elf/4.1.2/../../../../nios2-elf/lib/libc.a(lib_a-fflush.o)
 .bss           0x0801bd34        0x0 /usr/local/3rdparty/altera/quartus12/nios2eds/bin/gnu/H-i686-pc-linux-gnu/bin/../lib/gcc/nios2-elf/4.1.2/../../../../nios2-elf/lib/libc.a(lib_a-findfp.o)
 .bss           0x0801bd34        0x0 /usr/local/3rdparty/altera/quartus12/nios2eds/bin/gnu/H-i686-pc-linux-gnu/bin/../lib/gcc/nios2-elf/4.1.2/../../../../nios2-elf/lib/libc.a(lib_a-flags.o)
 .bss           0x0801bd34        0x0 /usr/local/3rdparty/altera/quartus12/nios2eds/bin/gnu/H-i686-pc-linux-gnu/bin/../lib/gcc/nios2-elf/4.1.2/../../../../nios2-elf/lib/libc.a(lib_a-fputc.o)
 .bss           0x0801bd34        0x0 /usr/local/3rdparty/altera/quartus12/nios2eds/bin/gnu/H-i686-pc-linux-gnu/bin/../lib/gcc/nios2-elf/4.1.2/../../../../nios2-elf/lib/libc.a(lib_a-fputs.o)
 .bss           0x0801bd34        0x0 /usr/local/3rdparty/altera/quartus12/nios2eds/bin/gnu/H-i686-pc-linux-gnu/bin/../lib/gcc/nios2-elf/4.1.2/../../../../nios2-elf/lib/libc.a(lib_a-fvwrite.o)
 .bss           0x0801bd34        0x0 /usr/local/3rdparty/altera/quartus12/nios2eds/bin/gnu/H-i686-pc-linux-gnu/bin/../lib/gcc/nios2-elf/4.1.2/../../../../nios2-elf/lib/libc.a(lib_a-fwalk.o)
 .bss           0x0801bd34        0x0 /usr/local/3rdparty/altera/quartus12/nios2eds/bin/gnu/H-i686-pc-linux-gnu/bin/../lib/gcc/nios2-elf/4.1.2/../../../../nios2-elf/lib/libc.a(lib_a-isattyr.o)
 .bss           0x0801bd34        0x0 /usr/local/3rdparty/altera/quartus12/nios2eds/bin/gnu/H-i686-pc-linux-gnu/bin/../lib/gcc/nios2-elf/4.1.2/../../../../nios2-elf/lib/libc.a(lib_a-locale.o)
 .bss           0x0801bd34        0x0 /usr/local/3rdparty/altera/quartus12/nios2eds/bin/gnu/H-i686-pc-linux-gnu/bin/../lib/gcc/nios2-elf/4.1.2/../../../../nios2-elf/lib/libc.a(lib_a-lseekr.o)
 .bss           0x0801bd34        0x0 /usr/local/3rdparty/altera/quartus12/nios2eds/bin/gnu/H-i686-pc-linux-gnu/bin/../lib/gcc/nios2-elf/4.1.2/../../../../nios2-elf/lib/libc.a(lib_a-memchr.o)
 .bss           0x0801bd34        0x0 /usr/local/3rdparty/altera/quartus12/nios2eds/bin/gnu/H-i686-pc-linux-gnu/bin/../lib/gcc/nios2-elf/4.1.2/../../../../nios2-elf/lib/libc.a(lib_a-memmove.o)
 .bss           0x0801bd34        0x0 /usr/local/3rdparty/altera/quartus12/nios2eds/bin/gnu/H-i686-pc-linux-gnu/bin/../lib/gcc/nios2-elf/4.1.2/../../../../nios2-elf/lib/libc.a(lib_a-memset.o)
 .bss           0x0801bd34        0x0 /usr/local/3rdparty/altera/quartus12/nios2eds/bin/gnu/H-i686-pc-linux-gnu/bin/../lib/gcc/nios2-elf/4.1.2/../../../../nios2-elf/lib/libc.a(lib_a-mprec.o)
 .bss           0x0801bd34        0x0 /usr/local/3rdparty/altera/quartus12/nios2eds/bin/gnu/H-i686-pc-linux-gnu/bin/../lib/gcc/nios2-elf/4.1.2/../../../../nios2-elf/lib/libc.a(lib_a-putc.o)
 .bss           0x0801bd34        0x0 /usr/local/3rdparty/altera/quartus12/nios2eds/bin/gnu/H-i686-pc-linux-gnu/bin/../lib/gcc/nios2-elf/4.1.2/../../../../nios2-elf/lib/libc.a(lib_a-readr.o)
 .bss           0x0801bd34        0x0 /usr/local/3rdparty/altera/quartus12/nios2eds/bin/gnu/H-i686-pc-linux-gnu/bin/../lib/gcc/nios2-elf/4.1.2/../../../../nios2-elf/lib/libc.a(lib_a-reallocr.o)
 .bss           0x0801bd34        0x0 /usr/local/3rdparty/altera/quartus12/nios2eds/bin/gnu/H-i686-pc-linux-gnu/bin/../lib/gcc/nios2-elf/4.1.2/../../../../nios2-elf/lib/libc.a(lib_a-s_isinfd.o)
 .bss           0x0801bd34        0x0 /usr/local/3rdparty/altera/quartus12/nios2eds/bin/gnu/H-i686-pc-linux-gnu/bin/../lib/gcc/nios2-elf/4.1.2/../../../../nios2-elf/lib/libc.a(lib_a-s_isnand.o)
 .bss           0x0801bd34        0x0 /usr/local/3rdparty/altera/quartus12/nios2eds/bin/gnu/H-i686-pc-linux-gnu/bin/../lib/gcc/nios2-elf/4.1.2/../../../../nios2-elf/lib/libc.a(lib_a-strcmp.o)
 .bss           0x0801bd34        0x0 /usr/local/3rdparty/altera/quartus12/nios2eds/bin/gnu/H-i686-pc-linux-gnu/bin/../lib/gcc/nios2-elf/4.1.2/../../../../nios2-elf/lib/libc.a(lib_a-wbuf.o)