Archive member included because of file (symbol)

../lights_bsp//libhal_bsp.a(alt_load.o)
                              ../lights_bsp//obj/HAL/src/crt0.o (alt_load)
../lights_bsp//libhal_bsp.a(alt_main.o)
                              ../lights_bsp//obj/HAL/src/crt0.o (alt_main)
../lights_bsp//libhal_bsp.a(alt_sys_init.o)
                              ../lights_bsp//libhal_bsp.a(alt_main.o) (alt_irq_init)
../lights_bsp//libhal_bsp.a(altera_avalon_jtag_uart_fd.o)
                              ../lights_bsp//libhal_bsp.a(alt_sys_init.o) (altera_avalon_jtag_uart_read_fd)
../lights_bsp//libhal_bsp.a(altera_avalon_jtag_uart_init.o)
                              ../lights_bsp//libhal_bsp.a(alt_sys_init.o) (altera_avalon_jtag_uart_init)
../lights_bsp//libhal_bsp.a(altera_avalon_jtag_uart_ioctl.o)
                              ../lights_bsp//libhal_bsp.a(altera_avalon_jtag_uart_fd.o) (altera_avalon_jtag_uart_ioctl)
../lights_bsp//libhal_bsp.a(altera_avalon_jtag_uart_read.o)
                              ../lights_bsp//libhal_bsp.a(altera_avalon_jtag_uart_fd.o) (altera_avalon_jtag_uart_read)
../lights_bsp//libhal_bsp.a(altera_avalon_jtag_uart_write.o)
                              ../lights_bsp//libhal_bsp.a(altera_avalon_jtag_uart_fd.o) (altera_avalon_jtag_uart_write)
../lights_bsp//libhal_bsp.a(altera_up_avalon_video_pixel_buffer_dma.o)
                              obj/default/hello_world.o (alt_up_pixel_buffer_dma_open_dev)
../lights_bsp//libhal_bsp.a(alt_alarm_start.o)
                              ../lights_bsp//libhal_bsp.a(altera_avalon_jtag_uart_init.o) (alt_alarm_start)
../lights_bsp//libhal_bsp.a(alt_close.o)
                              ../lights_bsp//libhal_bsp.a(alt_main.o) (close)
../lights_bsp//libhal_bsp.a(alt_dcache_flush_all.o)
                              ../lights_bsp//libhal_bsp.a(alt_load.o) (alt_dcache_flush_all)
../lights_bsp//libhal_bsp.a(alt_dev.o)
                              ../lights_bsp//libhal_bsp.a(alt_sys_init.o) (alt_dev_list)
../lights_bsp//libhal_bsp.a(alt_dev_llist_insert.o)
                              ../lights_bsp//libhal_bsp.a(alt_sys_init.o) (alt_dev_llist_insert)
../lights_bsp//libhal_bsp.a(alt_do_ctors.o)
                              ../lights_bsp//libhal_bsp.a(alt_main.o) (_do_ctors)
../lights_bsp//libhal_bsp.a(alt_do_dtors.o)
                              ../lights_bsp//libhal_bsp.a(alt_main.o) (_do_dtors)
../lights_bsp//libhal_bsp.a(alt_errno.o)
                              ../lights_bsp//libhal_bsp.a(alt_close.o) (alt_errno)
../lights_bsp//libhal_bsp.a(alt_find_dev.o)
                              ../lights_bsp//libhal_bsp.a(altera_up_avalon_video_pixel_buffer_dma.o) (alt_find_dev)
../lights_bsp//libhal_bsp.a(alt_icache_flush_all.o)
                              ../lights_bsp//libhal_bsp.a(alt_load.o) (alt_icache_flush_all)
../lights_bsp//libhal_bsp.a(alt_iic.o)
                              ../lights_bsp//libhal_bsp.a(altera_avalon_jtag_uart_init.o) (alt_ic_isr_register)
../lights_bsp//libhal_bsp.a(alt_iic_isr_register.o)
                              ../lights_bsp//libhal_bsp.a(alt_iic.o) (alt_iic_isr_register)
../lights_bsp//libhal_bsp.a(alt_io_redirect.o)
                              ../lights_bsp//libhal_bsp.a(alt_main.o) (alt_io_redirect)
../lights_bsp//libhal_bsp.a(alt_irq_entry.o)
                              ../lights_bsp//libhal_bsp.a(alt_iic_isr_register.o) (alt_irq_entry)
../lights_bsp//libhal_bsp.a(alt_irq_handler.o)
                              ../lights_bsp//libhal_bsp.a(alt_iic_isr_register.o) (alt_irq_handler)
../lights_bsp//libhal_bsp.a(alt_irq_vars.o)
                              ../lights_bsp//libhal_bsp.a(alt_iic.o) (alt_irq_active)
../lights_bsp//libhal_bsp.a(alt_open.o)
                              ../lights_bsp//libhal_bsp.a(alt_io_redirect.o) (open)
../lights_bsp//libhal_bsp.a(alt_release_fd.o)
                              ../lights_bsp//libhal_bsp.a(alt_close.o) (alt_release_fd)
../lights_bsp//libhal_bsp.a(alt_tick.o)
                              ../lights_bsp//libhal_bsp.a(altera_avalon_jtag_uart_init.o) (_alt_tick_rate)
../lights_bsp//libhal_bsp.a(altera_nios2_irq.o)
                              ../lights_bsp//libhal_bsp.a(alt_sys_init.o) (altera_nios2_irq_init)
../lights_bsp//libhal_bsp.a(alt_exception_entry.o)
                              ../lights_bsp//libhal_bsp.a(alt_irq_entry.o) (alt_exception)
../lights_bsp//libhal_bsp.a(alt_find_file.o)
                              ../lights_bsp//libhal_bsp.a(alt_open.o) (alt_find_file)
../lights_bsp//libhal_bsp.a(alt_get_fd.o)
                              ../lights_bsp//libhal_bsp.a(alt_open.o) (alt_get_fd)
../lights_bsp//libhal_bsp.a(alt_icache_flush.o)
                              ../lights_bsp//libhal_bsp.a(alt_icache_flush_all.o) (alt_icache_flush)
/usr/local/3rdparty/altera/quartus12/nios2eds/bin/gnu/H-i686-pc-linux-gnu/bin/../lib/gcc/nios2-elf/4.1.2/../../../../nios2-elf/lib/libc.a(lib_a-atexit.o)
                              ../lights_bsp//libhal_bsp.a(alt_main.o) (atexit)
/usr/local/3rdparty/altera/quartus12/nios2eds/bin/gnu/H-i686-pc-linux-gnu/bin/../lib/gcc/nios2-elf/4.1.2/../../../../nios2-elf/lib/libc.a(lib_a-exit.o)
                              ../lights_bsp//libhal_bsp.a(alt_main.o) (exit)
/usr/local/3rdparty/altera/quartus12/nios2eds/bin/gnu/H-i686-pc-linux-gnu/bin/../lib/gcc/nios2-elf/4.1.2/../../../../nios2-elf/lib/libc.a(lib_a-impure.o)
                              /usr/local/3rdparty/altera/quartus12/nios2eds/bin/gnu/H-i686-pc-linux-gnu/bin/../lib/gcc/nios2-elf/4.1.2/../../../../nios2-elf/lib/libc.a(lib_a-exit.o) (_global_impure_ptr)
/usr/local/3rdparty/altera/quartus12/nios2eds/bin/gnu/H-i686-pc-linux-gnu/bin/../lib/gcc/nios2-elf/4.1.2/../../../../nios2-elf/lib/libc.a(lib_a-int_errno.o)
                              ../lights_bsp//libhal_bsp.a(alt_close.o) (errno)
/usr/local/3rdparty/altera/quartus12/nios2eds/bin/gnu/H-i686-pc-linux-gnu/bin/../lib/gcc/nios2-elf/4.1.2/../../../../nios2-elf/lib/libc.a(lib_a-memcmp.o)
                              ../lights_bsp//libhal_bsp.a(alt_find_dev.o) (memcmp)
/usr/local/3rdparty/altera/quartus12/nios2eds/bin/gnu/H-i686-pc-linux-gnu/bin/../lib/gcc/nios2-elf/4.1.2/../../../../nios2-elf/lib/libc.a(lib_a-memcpy.o)
                              ../lights_bsp//libhal_bsp.a(altera_avalon_jtag_uart_read.o) (memcpy)
/usr/local/3rdparty/altera/quartus12/nios2eds/bin/gnu/H-i686-pc-linux-gnu/bin/../lib/gcc/nios2-elf/4.1.2/../../../../nios2-elf/lib/libc.a(lib_a-strlen.o)
                              ../lights_bsp//libhal_bsp.a(alt_find_dev.o) (strlen)
/usr/local/3rdparty/altera/quartus12/nios2eds/bin/gnu/H-i686-pc-linux-gnu/bin/../lib/gcc/nios2-elf/4.1.2/../../../../nios2-elf/lib/libc.a(lib_a-__atexit.o)
                              /usr/local/3rdparty/altera/quartus12/nios2eds/bin/gnu/H-i686-pc-linux-gnu/bin/../lib/gcc/nios2-elf/4.1.2/../../../../nios2-elf/lib/libc.a(lib_a-atexit.o) (__register_exitproc)
/usr/local/3rdparty/altera/quartus12/nios2eds/bin/gnu/H-i686-pc-linux-gnu/bin/../lib/gcc/nios2-elf/4.1.2/../../../../nios2-elf/lib/libc.a(lib_a-__call_atexit.o)
                              /usr/local/3rdparty/altera/quartus12/nios2eds/bin/gnu/H-i686-pc-linux-gnu/bin/../lib/gcc/nios2-elf/4.1.2/../../../../nios2-elf/lib/libc.a(lib_a-exit.o) (__call_exitprocs)
../lights_bsp//libhal_bsp.a(alt_exit.o)
                              /usr/local/3rdparty/altera/quartus12/nios2eds/bin/gnu/H-i686-pc-linux-gnu/bin/../lib/gcc/nios2-elf/4.1.2/../../../../nios2-elf/lib/libc.a(lib_a-exit.o) (_exit)

Allocating common symbols
Common symbol       size              file

alt_irq             0x100             ../lights_bsp//libhal_bsp.a(alt_irq_handler.o)
errno               0x4               /usr/local/3rdparty/altera/quartus12/nios2eds/bin/gnu/H-i686-pc-linux-gnu/bin/../lib/gcc/nios2-elf/4.1.2/../../../../nios2-elf/lib/libc.a(lib_a-int_errno.o)
col                 0x4               obj/default/hello_world.o
_atexit0            0x190             /usr/local/3rdparty/altera/quartus12/nios2eds/bin/gnu/H-i686-pc-linux-gnu/bin/../lib/gcc/nios2-elf/4.1.2/../../../../nios2-elf/lib/libc.a(lib_a-atexit.o)
my_pixel_buffer     0x4               obj/default/hello_world.o
row                 0x4               obj/default/hello_world.o

Memory Configuration

Name             Origin             Length             Attributes
reset            0x08000000         0x00000020
sdram_0          0x08000020         0x07ffffe0
sram_0           0x11000000         0x00200000
*default*        0x00000000         0xffffffff

Linker script and memory map

LOAD ../lights_bsp//obj/HAL/src/crt0.o
LOAD obj/default/hello_world.o
LOAD /usr/local/3rdparty/altera/quartus12/nios2eds/bin/gnu/H-i686-pc-linux-gnu/bin/../lib/gcc/nios2-elf/4.1.2/../../../../nios2-elf/lib/libstdc++.a
LOAD /usr/local/3rdparty/altera/quartus12/nios2eds/bin/gnu/H-i686-pc-linux-gnu/bin/../lib/gcc/nios2-elf/4.1.2/../../../../nios2-elf/lib/libm.a
LOAD /usr/local/3rdparty/altera/quartus12/nios2eds/bin/gnu/H-i686-pc-linux-gnu/bin/../lib/gcc/nios2-elf/4.1.2/libgcc.a
START GROUP
LOAD /usr/local/3rdparty/altera/quartus12/nios2eds/bin/gnu/H-i686-pc-linux-gnu/bin/../lib/gcc/nios2-elf/4.1.2/../../../../nios2-elf/lib/libc.a
LOAD /usr/local/3rdparty/altera/quartus12/nios2eds/bin/gnu/H-i686-pc-linux-gnu/bin/../lib/gcc/nios2-elf/4.1.2/libgcc.a
LOAD ../lights_bsp//libhal_bsp.a
END GROUP
LOAD /usr/local/3rdparty/altera/quartus12/nios2eds/bin/gnu/H-i686-pc-linux-gnu/bin/../lib/gcc/nios2-elf/4.1.2/libgcc.a
                0x08000000                __alt_mem_sdram_0 = 0x8000000
                0x11000000                __alt_mem_sram_0 = 0x11000000

.entry          0x08000000       0x20
 *(.entry)
 .entry         0x08000000       0x20 ../lights_bsp//obj/HAL/src/crt0.o
                0x08000000                __reset

.exceptions     0x08000020      0x194
                0x08000020                PROVIDE (__ram_exceptions_start, ABSOLUTE (.))
                0x08000020                . = ALIGN (0x20)
 *(.irq)
 *(.exceptions.entry.label)
 .exceptions.entry.label
                0x08000020        0x0 ../lights_bsp//libhal_bsp.a(alt_irq_entry.o)
                0x08000020                alt_irq_entry
 .exceptions.entry.label
                0x08000020        0x0 ../lights_bsp//libhal_bsp.a(alt_exception_entry.o)
                0x08000020                alt_exception
 *(.exceptions.entry.user)
 *(.exceptions.entry)
 .exceptions.entry
                0x08000020       0x54 ../lights_bsp//libhal_bsp.a(alt_exception_entry.o)
 *(.exceptions.irqtest.user)
 *(.exceptions.irqtest)
 .exceptions.irqtest
                0x08000074       0x10 ../lights_bsp//libhal_bsp.a(alt_irq_entry.o)
 *(.exceptions.irqhandler.user)
 *(.exceptions.irqhandler)
 .exceptions.irqhandler
                0x08000084        0x4 ../lights_bsp//libhal_bsp.a(alt_irq_entry.o)
 *(.exceptions.irqreturn.user)
 *(.exceptions.irqreturn)
 .exceptions.irqreturn
                0x08000088        0x4 ../lights_bsp//libhal_bsp.a(alt_irq_entry.o)
 *(.exceptions.notirq.label)
 .exceptions.notirq.label
                0x0800008c        0x0 ../lights_bsp//libhal_bsp.a(alt_irq_entry.o)
 *(.exceptions.notirq.user)
 *(.exceptions.notirq)
 .exceptions.notirq
                0x0800008c        0x8 ../lights_bsp//libhal_bsp.a(alt_exception_entry.o)
 *(.exceptions.soft.user)
 *(.exceptions.soft)
 *(.exceptions.unknown.user)
 *(.exceptions.unknown)
 .exceptions.unknown
                0x08000094        0x4 ../lights_bsp//libhal_bsp.a(alt_exception_entry.o)
 *(.exceptions.exit.label)
 .exceptions.exit.label
                0x08000098        0x0 ../lights_bsp//libhal_bsp.a(alt_irq_entry.o)
 .exceptions.exit.label
                0x08000098        0x0 ../lights_bsp//libhal_bsp.a(alt_exception_entry.o)
 *(.exceptions.exit.user)
 *(.exceptions.exit)
 .exceptions.exit
                0x08000098       0x54 ../lights_bsp//libhal_bsp.a(alt_exception_entry.o)
 *(.exceptions)
 .exceptions    0x080000ec       0xc8 ../lights_bsp//libhal_bsp.a(alt_irq_handler.o)
                0x080000ec                alt_irq_handler
                0x080001b4                PROVIDE (__ram_exceptions_end, ABSOLUTE (.))
                0x08000020                PROVIDE (__flash_exceptions_start, LOADADDR (.exceptions))

.text           0x080001b4     0x3b38
                0x080001b4                PROVIDE (stext, ABSOLUTE (.))
 *(.interp)
 *(.hash)
 *(.dynsym)
 *(.dynstr)
 *(.gnu.version)
 *(.gnu.version_d)
 *(.gnu.version_r)
 *(.rel.init)
 *(.rela.init)
 *(.rel.text .rel.text.* .rel.gnu.linkonce.t.*)
 *(.rela.text .rela.text.* .rela.gnu.linkonce.t.*)
 *(.rel.fini)
 *(.rela.fini)
 *(.rel.rodata .rel.rodata.* .rel.gnu.linkonce.r.*)
 *(.rela.rodata .rela.rodata.* .rela.gnu.linkonce.r.*)
 *(.rel.data .rel.data.* .rel.gnu.linkonce.d.*)
 *(.rela.data .rela.data.* .rela.gnu.linkonce.d.*)
 *(.rel.tdata .rel.tdata.* .rel.gnu.linkonce.td.*)
 *(.rela.tdata .rela.tdata.* .rela.gnu.linkonce.td.*)
 *(.rel.tbss .rel.tbss.* .rel.gnu.linkonce.tb.*)
 *(.rela.tbss .rela.tbss.* .rela.gnu.linkonce.tb.*)
 *(.rel.ctors)
 *(.rela.ctors)
 *(.rel.dtors)
 *(.rela.dtors)
 *(.rel.got)
 *(.rela.got)
 *(.rel.sdata .rel.sdata.* .rel.gnu.linkonce.s.*)
 *(.rela.sdata .rela.sdata.* .rela.gnu.linkonce.s.*)
 *(.rel.sbss .rel.sbss.* .rel.gnu.linkonce.sb.*)
 *(.rela.sbss .rela.sbss.* .rela.gnu.linkonce.sb.*)
 *(.rel.sdata2 .rel.sdata2.* .rel.gnu.linkonce.s2.*)
 *(.rela.sdata2 .rela.sdata2.* .rela.gnu.linkonce.s2.*)
 *(.rel.sbss2 .rel.sbss2.* .rel.gnu.linkonce.sb2.*)
 *(.rela.sbss2 .rela.sbss2.* .rela.gnu.linkonce.sb2.*)
 *(.rel.bss .rel.bss.* .rel.gnu.linkonce.b.*)
 *(.rela.bss .rela.bss.* .rela.gnu.linkonce.b.*)
 *(.rel.plt)
 *(.rela.plt)
 *(.rel.dyn)
 *(.init)
 *(.plt)
 *(.text .stub .text.* .gnu.linkonce.t.*)
 .text          0x080001b4       0x4c ../lights_bsp//obj/HAL/src/crt0.o
                0x080001b4                _start
 .text          0x08000200       0x90 obj/default/hello_world.o
                0x08000200                main
 .text          0x08000290       0xec ../lights_bsp//libhal_bsp.a(alt_load.o)
                0x08000290                alt_load
 .text          0x0800037c       0x6c ../lights_bsp//libhal_bsp.a(alt_main.o)
                0x0800037c                alt_main
 .text          0x080003e8      0x2b4 ../lights_bsp//libhal_bsp.a(alt_sys_init.o)
                0x080003e8                alt_irq_init
                0x0800041c                alt_sys_init
 .text          0x0800069c      0x148 ../lights_bsp//libhal_bsp.a(altera_avalon_jtag_uart_fd.o)
                0x0800069c                altera_avalon_jtag_uart_read_fd
                0x080006f4                altera_avalon_jtag_uart_write_fd
                0x0800074c                altera_avalon_jtag_uart_close_fd
                0x08000794                altera_avalon_jtag_uart_ioctl_fd
 .text          0x080007e4      0x40c ../lights_bsp//libhal_bsp.a(altera_avalon_jtag_uart_init.o)
                0x080007e4                altera_avalon_jtag_uart_init
                0x08000b7c                altera_avalon_jtag_uart_close
 .text          0x08000bf0       0xf4 ../lights_bsp//libhal_bsp.a(altera_avalon_jtag_uart_ioctl.o)
                0x08000bf0                altera_avalon_jtag_uart_ioctl
 .text          0x08000ce4      0x224 ../lights_bsp//libhal_bsp.a(altera_avalon_jtag_uart_read.o)
                0x08000ce4                altera_avalon_jtag_uart_read
 .text          0x08000f08      0x240 ../lights_bsp//libhal_bsp.a(altera_avalon_jtag_uart_write.o)
                0x08000f08                altera_avalon_jtag_uart_write
 .text          0x08001148     0x156c ../lights_bsp//libhal_bsp.a(altera_up_avalon_video_pixel_buffer_dma.o)
                0x08001148                alt_up_pixel_buffer_dma_open_dev
                0x08001188                alt_up_pixel_buffer_dma_draw
                0x08001328                alt_up_pixel_buffer_dma_change_back_buffer_address
                0x08001380                alt_up_pixel_buffer_dma_swap_buffers
                0x080013d8                alt_up_pixel_buffer_dma_check_swap_buffers_status
                0x0800140c                alt_up_pixel_buffer_dma_clear_screen
                0x08001570                alt_up_pixel_buffer_dma_draw_box
                0x08001a64                alt_up_pixel_buffer_dma_draw_hline
                0x08001db4                alt_up_pixel_buffer_dma_draw_vline
                0x08002184                alt_up_pixel_buffer_dma_draw_rectangle
                0x08002248                helper_plot_pixel
                0x08002318                alt_up_pixel_buffer_dma_draw_line
 .text          0x080026b4      0x154 ../lights_bsp//libhal_bsp.a(alt_alarm_start.o)
                0x080026b4                alt_alarm_start
 .text          0x08002808      0x15c ../lights_bsp//libhal_bsp.a(alt_close.o)
                0x08002808                close
 .text          0x08002964       0x44 ../lights_bsp//libhal_bsp.a(alt_dcache_flush_all.o)
                0x08002964                alt_dcache_flush_all
 .text          0x080029a8       0x2c ../lights_bsp//libhal_bsp.a(alt_dev.o)
 .text          0x080029d4      0x114 ../lights_bsp//libhal_bsp.a(alt_dev_llist_insert.o)
                0x080029d4                alt_dev_llist_insert
 .text          0x08002ae8       0x64 ../lights_bsp//libhal_bsp.a(alt_do_ctors.o)
                0x08002ae8                _do_ctors
 .text          0x08002b4c       0x64 ../lights_bsp//libhal_bsp.a(alt_do_dtors.o)
                0x08002b4c                _do_dtors
 .text          0x08002bb0        0x0 ../lights_bsp//libhal_bsp.a(alt_errno.o)
 .text          0x08002bb0       0x94 ../lights_bsp//libhal_bsp.a(alt_find_dev.o)
                0x08002bb0                alt_find_dev
 .text          0x08002c44       0x30 ../lights_bsp//libhal_bsp.a(alt_icache_flush_all.o)
                0x08002c44                alt_icache_flush_all
 .text          0x08002c74      0x1d4 ../lights_bsp//libhal_bsp.a(alt_iic.o)
                0x08002c74                alt_ic_isr_register
                0x08002cc4                alt_ic_irq_enable
                0x08002d60                alt_ic_irq_disable
                0x08002e00                alt_ic_irq_enabled
 .text          0x08002e48       0xf8 ../lights_bsp//libhal_bsp.a(alt_iic_isr_register.o)
                0x08002e48                alt_iic_isr_register
 .text          0x08002f40      0x13c ../lights_bsp//libhal_bsp.a(alt_io_redirect.o)
                0x08003004                alt_io_redirect
 .text          0x0800307c        0x0 ../lights_bsp//libhal_bsp.a(alt_irq_entry.o)
 .text          0x0800307c        0x0 ../lights_bsp//libhal_bsp.a(alt_irq_handler.o)
 .text          0x0800307c        0x0 ../lights_bsp//libhal_bsp.a(alt_irq_vars.o)
 .text          0x0800307c      0x2c4 ../lights_bsp//libhal_bsp.a(alt_open.o)
                0x08003158                open
 .text          0x08003340       0x60 ../lights_bsp//libhal_bsp.a(alt_release_fd.o)
                0x08003340                alt_release_fd
 .text          0x080033a0      0x1a4 ../lights_bsp//libhal_bsp.a(alt_tick.o)
                0x080033a0                alt_alarm_stop
                0x08003438                alt_tick
 .text          0x08003544       0x20 ../lights_bsp//libhal_bsp.a(altera_nios2_irq.o)
                0x08003544                altera_nios2_irq_init
 .text          0x08003564        0x0 ../lights_bsp//libhal_bsp.a(alt_exception_entry.o)
 .text          0x08003564      0x120 ../lights_bsp//libhal_bsp.a(alt_find_file.o)
                0x08003564                alt_find_file
 .text          0x08003684       0xb8 ../lights_bsp//libhal_bsp.a(alt_get_fd.o)
                0x08003684                alt_get_fd
 .text          0x0800373c       0x90 ../lights_bsp//libhal_bsp.a(alt_icache_flush.o)
                0x0800373c                alt_icache_flush
 .text          0x080037cc       0x14 /usr/local/3rdparty/altera/quartus12/nios2eds/bin/gnu/H-i686-pc-linux-gnu/bin/../lib/gcc/nios2-elf/4.1.2/../../../../nios2-elf/lib/libc.a(lib_a-atexit.o)
                0x080037cc                atexit
 .text          0x080037e0       0x38 /usr/local/3rdparty/altera/quartus12/nios2eds/bin/gnu/H-i686-pc-linux-gnu/bin/../lib/gcc/nios2-elf/4.1.2/../../../../nios2-elf/lib/libc.a(lib_a-exit.o)
                0x080037e0                exit
 .text          0x08003818        0x0 /usr/local/3rdparty/altera/quartus12/nios2eds/bin/gnu/H-i686-pc-linux-gnu/bin/../lib/gcc/nios2-elf/4.1.2/../../../../nios2-elf/lib/libc.a(lib_a-impure.o)
 .text          0x08003818        0x0 /usr/local/3rdparty/altera/quartus12/nios2eds/bin/gnu/H-i686-pc-linux-gnu/bin/../lib/gcc/nios2-elf/4.1.2/../../../../nios2-elf/lib/libc.a(lib_a-int_errno.o)
 .text          0x08003818       0x74 /usr/local/3rdparty/altera/quartus12/nios2eds/bin/gnu/H-i686-pc-linux-gnu/bin/../lib/gcc/nios2-elf/4.1.2/../../../../nios2-elf/lib/libc.a(lib_a-memcmp.o)
                0x08003818                memcmp
 .text          0x0800388c       0xa0 /usr/local/3rdparty/altera/quartus12/nios2eds/bin/gnu/H-i686-pc-linux-gnu/bin/../lib/gcc/nios2-elf/4.1.2/../../../../nios2-elf/lib/libc.a(lib_a-memcpy.o)
                0x0800388c                memcpy
 .text          0x0800392c       0x74 /usr/local/3rdparty/altera/quartus12/nios2eds/bin/gnu/H-i686-pc-linux-gnu/bin/../lib/gcc/nios2-elf/4.1.2/../../../../nios2-elf/lib/libc.a(lib_a-strlen.o)
                0x0800392c                strlen
 .text          0x080039a0      0x134 /usr/local/3rdparty/altera/quartus12/nios2eds/bin/gnu/H-i686-pc-linux-gnu/bin/../lib/gcc/nios2-elf/4.1.2/../../../../nios2-elf/lib/libc.a(lib_a-__atexit.o)
                0x080039a0                __register_exitproc
 .text          0x08003ad4      0x1b4 /usr/local/3rdparty/altera/quartus12/nios2eds/bin/gnu/H-i686-pc-linux-gnu/bin/../lib/gcc/nios2-elf/4.1.2/../../../../nios2-elf/lib/libc.a(lib_a-__call_atexit.o)
                0x08003ad8                __call_exitprocs
 .text          0x08003c88       0x60 ../lights_bsp//libhal_bsp.a(alt_exit.o)
                0x08003cc8                _exit
 *(.gnu.warning.*)
 *(.fini)
                0x08003ce8                PROVIDE (__etext, ABSOLUTE (.))
                0x08003ce8                PROVIDE (_etext, ABSOLUTE (.))
                0x08003ce8                PROVIDE (etext, ABSOLUTE (.))
 *(.eh_frame_hdr)
                0x08003ce8                . = ALIGN (0x4)
                0x08003ce8                PROVIDE (__preinit_array_start, ABSOLUTE (.))
 *(.preinit_array)
                0x08003ce8                PROVIDE (__preinit_array_end, ABSOLUTE (.))
                0x08003ce8                PROVIDE (__init_array_start, ABSOLUTE (.))
 *(.init_array)
                0x08003ce8                PROVIDE (__init_array_end, ABSOLUTE (.))
                0x08003ce8                PROVIDE (__fini_array_start, ABSOLUTE (.))
 *(.fini_array)
                0x08003ce8                PROVIDE (__fini_array_end, ABSOLUTE (.))
 *(.eh_frame)
 *(.gcc_except_table)
 *(.dynamic)
                0x08003ce8                PROVIDE (__CTOR_LIST__, ABSOLUTE (.))
 *(.ctors)
 *(SORT(.ctors.*))
 .ctors.65535   0x08003ce8        0x4 /usr/local/3rdparty/altera/quartus12/nios2eds/bin/gnu/H-i686-pc-linux-gnu/bin/../lib/gcc/nios2-elf/4.1.2/../../../../nios2-elf/lib/libc.a(lib_a-__call_atexit.o)
                0x08003cec                PROVIDE (__CTOR_END__, ABSOLUTE (.))
                0x08003cec                PROVIDE (__DTOR_LIST__, ABSOLUTE (.))
 *(.dtors)
 *(SORT(.dtors.*))
                0x08003cec                PROVIDE (__DTOR_END__, ABSOLUTE (.))
 *(.jcr)
                0x08003cec                . = ALIGN (0x4)

.rodata         0x08003cec       0x78
                0x08003cec                PROVIDE (__ram_rodata_start, ABSOLUTE (.))
                0x08003cec                . = ALIGN (0x4)
 *(.rodata .rodata.* .gnu.linkonce.r.*)
 .rodata.str1.4
                0x08003cec       0x1e obj/default/hello_world.o
                                 0x20 (size before relaxing)
 *fill*         0x08003d0a        0x2 00
 .rodata        0x08003d0c       0x14 ../lights_bsp//libhal_bsp.a(alt_main.o)
 .rodata        0x08003d20       0x34 ../lights_bsp//libhal_bsp.a(alt_sys_init.o)
 .rodata        0x08003d54        0xc ../lights_bsp//libhal_bsp.a(alt_dev.o)
 .rodata.str1.4
                0x08003d60        0x4 /usr/local/3rdparty/altera/quartus12/nios2eds/bin/gnu/H-i686-pc-linux-gnu/bin/../lib/gcc/nios2-elf/4.1.2/../../../../nios2-elf/lib/libc.a(lib_a-impure.o)
 *(.rodata1)
                0x08003d64                . = ALIGN (0x4)
                0x08003d64                PROVIDE (__ram_rodata_end, ABSOLUTE (.))
                0x08003cec                PROVIDE (__flash_rodata_start, LOADADDR (.rodata))

.rwdata         0x08003d64     0x1690 load address 0x080053f4
                0x08003d64                PROVIDE (__ram_rwdata_start, ABSOLUTE (.))
                0x08003d64                . = ALIGN (0x4)
 *(.got.plt)
 *(.got)
 *(.data1)
 *(.data .data.* .gnu.linkonce.d.*)
 .data          0x08003d64        0x0 ../lights_bsp//obj/HAL/src/crt0.o
 .data          0x08003d64        0x0 obj/default/hello_world.o
 .data          0x08003d64        0x0 ../lights_bsp//libhal_bsp.a(alt_load.o)
 .data          0x08003d64        0x0 ../lights_bsp//libhal_bsp.a(alt_main.o)
 .data          0x08003d64     0x10b4 ../lights_bsp//libhal_bsp.a(alt_sys_init.o)
 .data          0x08004e18        0x0 ../lights_bsp//libhal_bsp.a(altera_avalon_jtag_uart_fd.o)
 .data          0x08004e18        0x0 ../lights_bsp//libhal_bsp.a(altera_avalon_jtag_uart_init.o)
 .data          0x08004e18        0x0 ../lights_bsp//libhal_bsp.a(altera_avalon_jtag_uart_ioctl.o)
 .data          0x08004e18        0x0 ../lights_bsp//libhal_bsp.a(altera_avalon_jtag_uart_read.o)
 .data          0x08004e18        0x0 ../lights_bsp//libhal_bsp.a(altera_avalon_jtag_uart_write.o)
 .data          0x08004e18        0x0 ../lights_bsp//libhal_bsp.a(altera_up_avalon_video_pixel_buffer_dma.o)
 .data          0x08004e18        0x0 ../lights_bsp//libhal_bsp.a(alt_alarm_start.o)
 .data          0x08004e18        0x0 ../lights_bsp//libhal_bsp.a(alt_close.o)
 .data          0x08004e18        0x0 ../lights_bsp//libhal_bsp.a(alt_dcache_flush_all.o)
 .data          0x08004e18      0x1a8 ../lights_bsp//libhal_bsp.a(alt_dev.o)
                0x08004e18                alt_dev_null
                0x08004e40                alt_fd_list
 .data          0x08004fc0        0x0 ../lights_bsp//libhal_bsp.a(alt_dev_llist_insert.o)
 .data          0x08004fc0        0x0 ../lights_bsp//libhal_bsp.a(alt_do_ctors.o)
 .data          0x08004fc0        0x0 ../lights_bsp//libhal_bsp.a(alt_do_dtors.o)
 .data          0x08004fc0        0x0 ../lights_bsp//libhal_bsp.a(alt_errno.o)
 .data          0x08004fc0        0x0 ../lights_bsp//libhal_bsp.a(alt_find_dev.o)
 .data          0x08004fc0        0x0 ../lights_bsp//libhal_bsp.a(alt_icache_flush_all.o)
 .data          0x08004fc0        0x0 ../lights_bsp//libhal_bsp.a(alt_iic.o)
 .data          0x08004fc0        0x0 ../lights_bsp//libhal_bsp.a(alt_iic_isr_register.o)
 .data          0x08004fc0        0x0 ../lights_bsp//libhal_bsp.a(alt_io_redirect.o)
 .data          0x08004fc0        0x0 ../lights_bsp//libhal_bsp.a(alt_irq_entry.o)
 .data          0x08004fc0        0x0 ../lights_bsp//libhal_bsp.a(alt_irq_handler.o)
 .data          0x08004fc0        0x0 ../lights_bsp//libhal_bsp.a(alt_irq_vars.o)
 .data          0x08004fc0        0x0 ../lights_bsp//libhal_bsp.a(alt_open.o)
 .data          0x08004fc0        0x0 ../lights_bsp//libhal_bsp.a(alt_release_fd.o)
 .data          0x08004fc0        0x0 ../lights_bsp//libhal_bsp.a(alt_tick.o)
 .data          0x08004fc0        0x0 ../lights_bsp//libhal_bsp.a(altera_nios2_irq.o)
 .data          0x08004fc0        0x0 ../lights_bsp//libhal_bsp.a(alt_exception_entry.o)
 .data          0x08004fc0        0x0 ../lights_bsp//libhal_bsp.a(alt_find_file.o)
 .data          0x08004fc0        0x0 ../lights_bsp//libhal_bsp.a(alt_get_fd.o)
 .data          0x08004fc0        0x0 ../lights_bsp//libhal_bsp.a(alt_icache_flush.o)
 .data          0x08004fc0        0x0 /usr/local/3rdparty/altera/quartus12/nios2eds/bin/gnu/H-i686-pc-linux-gnu/bin/../lib/gcc/nios2-elf/4.1.2/../../../../nios2-elf/lib/libc.a(lib_a-atexit.o)
 .data          0x08004fc0        0x0 /usr/local/3rdparty/altera/quartus12/nios2eds/bin/gnu/H-i686-pc-linux-gnu/bin/../lib/gcc/nios2-elf/4.1.2/../../../../nios2-elf/lib/libc.a(lib_a-exit.o)
 .data          0x08004fc0      0x400 /usr/local/3rdparty/altera/quartus12/nios2eds/bin/gnu/H-i686-pc-linux-gnu/bin/../lib/gcc/nios2-elf/4.1.2/../../../../nios2-elf/lib/libc.a(lib_a-impure.o)
 .data          0x080053c0        0x0 /usr/local/3rdparty/altera/quartus12/nios2eds/bin/gnu/H-i686-pc-linux-gnu/bin/../lib/gcc/nios2-elf/4.1.2/../../../../nios2-elf/lib/libc.a(lib_a-int_errno.o)
 .data          0x080053c0        0x0 /usr/local/3rdparty/altera/quartus12/nios2eds/bin/gnu/H-i686-pc-linux-gnu/bin/../lib/gcc/nios2-elf/4.1.2/../../../../nios2-elf/lib/libc.a(lib_a-memcmp.o)
 .data          0x080053c0        0x0 /usr/local/3rdparty/altera/quartus12/nios2eds/bin/gnu/H-i686-pc-linux-gnu/bin/../lib/gcc/nios2-elf/4.1.2/../../../../nios2-elf/lib/libc.a(lib_a-memcpy.o)
 .data          0x080053c0        0x0 /usr/local/3rdparty/altera/quartus12/nios2eds/bin/gnu/H-i686-pc-linux-gnu/bin/../lib/gcc/nios2-elf/4.1.2/../../../../nios2-elf/lib/libc.a(lib_a-strlen.o)
 .data          0x080053c0        0x0 /usr/local/3rdparty/altera/quartus12/nios2eds/bin/gnu/H-i686-pc-linux-gnu/bin/../lib/gcc/nios2-elf/4.1.2/../../../../nios2-elf/lib/libc.a(lib_a-__atexit.o)
 .data          0x080053c0        0x0 /usr/local/3rdparty/altera/quartus12/nios2eds/bin/gnu/H-i686-pc-linux-gnu/bin/../lib/gcc/nios2-elf/4.1.2/../../../../nios2-elf/lib/libc.a(lib_a-__call_atexit.o)
 .data          0x080053c0        0x0 ../lights_bsp//libhal_bsp.a(alt_exit.o)
                0x0800d3c0                _gp = ABSOLUTE ((. + 0x8000))
                0x0800d3c0                PROVIDE (gp, _gp)
 *(.rwdata .rwdata.*)
 *(.sdata .sdata.* .gnu.linkonce.s.*)
 .sdata         0x080053c0        0x8 obj/default/hello_world.o
                0x080053c0                num_rows
                0x080053c4                num_cols
 .sdata         0x080053c8       0x14 ../lights_bsp//libhal_bsp.a(alt_dev.o)
                0x080053c8                alt_fs_list
                0x080053d0                alt_dev_list
                0x080053d8                alt_max_fd
 .sdata         0x080053dc        0x4 ../lights_bsp//libhal_bsp.a(alt_errno.o)
                0x080053dc                alt_errno
 .sdata         0x080053e0        0x4 ../lights_bsp//libhal_bsp.a(alt_irq_vars.o)
                0x080053e0                alt_priority_mask
 .sdata         0x080053e4        0x8 ../lights_bsp//libhal_bsp.a(alt_tick.o)
                0x080053e4                alt_alarm_list
 .sdata         0x080053ec        0x8 /usr/local/3rdparty/altera/quartus12/nios2eds/bin/gnu/H-i686-pc-linux-gnu/bin/../lib/gcc/nios2-elf/4.1.2/../../../../nios2-elf/lib/libc.a(lib_a-impure.o)
                0x080053ec                _impure_ptr
                0x080053f0                _global_impure_ptr
 *(.sdata2 .sdata2.* .gnu.linkonce.s2.*)
                0x080053f4                . = ALIGN (0x4)
                0x080053f4                _edata = ABSOLUTE (.)
                0x080053f4                PROVIDE (edata, ABSOLUTE (.))
                0x080053f4                PROVIDE (__ram_rwdata_end, ABSOLUTE (.))
                0x080053f4                PROVIDE (__flash_rwdata_start, LOADADDR (.rwdata))

.bss            0x08006a84      0x2b8
                0x08006a84                __bss_start = ABSOLUTE (.)
                0x08006a84                PROVIDE (__sbss_start, ABSOLUTE (.))
                0x08006a84                PROVIDE (___sbss_start, ABSOLUTE (.))
 *(.dynsbss)
 *(.sbss .sbss.* .gnu.linkonce.sb.*)
 .sbss          0x08006a84        0xc obj/default/hello_world.o
                0x08006a84                col
                0x08006a88                my_pixel_buffer
                0x08006a8c                row
 .sbss          0x08006a90        0xc ../lights_bsp//libhal_bsp.a(alt_main.o)
                0x08006a90                alt_argc
                0x08006a94                alt_argv
                0x08006a98                alt_envp
 .sbss          0x08006a9c        0x4 ../lights_bsp//libhal_bsp.a(alt_irq_vars.o)
                0x08006a9c                alt_irq_active
 .sbss          0x08006aa0        0x8 ../lights_bsp//libhal_bsp.a(alt_tick.o)
                0x08006aa0                _alt_tick_rate
                0x08006aa4                _alt_nticks
 .sbss          0x08006aa8        0x4 /usr/local/3rdparty/altera/quartus12/nios2eds/bin/gnu/H-i686-pc-linux-gnu/bin/../lib/gcc/nios2-elf/4.1.2/../../../../nios2-elf/lib/libc.a(lib_a-int_errno.o)
                0x08006aa8                errno
 *(.sbss2 .sbss2.* .gnu.linkonce.sb2.*)
 *(.scommon)
                0x08006aac                PROVIDE (__sbss_end, ABSOLUTE (.))
                0x08006aac                PROVIDE (___sbss_end, ABSOLUTE (.))
 *(.dynbss)
 *(.bss .bss.* .gnu.linkonce.b.*)
 .bss           0x08006aac        0x0 ../lights_bsp//obj/HAL/src/crt0.o
 .bss           0x08006aac        0x0 obj/default/hello_world.o
 .bss           0x08006aac        0x0 ../lights_bsp//libhal_bsp.a(alt_load.o)
 .bss           0x08006aac        0x0 ../lights_bsp//libhal_bsp.a(alt_main.o)
 .bss           0x08006aac        0x0 ../lights_bsp//libhal_bsp.a(alt_sys_init.o)
 .bss           0x08006aac        0x0 ../lights_bsp//libhal_bsp.a(altera_avalon_jtag_uart_fd.o)
 .bss           0x08006aac        0x0 ../lights_bsp//libhal_bsp.a(altera_avalon_jtag_uart_init.o)
 .bss           0x08006aac        0x0 ../lights_bsp//libhal_bsp.a(altera_avalon_jtag_uart_ioctl.o)
 .bss           0x08006aac        0x0 ../lights_bsp//libhal_bsp.a(altera_avalon_jtag_uart_read.o)
 .bss           0x08006aac        0x0 ../lights_bsp//libhal_bsp.a(altera_avalon_jtag_uart_write.o)
 .bss           0x08006aac        0x0 ../lights_bsp//libhal_bsp.a(altera_up_avalon_video_pixel_buffer_dma.o)
 .bss           0x08006aac        0x0 ../lights_bsp//libhal_bsp.a(alt_alarm_start.o)
 .bss           0x08006aac        0x0 ../lights_bsp//libhal_bsp.a(alt_close.o)
 .bss           0x08006aac        0x0 ../lights_bsp//libhal_bsp.a(alt_dcache_flush_all.o)
 .bss           0x08006aac        0x0 ../lights_bsp//libhal_bsp.a(alt_dev.o)
 .bss           0x08006aac        0x0 ../lights_bsp//libhal_bsp.a(alt_dev_llist_insert.o)
 .bss           0x08006aac        0x0 ../lights_bsp//libhal_bsp.a(alt_do_ctors.o)
 .bss           0x08006aac        0x0 ../lights_bsp//libhal_bsp.a(alt_do_dtors.o)
 .bss           0x08006aac        0x0 ../lights_bsp//libhal_bsp.a(alt_errno.o)
 .bss           0x08006aac        0x0 ../lights_bsp//libhal_bsp.a(alt_find_dev.o)
 .bss           0x08006aac        0x0 ../lights_bsp//libhal_bsp.a(alt_icache_flush_all.o)
 .bss           0x08006aac        0x0 ../lights_bsp//libhal_bsp.a(alt_iic.o)
 .bss           0x08006aac        0x0 ../lights_bsp//libhal_bsp.a(alt_iic_isr_register.o)
 .bss           0x08006aac        0x0 ../lights_bsp//libhal_bsp.a(alt_io_redirect.o)
 .bss           0x08006aac        0x0 ../lights_bsp//libhal_bsp.a(alt_irq_entry.o)
 .bss           0x08006aac        0x0 ../lights_bsp//libhal_bsp.a(alt_irq_handler.o)
 .bss           0x08006aac        0x0 ../lights_bsp//libhal_bsp.a(alt_irq_vars.o)
 .bss           0x08006aac        0x0 ../lights_bsp//libhal_bsp.a(alt_open.o)
 .bss           0x08006aac        0x0 ../lights_bsp//libhal_bsp.a(alt_release_fd.o)
 .bss           0x08006aac        0x0 ../lights_bsp//libhal_bsp.a(alt_tick.o)
 .bss           0x08006aac        0x0 ../lights_bsp//libhal_bsp.a(altera_nios2_irq.o)
 .bss           0x08006aac        0x0 ../lights_bsp//libhal_bsp.a(alt_exception_entry.o)
 .bss           0x08006aac        0x0 ../lights_bsp//libhal_bsp.a(alt_find_file.o)
 .bss           0x08006aac        0x0 ../lights_bsp//libhal_bsp.a(alt_get_fd.o)
 .bss           0x08006aac        0x0 ../lights_bsp//libhal_bsp.a(alt_icache_flush.o)
 .bss           0x08006aac        0x0 /usr/local/3rdparty/altera/quartus12/nios2eds/bin/gnu/H-i686-pc-linux-gnu/bin/../lib/gcc/nios2-elf/4.1.2/../../../../nios2-elf/lib/libc.a(lib_a-atexit.o)
 .bss           0x08006aac        0x0 /usr/local/3rdparty/altera/quartus12/nios2eds/bin/gnu/H-i686-pc-linux-gnu/bin/../lib/gcc/nios2-elf/4.1.2/../../../../nios2-elf/lib/libc.a(lib_a-exit.o)
 .bss           0x08006aac        0x0 /usr/local/3rdparty/altera/quartus12/nios2eds/bin/gnu/H-i686-pc-linux-gnu/bin/../lib/gcc/nios2-elf/4.1.2/../../../../nios2-elf/lib/libc.a(lib_a-impure.o)
 .bss           0x08006aac        0x0 /usr/local/3rdparty/altera/quartus12/nios2eds/bin/gnu/H-i686-pc-linux-gnu/bin/../lib/gcc/nios2-elf/4.1.2/../../../../nios2-elf/lib/libc.a(lib_a-int_errno.o)
 .bss           0x08006aac        0x0 /usr/local/3rdparty/altera/quartus12/nios2eds/bin/gnu/H-i686-pc-linux-gnu/bin/../lib/gcc/nios2-elf/4.1.2/../../../../nios2-elf/lib/libc.a(lib_a-memcmp.o)
 .bss           0x08006aac        0x0 /usr/local/3rdparty/altera/quartus12/nios2eds/bin/gnu/H-i686-pc-linux-gnu/bin/../lib/gcc/nios2-elf/4.1.2/../../../../nios2-elf/lib/libc.a(lib_a-memcpy.o)
 .bss           0x08006aac        0x0 /usr/local/3rdparty/altera/quartus12/nios2eds/bin/gnu/H-i686-pc-linux-gnu/bin/../lib/gcc/nios2-elf/4.1.2/../../../../nios2-elf/lib/libc.a(lib_a-strlen.o)
 .bss           0x08006aac        0x0 /usr/local/3rdparty/altera/quartus12/nios2eds/bin/gnu/H-i686-pc-linux-gnu/bin/../lib/gcc/nios2-elf/4.1.2/../../../../nios2-elf/lib/libc.a(lib_a-__atexit.o)
 .bss           0x08006aac        0x0 /usr/local/3rdparty/altera/quartus12/nios2eds/bin/gnu/H-i686-pc-linux-gnu/bin/../lib/gcc/nios2-elf/4.1.2/../../../../nios2-elf/lib/libc.a(lib_a-__call_atexit.o)
 .bss           0x08006aac        0x0 ../lights_bsp//libhal_bsp.a(alt_exit.o)
 *(COMMON)
 COMMON         0x08006aac      0x100 ../lights_bsp//libhal_bsp.a(alt_irq_handler.o)
                0x08006aac                alt_irq
 COMMON         0x08006bac      0x190 /usr/local/3rdparty/altera/quartus12/nios2eds/bin/gnu/H-i686-pc-linux-gnu/bin/../lib/gcc/nios2-elf/4.1.2/../../../../nios2-elf/lib/libc.a(lib_a-atexit.o)
                0x08006bac                _atexit0
                0x08006d3c                . = ALIGN (0x4)
                0x08006d3c                __bss_end = ABSOLUTE (.)

.sdram_0        0x08006d3c        0x0
                0x08006d3c                PROVIDE (_alt_partition_sdram_0_start, ABSOLUTE (.))
 *(.sdram_0. sdram_0.*)
                0x08006d3c                . = ALIGN (0x4)
                0x08006d3c                PROVIDE (_alt_partition_sdram_0_end, ABSOLUTE (.))
                0x08006d3c                _end = ABSOLUTE (.)
                0x08006d3c                end = ABSOLUTE (.)
                0x08006d3c                __alt_stack_base = ABSOLUTE (.)
                0x08006d3c                PROVIDE (_alt_partition_sdram_0_load_addr, LOADADDR (.sdram_0))

.sram_0         0x11000000        0x0 load address 0x08006d3c
                0x11000000                PROVIDE (_alt_partition_sram_0_start, ABSOLUTE (.))
 *(.sram_0. sram_0.*)
                0x11000000                . = ALIGN (0x4)
                0x11000000                PROVIDE (_alt_partition_sram_0_end, ABSOLUTE (.))
                0x08006d3c                PROVIDE (_alt_partition_sram_0_load_addr, LOADADDR (.sram_0))

.stab
 *(.stab)

.stabstr
 *(.stabstr)

.stab.excl
 *(.stab.excl)

.stab.exclstr
 *(.stab.exclstr)

.stab.index
 *(.stab.index)

.stab.indexstr
 *(.stab.indexstr)

.comment        0x00000000       0x23
 *(.comment)
 .comment       0x00000000       0x23 obj/default/hello_world.o
                                 0x24 (size before relaxing)
 .comment       0x00000000       0x24 ../lights_bsp//libhal_bsp.a(alt_load.o)
 .comment       0x00000000       0x24 ../lights_bsp//libhal_bsp.a(alt_main.o)
 .comment       0x00000000       0x24 ../lights_bsp//libhal_bsp.a(alt_sys_init.o)
 .comment       0x00000000       0x24 ../lights_bsp//libhal_bsp.a(altera_avalon_jtag_uart_fd.o)
 .comment       0x00000000       0x24 ../lights_bsp//libhal_bsp.a(altera_avalon_jtag_uart_init.o)
 .comment       0x00000000       0x24 ../lights_bsp//libhal_bsp.a(altera_avalon_jtag_uart_ioctl.o)
 .comment       0x00000000       0x24 ../lights_bsp//libhal_bsp.a(altera_avalon_jtag_uart_read.o)
 .comment       0x00000000       0x24 ../lights_bsp//libhal_bsp.a(altera_avalon_jtag_uart_write.o)
 .comment       0x00000000       0x24 ../lights_bsp//libhal_bsp.a(altera_up_avalon_video_pixel_buffer_dma.o)
 .comment       0x00000000       0x24 ../lights_bsp//libhal_bsp.a(alt_alarm_start.o)
 .comment       0x00000000       0x24 ../lights_bsp//libhal_bsp.a(alt_close.o)
 .comment       0x00000000       0x24 ../lights_bsp//libhal_bsp.a(alt_dcache_flush_all.o)
 .comment       0x00000000       0x24 ../lights_bsp//libhal_bsp.a(alt_dev.o)
 .comment       0x00000000       0x24 ../lights_bsp//libhal_bsp.a(alt_dev_llist_insert.o)
 .comment       0x00000000       0x24 ../lights_bsp//libhal_bsp.a(alt_do_ctors.o)
 .comment       0x00000000       0x24 ../lights_bsp//libhal_bsp.a(alt_do_dtors.o)
 .comment       0x00000000       0x24 ../lights_bsp//libhal_bsp.a(alt_errno.o)
 .comment       0x00000000       0x24 ../lights_bsp//libhal_bsp.a(alt_find_dev.o)
 .comment       0x00000000       0x24 ../lights_bsp//libhal_bsp.a(alt_icache_flush_all.o)
 .comment       0x00000000       0x24 ../lights_bsp//libhal_bsp.a(alt_iic.o)
 .comment       0x00000000       0x24 ../lights_bsp//libhal_bsp.a(alt_iic_isr_register.o)
 .comment       0x00000000       0x24 ../lights_bsp//libhal_bsp.a(alt_io_redirect.o)
 .comment       0x00000000       0x24 ../lights_bsp//libhal_bsp.a(alt_irq_handler.o)
 .comment       0x00000000       0x24 ../lights_bsp//libhal_bsp.a(alt_irq_vars.o)
 .comment       0x00000000       0x24 ../lights_bsp//libhal_bsp.a(alt_open.o)
 .comment       0x00000000       0x24 ../lights_bsp//libhal_bsp.a(alt_release_fd.o)
 .comment       0x00000000       0x24 ../lights_bsp//libhal_bsp.a(alt_tick.o)
 .comment       0x00000000       0x24 ../lights_bsp//libhal_bsp.a(altera_nios2_irq.o)
 .comment       0x00000000       0x24 ../lights_bsp//libhal_bsp.a(alt_find_file.o)
 .comment       0x00000000       0x24 ../lights_bsp//libhal_bsp.a(alt_get_fd.o)
 .comment       0x00000000       0x24 ../lights_bsp//libhal_bsp.a(alt_icache_flush.o)
 .comment       0x00000000       0x24 /usr/local/3rdparty/altera/quartus12/nios2eds/bin/gnu/H-i686-pc-linux-gnu/bin/../lib/gcc/nios2-elf/4.1.2/../../../../nios2-elf/lib/libc.a(lib_a-atexit.o)
 .comment       0x00000000       0x24 /usr/local/3rdparty/altera/quartus12/nios2eds/bin/gnu/H-i686-pc-linux-gnu/bin/../lib/gcc/nios2-elf/4.1.2/../../../../nios2-elf/lib/libc.a(lib_a-exit.o)
 .comment       0x00000000       0x24 /usr/local/3rdparty/altera/quartus12/nios2eds/bin/gnu/H-i686-pc-linux-gnu/bin/../lib/gcc/nios2-elf/4.1.2/../../../../nios2-elf/lib/libc.a(lib_a-impure.o)
 .comment       0x00000000       0x24 /usr/local/3rdparty/altera/quartus12/nios2eds/bin/gnu/H-i686-pc-linux-gnu/bin/../lib/gcc/nios2-elf/4.1.2/../../../../nios2-elf/lib/libc.a(lib_a-int_errno.o)
 .comment       0x00000000       0x24 /usr/local/3rdparty/altera/quartus12/nios2eds/bin/gnu/H-i686-pc-linux-gnu/bin/../lib/gcc/nios2-elf/4.1.2/../../../../nios2-elf/lib/libc.a(lib_a-memcmp.o)
 .comment       0x00000000       0x24 /usr/local/3rdparty/altera/quartus12/nios2eds/bin/gnu/H-i686-pc-linux-gnu/bin/../lib/gcc/nios2-elf/4.1.2/../../../../nios2-elf/lib/libc.a(lib_a-memcpy.o)
 .comment       0x00000000       0x24 /usr/local/3rdparty/altera/quartus12/nios2eds/bin/gnu/H-i686-pc-linux-gnu/bin/../lib/gcc/nios2-elf/4.1.2/../../../../nios2-elf/lib/libc.a(lib_a-strlen.o)
 .comment       0x00000000       0x24 /usr/local/3rdparty/altera/quartus12/nios2eds/bin/gnu/H-i686-pc-linux-gnu/bin/../lib/gcc/nios2-elf/4.1.2/../../../../nios2-elf/lib/libc.a(lib_a-__atexit.o)
 .comment       0x00000000       0x24 /usr/local/3rdparty/altera/quartus12/nios2eds/bin/gnu/H-i686-pc-linux-gnu/bin/../lib/gcc/nios2-elf/4.1.2/../../../../nios2-elf/lib/libc.a(lib_a-__call_atexit.o)
 .comment       0x00000000       0x24 ../lights_bsp//libhal_bsp.a(alt_exit.o)

.debug
 *(.debug)

.line
 *(.line)

.debug_srcinfo
 *(.debug_srcinfo)

.debug_sfnames
 *(.debug_sfnames)

.debug_aranges  0x00000000      0x558
 *(.debug_aranges)
 .debug_aranges
                0x00000000       0x28 ../lights_bsp//obj/HAL/src/crt0.o
 .debug_aranges
                0x00000028       0x20 obj/default/hello_world.o
 .debug_aranges
                0x00000048       0x20 ../lights_bsp//libhal_bsp.a(alt_load.o)
 .debug_aranges
                0x00000068       0x20 ../lights_bsp//libhal_bsp.a(alt_main.o)
 .debug_aranges
                0x00000088       0x20 ../lights_bsp//libhal_bsp.a(alt_sys_init.o)
 .debug_aranges
                0x000000a8       0x20 ../lights_bsp//libhal_bsp.a(altera_avalon_jtag_uart_fd.o)
 .debug_aranges
                0x000000c8       0x20 ../lights_bsp//libhal_bsp.a(altera_avalon_jtag_uart_init.o)
 .debug_aranges
                0x000000e8       0x20 ../lights_bsp//libhal_bsp.a(altera_avalon_jtag_uart_ioctl.o)
 .debug_aranges
                0x00000108       0x20 ../lights_bsp//libhal_bsp.a(altera_avalon_jtag_uart_read.o)
 .debug_aranges
                0x00000128       0x20 ../lights_bsp//libhal_bsp.a(altera_avalon_jtag_uart_write.o)
 .debug_aranges
                0x00000148       0x20 ../lights_bsp//libhal_bsp.a(altera_up_avalon_video_pixel_buffer_dma.o)
 .debug_aranges
                0x00000168       0x20 ../lights_bsp//libhal_bsp.a(alt_alarm_start.o)
 .debug_aranges
                0x00000188       0x20 ../lights_bsp//libhal_bsp.a(alt_close.o)
 .debug_aranges
                0x000001a8       0x20 ../lights_bsp//libhal_bsp.a(alt_dcache_flush_all.o)
 .debug_aranges
                0x000001c8       0x20 ../lights_bsp//libhal_bsp.a(alt_dev.o)
 .debug_aranges
                0x000001e8       0x20 ../lights_bsp//libhal_bsp.a(alt_dev_llist_insert.o)
 .debug_aranges
                0x00000208       0x20 ../lights_bsp//libhal_bsp.a(alt_do_ctors.o)
 .debug_aranges
                0x00000228       0x20 ../lights_bsp//libhal_bsp.a(alt_do_dtors.o)
 .debug_aranges
                0x00000248       0x20 ../lights_bsp//libhal_bsp.a(alt_find_dev.o)
 .debug_aranges
                0x00000268       0x20 ../lights_bsp//libhal_bsp.a(alt_icache_flush_all.o)
 .debug_aranges
                0x00000288       0x20 ../lights_bsp//libhal_bsp.a(alt_iic.o)
 .debug_aranges
                0x000002a8       0x20 ../lights_bsp//libhal_bsp.a(alt_iic_isr_register.o)
 .debug_aranges
                0x000002c8       0x20 ../lights_bsp//libhal_bsp.a(alt_io_redirect.o)
 .debug_aranges
                0x000002e8       0x30 ../lights_bsp//libhal_bsp.a(alt_irq_entry.o)
 .debug_aranges
                0x00000318       0x28 ../lights_bsp//libhal_bsp.a(alt_irq_handler.o)
 .debug_aranges
                0x00000340       0x20 ../lights_bsp//libhal_bsp.a(alt_open.o)
 .debug_aranges
                0x00000360       0x20 ../lights_bsp//libhal_bsp.a(alt_release_fd.o)
 .debug_aranges
                0x00000380       0x20 ../lights_bsp//libhal_bsp.a(alt_tick.o)
 .debug_aranges
                0x000003a0       0x20 ../lights_bsp//libhal_bsp.a(altera_nios2_irq.o)
 .debug_aranges
                0x000003c0       0x38 ../lights_bsp//libhal_bsp.a(alt_exception_entry.o)
 .debug_aranges
                0x000003f8       0x20 ../lights_bsp//libhal_bsp.a(alt_find_file.o)
 .debug_aranges
                0x00000418       0x20 ../lights_bsp//libhal_bsp.a(alt_get_fd.o)
 .debug_aranges
                0x00000438       0x20 ../lights_bsp//libhal_bsp.a(alt_icache_flush.o)
 .debug_aranges
                0x00000458       0x20 /usr/local/3rdparty/altera/quartus12/nios2eds/bin/gnu/H-i686-pc-linux-gnu/bin/../lib/gcc/nios2-elf/4.1.2/../../../../nios2-elf/lib/libc.a(lib_a-atexit.o)
 .debug_aranges
                0x00000478       0x20 /usr/local/3rdparty/altera/quartus12/nios2eds/bin/gnu/H-i686-pc-linux-gnu/bin/../lib/gcc/nios2-elf/4.1.2/../../../../nios2-elf/lib/libc.a(lib_a-exit.o)
 .debug_aranges
                0x00000498       0x20 /usr/local/3rdparty/altera/quartus12/nios2eds/bin/gnu/H-i686-pc-linux-gnu/bin/../lib/gcc/nios2-elf/4.1.2/../../../../nios2-elf/lib/libc.a(lib_a-memcmp.o)
 .debug_aranges
                0x000004b8       0x20 /usr/local/3rdparty/altera/quartus12/nios2eds/bin/gnu/H-i686-pc-linux-gnu/bin/../lib/gcc/nios2-elf/4.1.2/../../../../nios2-elf/lib/libc.a(lib_a-memcpy.o)
 .debug_aranges
                0x000004d8       0x20 /usr/local/3rdparty/altera/quartus12/nios2eds/bin/gnu/H-i686-pc-linux-gnu/bin/../lib/gcc/nios2-elf/4.1.2/../../../../nios2-elf/lib/libc.a(lib_a-strlen.o)
 .debug_aranges
                0x000004f8       0x20 /usr/local/3rdparty/altera/quartus12/nios2eds/bin/gnu/H-i686-pc-linux-gnu/bin/../lib/gcc/nios2-elf/4.1.2/../../../../nios2-elf/lib/libc.a(lib_a-__atexit.o)
 .debug_aranges
                0x00000518       0x20 /usr/local/3rdparty/altera/quartus12/nios2eds/bin/gnu/H-i686-pc-linux-gnu/bin/../lib/gcc/nios2-elf/4.1.2/../../../../nios2-elf/lib/libc.a(lib_a-__call_atexit.o)
 .debug_aranges
                0x00000538       0x20 ../lights_bsp//libhal_bsp.a(alt_exit.o)

.debug_pubnames
                0x00000000      0x9eb
 *(.debug_pubnames)
 .debug_pubnames
                0x00000000       0x59 obj/default/hello_world.o
 .debug_pubnames
                0x00000059       0x1f ../lights_bsp//libhal_bsp.a(alt_load.o)
 .debug_pubnames
                0x00000078       0x46 ../lights_bsp//libhal_bsp.a(alt_main.o)
 .debug_pubnames
                0x000000be       0x34 ../lights_bsp//libhal_bsp.a(alt_sys_init.o)
 .debug_pubnames
                0x000000f2       0xa5 ../lights_bsp//libhal_bsp.a(altera_avalon_jtag_uart_fd.o)
 .debug_pubnames
                0x00000197       0x55 ../lights_bsp//libhal_bsp.a(altera_avalon_jtag_uart_init.o)
 .debug_pubnames
                0x000001ec       0x34 ../lights_bsp//libhal_bsp.a(altera_avalon_jtag_uart_ioctl.o)
 .debug_pubnames
                0x00000220       0x33 ../lights_bsp//libhal_bsp.a(altera_avalon_jtag_uart_read.o)
 .debug_pubnames
                0x00000253       0x34 ../lights_bsp//libhal_bsp.a(altera_avalon_jtag_uart_write.o)
 .debug_pubnames
                0x00000287      0x1f1 ../lights_bsp//libhal_bsp.a(altera_up_avalon_video_pixel_buffer_dma.o)
 .debug_pubnames
                0x00000478       0x26 ../lights_bsp//libhal_bsp.a(alt_alarm_start.o)
 .debug_pubnames
                0x0000049e       0x1c ../lights_bsp//libhal_bsp.a(alt_close.o)
 .debug_pubnames
                0x000004ba       0x2b ../lights_bsp//libhal_bsp.a(alt_dcache_flush_all.o)
 .debug_pubnames
                0x000004e5       0x63 ../lights_bsp//libhal_bsp.a(alt_dev.o)
 .debug_pubnames
                0x00000548       0x2b ../lights_bsp//libhal_bsp.a(alt_dev_llist_insert.o)
 .debug_pubnames
                0x00000573       0x20 ../lights_bsp//libhal_bsp.a(alt_do_ctors.o)
 .debug_pubnames
                0x00000593       0x20 ../lights_bsp//libhal_bsp.a(alt_do_dtors.o)
 .debug_pubnames
                0x000005b3       0x20 ../lights_bsp//libhal_bsp.a(alt_errno.o)
 .debug_pubnames
                0x000005d3       0x23 ../lights_bsp//libhal_bsp.a(alt_find_dev.o)
 .debug_pubnames
                0x000005f6       0x2b ../lights_bsp//libhal_bsp.a(alt_icache_flush_all.o)
 .debug_pubnames
                0x00000621       0x6e ../lights_bsp//libhal_bsp.a(alt_iic.o)
 .debug_pubnames
                0x0000068f       0x2b ../lights_bsp//libhal_bsp.a(alt_iic_isr_register.o)
 .debug_pubnames
                0x000006ba       0x26 ../lights_bsp//libhal_bsp.a(alt_io_redirect.o)
 .debug_pubnames
                0x000006e0       0x32 ../lights_bsp//libhal_bsp.a(alt_irq_handler.o)
 .debug_pubnames
                0x00000712       0x3b ../lights_bsp//libhal_bsp.a(alt_irq_vars.o)
 .debug_pubnames
                0x0000074d       0x1b ../lights_bsp//libhal_bsp.a(alt_open.o)
 .debug_pubnames
                0x00000768       0x25 ../lights_bsp//libhal_bsp.a(alt_release_fd.o)
 .debug_pubnames
                0x0000078d       0x68 ../lights_bsp//libhal_bsp.a(alt_tick.o)
 .debug_pubnames
                0x000007f5       0x2c ../lights_bsp//libhal_bsp.a(altera_nios2_irq.o)
 .debug_pubnames
                0x00000821       0x24 ../lights_bsp//libhal_bsp.a(alt_find_file.o)
 .debug_pubnames
                0x00000845       0x21 ../lights_bsp//libhal_bsp.a(alt_get_fd.o)
 .debug_pubnames
                0x00000866       0x27 ../lights_bsp//libhal_bsp.a(alt_icache_flush.o)
 .debug_pubnames
                0x0000088d       0x2a /usr/local/3rdparty/altera/quartus12/nios2eds/bin/gnu/H-i686-pc-linux-gnu/bin/../lib/gcc/nios2-elf/4.1.2/../../../../nios2-elf/lib/libc.a(lib_a-atexit.o)
 .debug_pubnames
                0x000008b7       0x1b /usr/local/3rdparty/altera/quartus12/nios2eds/bin/gnu/H-i686-pc-linux-gnu/bin/../lib/gcc/nios2-elf/4.1.2/../../../../nios2-elf/lib/libc.a(lib_a-exit.o)
 .debug_pubnames
                0x000008d2       0x39 /usr/local/3rdparty/altera/quartus12/nios2eds/bin/gnu/H-i686-pc-linux-gnu/bin/../lib/gcc/nios2-elf/4.1.2/../../../../nios2-elf/lib/libc.a(lib_a-impure.o)
 .debug_pubnames
                0x0000090b       0x1c /usr/local/3rdparty/altera/quartus12/nios2eds/bin/gnu/H-i686-pc-linux-gnu/bin/../lib/gcc/nios2-elf/4.1.2/../../../../nios2-elf/lib/libc.a(lib_a-int_errno.o)
 .debug_pubnames
                0x00000927       0x1d /usr/local/3rdparty/altera/quartus12/nios2eds/bin/gnu/H-i686-pc-linux-gnu/bin/../lib/gcc/nios2-elf/4.1.2/../../../../nios2-elf/lib/libc.a(lib_a-memcmp.o)
 .debug_pubnames
                0x00000944       0x1d /usr/local/3rdparty/altera/quartus12/nios2eds/bin/gnu/H-i686-pc-linux-gnu/bin/../lib/gcc/nios2-elf/4.1.2/../../../../nios2-elf/lib/libc.a(lib_a-memcpy.o)
 .debug_pubnames
                0x00000961       0x1d /usr/local/3rdparty/altera/quartus12/nios2eds/bin/gnu/H-i686-pc-linux-gnu/bin/../lib/gcc/nios2-elf/4.1.2/../../../../nios2-elf/lib/libc.a(lib_a-strlen.o)
 .debug_pubnames
                0x0000097e       0x2a /usr/local/3rdparty/altera/quartus12/nios2eds/bin/gnu/H-i686-pc-linux-gnu/bin/../lib/gcc/nios2-elf/4.1.2/../../../../nios2-elf/lib/libc.a(lib_a-__atexit.o)
 .debug_pubnames
                0x000009a8       0x27 /usr/local/3rdparty/altera/quartus12/nios2eds/bin/gnu/H-i686-pc-linux-gnu/bin/../lib/gcc/nios2-elf/4.1.2/../../../../nios2-elf/lib/libc.a(lib_a-__call_atexit.o)
 .debug_pubnames
                0x000009cf       0x1c ../lights_bsp//libhal_bsp.a(alt_exit.o)

.debug_info     0x00000000     0xaeb8
 *(.debug_info .gnu.linkonce.wi.*)
 .debug_info    0x00000000       0x66 ../lights_bsp//obj/HAL/src/crt0.o
 .debug_info    0x00000066      0x45b obj/default/hello_world.o
 .debug_info    0x000004c1      0x278 ../lights_bsp//libhal_bsp.a(alt_load.o)
 .debug_info    0x00000739      0x210 ../lights_bsp//libhal_bsp.a(alt_main.o)
 .debug_info    0x00000949      0x857 ../lights_bsp//libhal_bsp.a(alt_sys_init.o)
 .debug_info    0x000011a0      0x7c4 ../lights_bsp//libhal_bsp.a(altera_avalon_jtag_uart_fd.o)
 .debug_info    0x00001964      0x5ec ../lights_bsp//libhal_bsp.a(altera_avalon_jtag_uart_init.o)
 .debug_info    0x00001f50      0x42e ../lights_bsp//libhal_bsp.a(altera_avalon_jtag_uart_ioctl.o)
 .debug_info    0x0000237e      0x531 ../lights_bsp//libhal_bsp.a(altera_avalon_jtag_uart_read.o)
 .debug_info    0x000028af      0x529 ../lights_bsp//libhal_bsp.a(altera_avalon_jtag_uart_write.o)
 .debug_info    0x00002dd8      0xe69 ../lights_bsp//libhal_bsp.a(altera_up_avalon_video_pixel_buffer_dma.o)
 .debug_info    0x00003c41      0x42d ../lights_bsp//libhal_bsp.a(alt_alarm_start.o)
 .debug_info    0x0000406e      0x452 ../lights_bsp//libhal_bsp.a(alt_close.o)
 .debug_info    0x000044c0      0x15a ../lights_bsp//libhal_bsp.a(alt_dcache_flush_all.o)
 .debug_info    0x0000461a      0x66a ../lights_bsp//libhal_bsp.a(alt_dev.o)
 .debug_info    0x00004c84      0x2a2 ../lights_bsp//libhal_bsp.a(alt_dev_llist_insert.o)
 .debug_info    0x00004f26       0xfa ../lights_bsp//libhal_bsp.a(alt_do_ctors.o)
 .debug_info    0x00005020       0xf9 ../lights_bsp//libhal_bsp.a(alt_do_dtors.o)
 .debug_info    0x00005119      0x14f ../lights_bsp//libhal_bsp.a(alt_errno.o)
 .debug_info    0x00005268      0x403 ../lights_bsp//libhal_bsp.a(alt_find_dev.o)
 .debug_info    0x0000566b      0x147 ../lights_bsp//libhal_bsp.a(alt_icache_flush_all.o)
 .debug_info    0x000057b2      0x47e ../lights_bsp//libhal_bsp.a(alt_iic.o)
 .debug_info    0x00005c30      0x2ff ../lights_bsp//libhal_bsp.a(alt_iic_isr_register.o)
 .debug_info    0x00005f2f      0x680 ../lights_bsp//libhal_bsp.a(alt_io_redirect.o)
 .debug_info    0x000065af       0x6f ../lights_bsp//libhal_bsp.a(alt_irq_entry.o)
 .debug_info    0x0000661e      0x260 ../lights_bsp//libhal_bsp.a(alt_irq_handler.o)
 .debug_info    0x0000687e      0x152 ../lights_bsp//libhal_bsp.a(alt_irq_vars.o)
 .debug_info    0x000069d0      0x510 ../lights_bsp//libhal_bsp.a(alt_open.o)
 .debug_info    0x00006ee0      0x3dd ../lights_bsp//libhal_bsp.a(alt_release_fd.o)
 .debug_info    0x000072bd      0x3e9 ../lights_bsp//libhal_bsp.a(alt_tick.o)
 .debug_info    0x000076a6      0x144 ../lights_bsp//libhal_bsp.a(altera_nios2_irq.o)
 .debug_info    0x000077ea       0x75 ../lights_bsp//libhal_bsp.a(alt_exception_entry.o)
 .debug_info    0x0000785f      0x40a ../lights_bsp//libhal_bsp.a(alt_find_file.o)
 .debug_info    0x00007c69      0x44b ../lights_bsp//libhal_bsp.a(alt_get_fd.o)
 .debug_info    0x000080b4      0x18f ../lights_bsp//libhal_bsp.a(alt_icache_flush.o)
 .debug_info    0x00008243      0x181 /usr/local/3rdparty/altera/quartus12/nios2eds/bin/gnu/H-i686-pc-linux-gnu/bin/../lib/gcc/nios2-elf/4.1.2/../../../../nios2-elf/lib/libc.a(lib_a-atexit.o)
 .debug_info    0x000083c4      0x93f /usr/local/3rdparty/altera/quartus12/nios2eds/bin/gnu/H-i686-pc-linux-gnu/bin/../lib/gcc/nios2-elf/4.1.2/../../../../nios2-elf/lib/libc.a(lib_a-exit.o)
 .debug_info    0x00008d03      0x93d /usr/local/3rdparty/altera/quartus12/nios2eds/bin/gnu/H-i686-pc-linux-gnu/bin/../lib/gcc/nios2-elf/4.1.2/../../../../nios2-elf/lib/libc.a(lib_a-impure.o)
 .debug_info    0x00009640       0x8c /usr/local/3rdparty/altera/quartus12/nios2eds/bin/gnu/H-i686-pc-linux-gnu/bin/../lib/gcc/nios2-elf/4.1.2/../../../../nios2-elf/lib/libc.a(lib_a-int_errno.o)
 .debug_info    0x000096cc      0x115 /usr/local/3rdparty/altera/quartus12/nios2eds/bin/gnu/H-i686-pc-linux-gnu/bin/../lib/gcc/nios2-elf/4.1.2/../../../../nios2-elf/lib/libc.a(lib_a-memcmp.o)
 .debug_info    0x000097e1      0x106 /usr/local/3rdparty/altera/quartus12/nios2eds/bin/gnu/H-i686-pc-linux-gnu/bin/../lib/gcc/nios2-elf/4.1.2/../../../../nios2-elf/lib/libc.a(lib_a-memcpy.o)
 .debug_info    0x000098e7       0xdb /usr/local/3rdparty/altera/quartus12/nios2eds/bin/gnu/H-i686-pc-linux-gnu/bin/../lib/gcc/nios2-elf/4.1.2/../../../../nios2-elf/lib/libc.a(lib_a-strlen.o)
 .debug_info    0x000099c2      0x99c /usr/local/3rdparty/altera/quartus12/nios2eds/bin/gnu/H-i686-pc-linux-gnu/bin/../lib/gcc/nios2-elf/4.1.2/../../../../nios2-elf/lib/libc.a(lib_a-__atexit.o)
 .debug_info    0x0000a35e      0x9e2 /usr/local/3rdparty/altera/quartus12/nios2eds/bin/gnu/H-i686-pc-linux-gnu/bin/../lib/gcc/nios2-elf/4.1.2/../../../../nios2-elf/lib/libc.a(lib_a-__call_atexit.o)
 .debug_info    0x0000ad40      0x178 ../lights_bsp//libhal_bsp.a(alt_exit.o)

.debug_abbrev   0x00000000     0x2691
 *(.debug_abbrev)
 .debug_abbrev  0x00000000       0x12 ../lights_bsp//obj/HAL/src/crt0.o
 .debug_abbrev  0x00000012      0x101 obj/default/hello_world.o
 .debug_abbrev  0x00000113       0x88 ../lights_bsp//libhal_bsp.a(alt_load.o)
 .debug_abbrev  0x0000019b       0xb7 ../lights_bsp//libhal_bsp.a(alt_main.o)
 .debug_abbrev  0x00000252      0x152 ../lights_bsp//libhal_bsp.a(alt_sys_init.o)
 .debug_abbrev  0x000003a4       0xf7 ../lights_bsp//libhal_bsp.a(altera_avalon_jtag_uart_fd.o)
 .debug_abbrev  0x0000049b      0x17c ../lights_bsp//libhal_bsp.a(altera_avalon_jtag_uart_init.o)
 .debug_abbrev  0x00000617       0xf0 ../lights_bsp//libhal_bsp.a(altera_avalon_jtag_uart_ioctl.o)
 .debug_abbrev  0x00000707      0x191 ../lights_bsp//libhal_bsp.a(altera_avalon_jtag_uart_read.o)
 .debug_abbrev  0x00000898      0x18d ../lights_bsp//libhal_bsp.a(altera_avalon_jtag_uart_write.o)
 .debug_abbrev  0x00000a25      0x196 ../lights_bsp//libhal_bsp.a(altera_up_avalon_video_pixel_buffer_dma.o)
 .debug_abbrev  0x00000bbb      0x172 ../lights_bsp//libhal_bsp.a(alt_alarm_start.o)
 .debug_abbrev  0x00000d2d       0xfb ../lights_bsp//libhal_bsp.a(alt_close.o)
 .debug_abbrev  0x00000e28       0x57 ../lights_bsp//libhal_bsp.a(alt_dcache_flush_all.o)
 .debug_abbrev  0x00000e7f       0xc7 ../lights_bsp//libhal_bsp.a(alt_dev.o)
 .debug_abbrev  0x00000f46       0xf6 ../lights_bsp//libhal_bsp.a(alt_dev_llist_insert.o)
 .debug_abbrev  0x0000103c       0x76 ../lights_bsp//libhal_bsp.a(alt_do_ctors.o)
 .debug_abbrev  0x000010b2       0x76 ../lights_bsp//libhal_bsp.a(alt_do_dtors.o)
 .debug_abbrev  0x00001128       0x5e ../lights_bsp//libhal_bsp.a(alt_errno.o)
 .debug_abbrev  0x00001186       0xcf ../lights_bsp//libhal_bsp.a(alt_find_dev.o)
 .debug_abbrev  0x00001255       0x3f ../lights_bsp//libhal_bsp.a(alt_icache_flush_all.o)
 .debug_abbrev  0x00001294      0x134 ../lights_bsp//libhal_bsp.a(alt_iic.o)
 .debug_abbrev  0x000013c8      0x14e ../lights_bsp//libhal_bsp.a(alt_iic_isr_register.o)
 .debug_abbrev  0x00001516       0xf0 ../lights_bsp//libhal_bsp.a(alt_io_redirect.o)
 .debug_abbrev  0x00001606       0x12 ../lights_bsp//libhal_bsp.a(alt_irq_entry.o)
 .debug_abbrev  0x00001618      0x10c ../lights_bsp//libhal_bsp.a(alt_irq_handler.o)
 .debug_abbrev  0x00001724       0x44 ../lights_bsp//libhal_bsp.a(alt_irq_vars.o)
 .debug_abbrev  0x00001768      0x112 ../lights_bsp//libhal_bsp.a(alt_open.o)
 .debug_abbrev  0x0000187a       0xc1 ../lights_bsp//libhal_bsp.a(alt_release_fd.o)
 .debug_abbrev  0x0000193b      0x150 ../lights_bsp//libhal_bsp.a(alt_tick.o)
 .debug_abbrev  0x00001a8b       0x3f ../lights_bsp//libhal_bsp.a(altera_nios2_irq.o)
 .debug_abbrev  0x00001aca       0x12 ../lights_bsp//libhal_bsp.a(alt_exception_entry.o)
 .debug_abbrev  0x00001adc       0xcf ../lights_bsp//libhal_bsp.a(alt_find_file.o)
 .debug_abbrev  0x00001bab       0xfb ../lights_bsp//libhal_bsp.a(alt_get_fd.o)
 .debug_abbrev  0x00001ca6       0x7a ../lights_bsp//libhal_bsp.a(alt_icache_flush.o)
 .debug_abbrev  0x00001d20       0xb7 /usr/local/3rdparty/altera/quartus12/nios2eds/bin/gnu/H-i686-pc-linux-gnu/bin/../lib/gcc/nios2-elf/4.1.2/../../../../nios2-elf/lib/libc.a(lib_a-atexit.o)
 .debug_abbrev  0x00001dd7      0x16e /usr/local/3rdparty/altera/quartus12/nios2eds/bin/gnu/H-i686-pc-linux-gnu/bin/../lib/gcc/nios2-elf/4.1.2/../../../../nios2-elf/lib/libc.a(lib_a-exit.o)
 .debug_abbrev  0x00001f45      0x157 /usr/local/3rdparty/altera/quartus12/nios2eds/bin/gnu/H-i686-pc-linux-gnu/bin/../lib/gcc/nios2-elf/4.1.2/../../../../nios2-elf/lib/libc.a(lib_a-impure.o)
 .debug_abbrev  0x0000209c       0x3b /usr/local/3rdparty/altera/quartus12/nios2eds/bin/gnu/H-i686-pc-linux-gnu/bin/../lib/gcc/nios2-elf/4.1.2/../../../../nios2-elf/lib/libc.a(lib_a-int_errno.o)
 .debug_abbrev  0x000020d7       0x7c /usr/local/3rdparty/altera/quartus12/nios2eds/bin/gnu/H-i686-pc-linux-gnu/bin/../lib/gcc/nios2-elf/4.1.2/../../../../nios2-elf/lib/libc.a(lib_a-memcmp.o)
 .debug_abbrev  0x00002153       0xb5 /usr/local/3rdparty/altera/quartus12/nios2eds/bin/gnu/H-i686-pc-linux-gnu/bin/../lib/gcc/nios2-elf/4.1.2/../../../../nios2-elf/lib/libc.a(lib_a-memcpy.o)
 .debug_abbrev  0x00002208       0x8b /usr/local/3rdparty/altera/quartus12/nios2eds/bin/gnu/H-i686-pc-linux-gnu/bin/../lib/gcc/nios2-elf/4.1.2/../../../../nios2-elf/lib/libc.a(lib_a-strlen.o)
 .debug_abbrev  0x00002293      0x1ae /usr/local/3rdparty/altera/quartus12/nios2eds/bin/gnu/H-i686-pc-linux-gnu/bin/../lib/gcc/nios2-elf/4.1.2/../../../../nios2-elf/lib/libc.a(lib_a-__atexit.o)
 .debug_abbrev  0x00002441      0x1de /usr/local/3rdparty/altera/quartus12/nios2eds/bin/gnu/H-i686-pc-linux-gnu/bin/../lib/gcc/nios2-elf/4.1.2/../../../../nios2-elf/lib/libc.a(lib_a-__call_atexit.o)
 .debug_abbrev  0x0000261f       0x72 ../lights_bsp//libhal_bsp.a(alt_exit.o)

.debug_line     0x00000000     0x7374
 *(.debug_line)
 .debug_line    0x00000000       0x72 ../lights_bsp//obj/HAL/src/crt0.o
 .debug_line    0x00000072      0x37c obj/default/hello_world.o
 .debug_line    0x000003ee      0x247 ../lights_bsp//libhal_bsp.a(alt_load.o)
 .debug_line    0x00000635      0x2fa ../lights_bsp//libhal_bsp.a(alt_main.o)
 .debug_line    0x0000092f      0x313 ../lights_bsp//libhal_bsp.a(alt_sys_init.o)
 .debug_line    0x00000c42      0x22f ../lights_bsp//libhal_bsp.a(altera_avalon_jtag_uart_fd.o)
 .debug_line    0x00000e71      0x4db ../lights_bsp//libhal_bsp.a(altera_avalon_jtag_uart_init.o)
 .debug_line    0x0000134c      0x347 ../lights_bsp//libhal_bsp.a(altera_avalon_jtag_uart_ioctl.o)
 .debug_line    0x00001693      0x427 ../lights_bsp//libhal_bsp.a(altera_avalon_jtag_uart_read.o)
 .debug_line    0x00001aba      0x435 ../lights_bsp//libhal_bsp.a(altera_avalon_jtag_uart_write.o)
 .debug_line    0x00001eef      0xbbb ../lights_bsp//libhal_bsp.a(altera_up_avalon_video_pixel_buffer_dma.o)
 .debug_line    0x00002aaa      0x30c ../lights_bsp//libhal_bsp.a(alt_alarm_start.o)
 .debug_line    0x00002db6      0x2c9 ../lights_bsp//libhal_bsp.a(alt_close.o)
 .debug_line    0x0000307f      0x1fd ../lights_bsp//libhal_bsp.a(alt_dcache_flush_all.o)
 .debug_line    0x0000327c      0x284 ../lights_bsp//libhal_bsp.a(alt_dev.o)
 .debug_line    0x00003500      0x28a ../lights_bsp//libhal_bsp.a(alt_dev_llist_insert.o)
 .debug_line    0x0000378a       0x83 ../lights_bsp//libhal_bsp.a(alt_do_ctors.o)
 .debug_line    0x0000380d       0x83 ../lights_bsp//libhal_bsp.a(alt_do_dtors.o)
 .debug_line    0x00003890      0x1da ../lights_bsp//libhal_bsp.a(alt_errno.o)
 .debug_line    0x00003a6a      0x29b ../lights_bsp//libhal_bsp.a(alt_find_dev.o)
 .debug_line    0x00003d05      0x1ed ../lights_bsp//libhal_bsp.a(alt_icache_flush_all.o)
 .debug_line    0x00003ef2      0x2f8 ../lights_bsp//libhal_bsp.a(alt_iic.o)
 .debug_line    0x000041ea      0x279 ../lights_bsp//libhal_bsp.a(alt_iic_isr_register.o)
 .debug_line    0x00004463      0x2e4 ../lights_bsp//libhal_bsp.a(alt_io_redirect.o)
 .debug_line    0x00004747       0x6b ../lights_bsp//libhal_bsp.a(alt_irq_entry.o)
 .debug_line    0x000047b2      0x278 ../lights_bsp//libhal_bsp.a(alt_irq_handler.o)
 .debug_line    0x00004a2a       0x72 ../lights_bsp//libhal_bsp.a(alt_irq_vars.o)
 .debug_line    0x00004a9c      0x32f ../lights_bsp//libhal_bsp.a(alt_open.o)
 .debug_line    0x00004dcb       0xed ../lights_bsp//libhal_bsp.a(alt_release_fd.o)
 .debug_line    0x00004eb8      0x30c ../lights_bsp//libhal_bsp.a(alt_tick.o)
 .debug_line    0x000051c4      0x1f9 ../lights_bsp//libhal_bsp.a(altera_nios2_irq.o)
 .debug_line    0x000053bd       0xab ../lights_bsp//libhal_bsp.a(alt_exception_entry.o)
 .debug_line    0x00005468      0x2ac ../lights_bsp//libhal_bsp.a(alt_find_file.o)
 .debug_line    0x00005714      0x2c7 ../lights_bsp//libhal_bsp.a(alt_get_fd.o)
 .debug_line    0x000059db      0x229 ../lights_bsp//libhal_bsp.a(alt_icache_flush.o)
 .debug_line    0x00005c04      0x1fa /usr/local/3rdparty/altera/quartus12/nios2eds/bin/gnu/H-i686-pc-linux-gnu/bin/../lib/gcc/nios2-elf/4.1.2/../../../../nios2-elf/lib/libc.a(lib_a-atexit.o)
 .debug_line    0x00005dfe      0x232 /usr/local/3rdparty/altera/quartus12/nios2eds/bin/gnu/H-i686-pc-linux-gnu/bin/../lib/gcc/nios2-elf/4.1.2/../../../../nios2-elf/lib/libc.a(lib_a-exit.o)
 .debug_line    0x00006030      0x224 /usr/local/3rdparty/altera/quartus12/nios2eds/bin/gnu/H-i686-pc-linux-gnu/bin/../lib/gcc/nios2-elf/4.1.2/../../../../nios2-elf/lib/libc.a(lib_a-impure.o)
 .debug_line    0x00006254      0x1d9 /usr/local/3rdparty/altera/quartus12/nios2eds/bin/gnu/H-i686-pc-linux-gnu/bin/../lib/gcc/nios2-elf/4.1.2/../../../../nios2-elf/lib/libc.a(lib_a-int_errno.o)
 .debug_line    0x0000642d      0x296 /usr/local/3rdparty/altera/quartus12/nios2eds/bin/gnu/H-i686-pc-linux-gnu/bin/../lib/gcc/nios2-elf/4.1.2/../../../../nios2-elf/lib/libc.a(lib_a-memcmp.o)
 .debug_line    0x000066c3      0x1a9 /usr/local/3rdparty/altera/quartus12/nios2eds/bin/gnu/H-i686-pc-linux-gnu/bin/../lib/gcc/nios2-elf/4.1.2/../../../../nios2-elf/lib/libc.a(lib_a-memcpy.o)
 .debug_line    0x0000686c      0x264 /usr/local/3rdparty/altera/quartus12/nios2eds/bin/gnu/H-i686-pc-linux-gnu/bin/../lib/gcc/nios2-elf/4.1.2/../../../../nios2-elf/lib/libc.a(lib_a-strlen.o)
 .debug_line    0x00006ad0      0x30d /usr/local/3rdparty/altera/quartus12/nios2eds/bin/gnu/H-i686-pc-linux-gnu/bin/../lib/gcc/nios2-elf/4.1.2/../../../../nios2-elf/lib/libc.a(lib_a-__atexit.o)
 .debug_line    0x00006ddd      0x361 /usr/local/3rdparty/altera/quartus12/nios2eds/bin/gnu/H-i686-pc-linux-gnu/bin/../lib/gcc/nios2-elf/4.1.2/../../../../nios2-elf/lib/libc.a(lib_a-__call_atexit.o)
 .debug_line    0x0000713e      0x236 ../lights_bsp//libhal_bsp.a(alt_exit.o)

.debug_frame    0x00000000      0x9c8
 *(.debug_frame)
 .debug_frame   0x00000000       0x30 obj/default/hello_world.o
 .debug_frame   0x00000030       0x48 ../lights_bsp//libhal_bsp.a(alt_load.o)
 .debug_frame   0x00000078       0x2c ../lights_bsp//libhal_bsp.a(alt_main.o)
 .debug_frame   0x000000a4       0x64 ../lights_bsp//libhal_bsp.a(alt_sys_init.o)
 .debug_frame   0x00000108       0x80 ../lights_bsp//libhal_bsp.a(altera_avalon_jtag_uart_fd.o)
 .debug_frame   0x00000188       0x80 ../lights_bsp//libhal_bsp.a(altera_avalon_jtag_uart_init.o)
 .debug_frame   0x00000208       0x2c ../lights_bsp//libhal_bsp.a(altera_avalon_jtag_uart_ioctl.o)
 .debug_frame   0x00000234       0x2c ../lights_bsp//libhal_bsp.a(altera_avalon_jtag_uart_read.o)
 .debug_frame   0x00000260       0x2c ../lights_bsp//libhal_bsp.a(altera_avalon_jtag_uart_write.o)
 .debug_frame   0x0000028c      0x160 ../lights_bsp//libhal_bsp.a(altera_up_avalon_video_pixel_buffer_dma.o)
 .debug_frame   0x000003ec       0x2c ../lights_bsp//libhal_bsp.a(alt_alarm_start.o)
 .debug_frame   0x00000418       0x48 ../lights_bsp//libhal_bsp.a(alt_close.o)
 .debug_frame   0x00000460       0x2c ../lights_bsp//libhal_bsp.a(alt_dcache_flush_all.o)
 .debug_frame   0x0000048c       0x2c ../lights_bsp//libhal_bsp.a(alt_dev.o)
 .debug_frame   0x000004b8       0x48 ../lights_bsp//libhal_bsp.a(alt_dev_llist_insert.o)
 .debug_frame   0x00000500       0x2c ../lights_bsp//libhal_bsp.a(alt_do_ctors.o)
 .debug_frame   0x0000052c       0x2c ../lights_bsp//libhal_bsp.a(alt_do_dtors.o)
 .debug_frame   0x00000558       0x2c ../lights_bsp//libhal_bsp.a(alt_find_dev.o)
 .debug_frame   0x00000584       0x2c ../lights_bsp//libhal_bsp.a(alt_icache_flush_all.o)
 .debug_frame   0x000005b0       0x80 ../lights_bsp//libhal_bsp.a(alt_iic.o)
 .debug_frame   0x00000630       0x2c ../lights_bsp//libhal_bsp.a(alt_iic_isr_register.o)
 .debug_frame   0x0000065c       0x48 ../lights_bsp//libhal_bsp.a(alt_io_redirect.o)
 .debug_frame   0x000006a4       0x2c ../lights_bsp//libhal_bsp.a(alt_irq_handler.o)
 .debug_frame   0x000006d0       0x64 ../lights_bsp//libhal_bsp.a(alt_open.o)
 .debug_frame   0x00000734       0x2c ../lights_bsp//libhal_bsp.a(alt_release_fd.o)
 .debug_frame   0x00000760       0x48 ../lights_bsp//libhal_bsp.a(alt_tick.o)
 .debug_frame   0x000007a8       0x2c ../lights_bsp//libhal_bsp.a(altera_nios2_irq.o)
 .debug_frame   0x000007d4       0x2c ../lights_bsp//libhal_bsp.a(alt_find_file.o)
 .debug_frame   0x00000800       0x2c ../lights_bsp//libhal_bsp.a(alt_get_fd.o)
 .debug_frame   0x0000082c       0x2c ../lights_bsp//libhal_bsp.a(alt_icache_flush.o)
 .debug_frame   0x00000858       0x20 /usr/local/3rdparty/altera/quartus12/nios2eds/bin/gnu/H-i686-pc-linux-gnu/bin/../lib/gcc/nios2-elf/4.1.2/../../../../nios2-elf/lib/libc.a(lib_a-atexit.o)
 .debug_frame   0x00000878       0x28 /usr/local/3rdparty/altera/quartus12/nios2eds/bin/gnu/H-i686-pc-linux-gnu/bin/../lib/gcc/nios2-elf/4.1.2/../../../../nios2-elf/lib/libc.a(lib_a-exit.o)
 .debug_frame   0x000008a0       0x20 /usr/local/3rdparty/altera/quartus12/nios2eds/bin/gnu/H-i686-pc-linux-gnu/bin/../lib/gcc/nios2-elf/4.1.2/../../../../nios2-elf/lib/libc.a(lib_a-memcmp.o)
 .debug_frame   0x000008c0       0x20 /usr/local/3rdparty/altera/quartus12/nios2eds/bin/gnu/H-i686-pc-linux-gnu/bin/../lib/gcc/nios2-elf/4.1.2/../../../../nios2-elf/lib/libc.a(lib_a-memcpy.o)
 .debug_frame   0x000008e0       0x20 /usr/local/3rdparty/altera/quartus12/nios2eds/bin/gnu/H-i686-pc-linux-gnu/bin/../lib/gcc/nios2-elf/4.1.2/../../../../nios2-elf/lib/libc.a(lib_a-strlen.o)
 .debug_frame   0x00000900       0x34 /usr/local/3rdparty/altera/quartus12/nios2eds/bin/gnu/H-i686-pc-linux-gnu/bin/../lib/gcc/nios2-elf/4.1.2/../../../../nios2-elf/lib/libc.a(lib_a-__atexit.o)
 .debug_frame   0x00000934       0x4c /usr/local/3rdparty/altera/quartus12/nios2eds/bin/gnu/H-i686-pc-linux-gnu/bin/../lib/gcc/nios2-elf/4.1.2/../../../../nios2-elf/lib/libc.a(lib_a-__call_atexit.o)
 .debug_frame   0x00000980       0x48 ../lights_bsp//libhal_bsp.a(alt_exit.o)

.debug_str      0x00000000      0xcea
 *(.debug_str)
 .debug_str     0x00000000      0x20f obj/default/hello_world.o
                                0x290 (size before relaxing)
 .debug_str     0x0000020f       0x12 ../lights_bsp//libhal_bsp.a(alt_load.o)
 .debug_str     0x00000221       0x12 ../lights_bsp//libhal_bsp.a(alt_main.o)
 .debug_str     0x00000233       0x2e ../lights_bsp//libhal_bsp.a(alt_sys_init.o)
 .debug_str     0x00000261       0x12 ../lights_bsp//libhal_bsp.a(altera_avalon_jtag_uart_fd.o)
 .debug_str     0x00000273       0x1a ../lights_bsp//libhal_bsp.a(altera_avalon_jtag_uart_init.o)
 .debug_str     0x0000028d       0x12 ../lights_bsp//libhal_bsp.a(altera_avalon_jtag_uart_ioctl.o)
 .debug_str     0x0000029f       0x1a ../lights_bsp//libhal_bsp.a(altera_avalon_jtag_uart_read.o)
 .debug_str     0x000002b9       0x1a ../lights_bsp//libhal_bsp.a(altera_avalon_jtag_uart_write.o)
 .debug_str     0x000002d3       0x93 ../lights_bsp//libhal_bsp.a(altera_up_avalon_video_pixel_buffer_dma.o)
 .debug_str     0x00000366       0x23 ../lights_bsp//libhal_bsp.a(alt_alarm_start.o)
 .debug_str     0x00000389       0x12 ../lights_bsp//libhal_bsp.a(alt_close.o)
 .debug_str     0x0000039b       0x12 ../lights_bsp//libhal_bsp.a(alt_dcache_flush_all.o)
 .debug_str     0x000003ad       0x12 ../lights_bsp//libhal_bsp.a(alt_dev.o)
 .debug_str     0x000003bf       0x12 ../lights_bsp//libhal_bsp.a(alt_dev_llist_insert.o)
 .debug_str     0x000003d1       0x12 ../lights_bsp//libhal_bsp.a(alt_errno.o)
 .debug_str     0x000003e3       0x12 ../lights_bsp//libhal_bsp.a(alt_find_dev.o)
 .debug_str     0x000003f5       0x12 ../lights_bsp//libhal_bsp.a(alt_icache_flush_all.o)
 .debug_str     0x00000407       0x18 ../lights_bsp//libhal_bsp.a(alt_iic.o)
 .debug_str     0x0000041f       0x1a ../lights_bsp//libhal_bsp.a(alt_iic_isr_register.o)
 .debug_str     0x00000439       0x12 ../lights_bsp//libhal_bsp.a(alt_io_redirect.o)
 .debug_str     0x0000044b       0x12 ../lights_bsp//libhal_bsp.a(alt_irq_handler.o)
 .debug_str     0x0000045d       0x12 ../lights_bsp//libhal_bsp.a(alt_open.o)
 .debug_str     0x0000046f       0x1a ../lights_bsp//libhal_bsp.a(alt_tick.o)
 .debug_str     0x00000489       0x12 ../lights_bsp//libhal_bsp.a(altera_nios2_irq.o)
 .debug_str     0x0000049b       0x12 ../lights_bsp//libhal_bsp.a(alt_find_file.o)
 .debug_str     0x000004ad       0x12 ../lights_bsp//libhal_bsp.a(alt_get_fd.o)
 .debug_str     0x000004bf       0x12 ../lights_bsp//libhal_bsp.a(alt_icache_flush.o)
 .debug_str     0x000004d1      0x11f /usr/local/3rdparty/altera/quartus12/nios2eds/bin/gnu/H-i686-pc-linux-gnu/bin/../lib/gcc/nios2-elf/4.1.2/../../../../nios2-elf/lib/libc.a(lib_a-atexit.o)
                                0x1c1 (size before relaxing)
 .debug_str     0x000005f0      0x36e /usr/local/3rdparty/altera/quartus12/nios2eds/bin/gnu/H-i686-pc-linux-gnu/bin/../lib/gcc/nios2-elf/4.1.2/../../../../nios2-elf/lib/libc.a(lib_a-exit.o)
                                0x50e (size before relaxing)
 .debug_str     0x0000095e       0xd3 /usr/local/3rdparty/altera/quartus12/nios2eds/bin/gnu/H-i686-pc-linux-gnu/bin/../lib/gcc/nios2-elf/4.1.2/../../../../nios2-elf/lib/libc.a(lib_a-impure.o)
                                0x51c (size before relaxing)
 .debug_str     0x00000a31       0x3d /usr/local/3rdparty/altera/quartus12/nios2eds/bin/gnu/H-i686-pc-linux-gnu/bin/../lib/gcc/nios2-elf/4.1.2/../../../../nios2-elf/lib/libc.a(lib_a-int_errno.o)
                                0x165 (size before relaxing)
 .debug_str     0x00000a6e       0xd7 /usr/local/3rdparty/altera/quartus12/nios2eds/bin/gnu/H-i686-pc-linux-gnu/bin/../lib/gcc/nios2-elf/4.1.2/../../../../nios2-elf/lib/libc.a(lib_a-memcmp.o)
                                0x16c (size before relaxing)
 .debug_str     0x00000b45       0x69 /usr/local/3rdparty/altera/quartus12/nios2eds/bin/gnu/H-i686-pc-linux-gnu/bin/../lib/gcc/nios2-elf/4.1.2/../../../../nios2-elf/lib/libc.a(lib_a-memcpy.o)
                                0x12a (size before relaxing)
 .debug_str     0x00000bae       0x4f /usr/local/3rdparty/altera/quartus12/nios2eds/bin/gnu/H-i686-pc-linux-gnu/bin/../lib/gcc/nios2-elf/4.1.2/../../../../nios2-elf/lib/libc.a(lib_a-strlen.o)
                                0x17f (size before relaxing)
 .debug_str     0x00000bfd       0x56 /usr/local/3rdparty/altera/quartus12/nios2eds/bin/gnu/H-i686-pc-linux-gnu/bin/../lib/gcc/nios2-elf/4.1.2/../../../../nios2-elf/lib/libc.a(lib_a-__atexit.o)
                                0x526 (size before relaxing)
 .debug_str     0x00000c53       0x7b /usr/local/3rdparty/altera/quartus12/nios2eds/bin/gnu/H-i686-pc-linux-gnu/bin/../lib/gcc/nios2-elf/4.1.2/../../../../nios2-elf/lib/libc.a(lib_a-__call_atexit.o)
                                0x550 (size before relaxing)
 .debug_str     0x00000cce       0x1c ../lights_bsp//libhal_bsp.a(alt_exit.o)

.debug_loc      0x00000000      0xf95
 *(.debug_loc)
 .debug_loc     0x00000000       0x1f obj/default/hello_world.o
 .debug_loc     0x0000001f       0x56 ../lights_bsp//libhal_bsp.a(alt_load.o)
 .debug_loc     0x00000075       0x2b ../lights_bsp//libhal_bsp.a(alt_main.o)
 .debug_loc     0x000000a0       0x81 ../lights_bsp//libhal_bsp.a(alt_sys_init.o)
 .debug_loc     0x00000121       0xac ../lights_bsp//libhal_bsp.a(altera_avalon_jtag_uart_fd.o)
 .debug_loc     0x000001cd       0xac ../lights_bsp//libhal_bsp.a(altera_avalon_jtag_uart_init.o)
 .debug_loc     0x00000279       0x2b ../lights_bsp//libhal_bsp.a(altera_avalon_jtag_uart_ioctl.o)
 .debug_loc     0x000002a4       0x2b ../lights_bsp//libhal_bsp.a(altera_avalon_jtag_uart_read.o)
 .debug_loc     0x000002cf       0x2b ../lights_bsp//libhal_bsp.a(altera_avalon_jtag_uart_write.o)
 .debug_loc     0x000002fa      0x206 ../lights_bsp//libhal_bsp.a(altera_up_avalon_video_pixel_buffer_dma.o)
 .debug_loc     0x00000500       0x2b ../lights_bsp//libhal_bsp.a(alt_alarm_start.o)
 .debug_loc     0x0000052b       0x56 ../lights_bsp//libhal_bsp.a(alt_close.o)
 .debug_loc     0x00000581       0x2b ../lights_bsp//libhal_bsp.a(alt_dcache_flush_all.o)
 .debug_loc     0x000005ac       0x2b ../lights_bsp//libhal_bsp.a(alt_dev.o)
 .debug_loc     0x000005d7       0x56 ../lights_bsp//libhal_bsp.a(alt_dev_llist_insert.o)
 .debug_loc     0x0000062d       0x2b ../lights_bsp//libhal_bsp.a(alt_do_ctors.o)
 .debug_loc     0x00000658       0x2b ../lights_bsp//libhal_bsp.a(alt_do_dtors.o)
 .debug_loc     0x00000683       0x2b ../lights_bsp//libhal_bsp.a(alt_find_dev.o)
 .debug_loc     0x000006ae       0x2b ../lights_bsp//libhal_bsp.a(alt_icache_flush_all.o)
 .debug_loc     0x000006d9       0xac ../lights_bsp//libhal_bsp.a(alt_iic.o)
 .debug_loc     0x00000785       0x2b ../lights_bsp//libhal_bsp.a(alt_iic_isr_register.o)
 .debug_loc     0x000007b0       0x56 ../lights_bsp//libhal_bsp.a(alt_io_redirect.o)
 .debug_loc     0x00000806       0x2b ../lights_bsp//libhal_bsp.a(alt_irq_handler.o)
 .debug_loc     0x00000831       0x81 ../lights_bsp//libhal_bsp.a(alt_open.o)
 .debug_loc     0x000008b2       0x2b ../lights_bsp//libhal_bsp.a(alt_release_fd.o)
 .debug_loc     0x000008dd       0x56 ../lights_bsp//libhal_bsp.a(alt_tick.o)
 .debug_loc     0x00000933       0x2b ../lights_bsp//libhal_bsp.a(altera_nios2_irq.o)
 .debug_loc     0x0000095e       0x2b ../lights_bsp//libhal_bsp.a(alt_find_file.o)
 .debug_loc     0x00000989       0x2b ../lights_bsp//libhal_bsp.a(alt_get_fd.o)
 .debug_loc     0x000009b4       0x2b ../lights_bsp//libhal_bsp.a(alt_icache_flush.o)
 .debug_loc     0x000009df       0x1e /usr/local/3rdparty/altera/quartus12/nios2eds/bin/gnu/H-i686-pc-linux-gnu/bin/../lib/gcc/nios2-elf/4.1.2/../../../../nios2-elf/lib/libc.a(lib_a-atexit.o)
 .debug_loc     0x000009fd       0x3d /usr/local/3rdparty/altera/quartus12/nios2eds/bin/gnu/H-i686-pc-linux-gnu/bin/../lib/gcc/nios2-elf/4.1.2/../../../../nios2-elf/lib/libc.a(lib_a-exit.o)
 .debug_loc     0x00000a3a      0x114 /usr/local/3rdparty/altera/quartus12/nios2eds/bin/gnu/H-i686-pc-linux-gnu/bin/../lib/gcc/nios2-elf/4.1.2/../../../../nios2-elf/lib/libc.a(lib_a-memcmp.o)
 .debug_loc     0x00000b4e       0xca /usr/local/3rdparty/altera/quartus12/nios2eds/bin/gnu/H-i686-pc-linux-gnu/bin/../lib/gcc/nios2-elf/4.1.2/../../../../nios2-elf/lib/libc.a(lib_a-memcpy.o)
 .debug_loc     0x00000c18       0x3c /usr/local/3rdparty/altera/quartus12/nios2eds/bin/gnu/H-i686-pc-linux-gnu/bin/../lib/gcc/nios2-elf/4.1.2/../../../../nios2-elf/lib/libc.a(lib_a-strlen.o)
 .debug_loc     0x00000c54      0x120 /usr/local/3rdparty/altera/quartus12/nios2eds/bin/gnu/H-i686-pc-linux-gnu/bin/../lib/gcc/nios2-elf/4.1.2/../../../../nios2-elf/lib/libc.a(lib_a-__atexit.o)
 .debug_loc     0x00000d74      0x1cb /usr/local/3rdparty/altera/quartus12/nios2eds/bin/gnu/H-i686-pc-linux-gnu/bin/../lib/gcc/nios2-elf/4.1.2/../../../../nios2-elf/lib/libc.a(lib_a-__call_atexit.o)
 .debug_loc     0x00000f3f       0x56 ../lights_bsp//libhal_bsp.a(alt_exit.o)

.debug_macinfo
 *(.debug_macinfo)

.debug_weaknames
 *(.debug_weaknames)

.debug_funcnames
 *(.debug_funcnames)

.debug_typenames
 *(.debug_typenames)

.debug_varnames
 *(.debug_varnames)

.debug_alt_sim_info
                0x00000000       0x30
 *(.debug_alt_sim_info)
 .debug_alt_sim_info
                0x00000000       0x30 ../lights_bsp//obj/HAL/src/crt0.o
                0x10000000                __alt_data_end = 0x10000000
                0x10000000                PROVIDE (__alt_stack_pointer, __alt_data_end)
                0x08006d3c                PROVIDE (__alt_stack_limit, __alt_stack_base)
                0x08006d3c                PROVIDE (__alt_heap_start, end)
                0x10000000                PROVIDE (__alt_heap_limit, 0x10000000)
OUTPUT(lights.elf elf32-littlenios2)

.debug_ranges   0x00000000       0x90
 .debug_ranges  0x00000000       0x20 ../lights_bsp//obj/HAL/src/crt0.o
 .debug_ranges  0x00000020       0x28 ../lights_bsp//libhal_bsp.a(alt_irq_entry.o)
 .debug_ranges  0x00000048       0x30 ../lights_bsp//libhal_bsp.a(alt_exception_entry.o)
 .debug_ranges  0x00000078       0x18 /usr/local/3rdparty/altera/quartus12/nios2eds/bin/gnu/H-i686-pc-linux-gnu/bin/../lib/gcc/nios2-elf/4.1.2/../../../../nios2-elf/lib/libc.a(lib_a-__call_atexit.o)
