Archive member included because of file (symbol)

/usr/local/3rdparty/altera/quartus12/nios2eds/bin/gnu/H-i686-pc-linux-gnu/bin/../lib/gcc/nios2-elf/4.1.2/../../../../nios2-elf/lib/libc.a(lib_a-fwrite.o)
                              obj/default/hello_world.o (fwrite)
/usr/local/3rdparty/altera/quartus12/nios2eds/bin/gnu/H-i686-pc-linux-gnu/bin/../lib/gcc/nios2-elf/4.1.2/../../../../nios2-elf/lib/libc.a(lib_a-impure.o)
                              obj/default/hello_world.o (_impure_ptr)
/usr/local/3rdparty/altera/quartus12/nios2eds/bin/gnu/H-i686-pc-linux-gnu/bin/../lib/gcc/nios2-elf/4.1.2/../../../../nios2-elf/lib/libc.a(lib_a-puts.o)
                              obj/default/hello_world.o (puts)
/usr/local/3rdparty/altera/quartus12/nios2eds/bin/gnu/H-i686-pc-linux-gnu/bin/../lib/gcc/nios2-elf/4.1.2/../../../../nios2-elf/lib/libc.a(lib_a-strlen.o)
                              /usr/local/3rdparty/altera/quartus12/nios2eds/bin/gnu/H-i686-pc-linux-gnu/bin/../lib/gcc/nios2-elf/4.1.2/../../../../nios2-elf/lib/libc.a(lib_a-puts.o) (strlen)
/usr/local/3rdparty/altera/quartus12/nios2eds/bin/gnu/H-i686-pc-linux-gnu/bin/../lib/gcc/nios2-elf/4.1.2/../../../../nios2-elf/lib/libc.a(lib_a-findfp.o)
                              /usr/local/3rdparty/altera/quartus12/nios2eds/bin/gnu/H-i686-pc-linux-gnu/bin/../lib/gcc/nios2-elf/4.1.2/../../../../nios2-elf/lib/libc.a(lib_a-fwrite.o) (__sinit)
/usr/local/3rdparty/altera/quartus12/nios2eds/bin/gnu/H-i686-pc-linux-gnu/bin/../lib/gcc/nios2-elf/4.1.2/../../../../nios2-elf/lib/libc.a(lib_a-fvwrite.o)
                              /usr/local/3rdparty/altera/quartus12/nios2eds/bin/gnu/H-i686-pc-linux-gnu/bin/../lib/gcc/nios2-elf/4.1.2/../../../../nios2-elf/lib/libc.a(lib_a-fwrite.o) (__sfvwrite_r)
/usr/local/3rdparty/altera/quartus12/nios2eds/bin/gnu/H-i686-pc-linux-gnu/bin/../lib/gcc/nios2-elf/4.1.2/../../../../nios2-elf/lib/libc.a(lib_a-fwalk.o)
                              /usr/local/3rdparty/altera/quartus12/nios2eds/bin/gnu/H-i686-pc-linux-gnu/bin/../lib/gcc/nios2-elf/4.1.2/../../../../nios2-elf/lib/libc.a(lib_a-findfp.o) (_fwalk)
/usr/local/3rdparty/altera/quartus12/nios2eds/bin/gnu/H-i686-pc-linux-gnu/bin/../lib/gcc/nios2-elf/4.1.2/../../../../nios2-elf/lib/libc.a(lib_a-mallocr.o)
                              /usr/local/3rdparty/altera/quartus12/nios2eds/bin/gnu/H-i686-pc-linux-gnu/bin/../lib/gcc/nios2-elf/4.1.2/../../../../nios2-elf/lib/libc.a(lib_a-findfp.o) (_malloc_r)
/usr/local/3rdparty/altera/quartus12/nios2eds/bin/gnu/H-i686-pc-linux-gnu/bin/../lib/gcc/nios2-elf/4.1.2/../../../../nios2-elf/lib/libc.a(lib_a-memchr.o)
                              /usr/local/3rdparty/altera/quartus12/nios2eds/bin/gnu/H-i686-pc-linux-gnu/bin/../lib/gcc/nios2-elf/4.1.2/../../../../nios2-elf/lib/libc.a(lib_a-fvwrite.o) (memchr)
/usr/local/3rdparty/altera/quartus12/nios2eds/bin/gnu/H-i686-pc-linux-gnu/bin/../lib/gcc/nios2-elf/4.1.2/../../../../nios2-elf/lib/libc.a(lib_a-memcpy.o)
                              /usr/local/3rdparty/altera/quartus12/nios2eds/bin/gnu/H-i686-pc-linux-gnu/bin/../lib/gcc/nios2-elf/4.1.2/../../../../nios2-elf/lib/libc.a(lib_a-fvwrite.o) (memcpy)
/usr/local/3rdparty/altera/quartus12/nios2eds/bin/gnu/H-i686-pc-linux-gnu/bin/../lib/gcc/nios2-elf/4.1.2/../../../../nios2-elf/lib/libc.a(lib_a-memmove.o)
                              /usr/local/3rdparty/altera/quartus12/nios2eds/bin/gnu/H-i686-pc-linux-gnu/bin/../lib/gcc/nios2-elf/4.1.2/../../../../nios2-elf/lib/libc.a(lib_a-fvwrite.o) (memmove)
/usr/local/3rdparty/altera/quartus12/nios2eds/bin/gnu/H-i686-pc-linux-gnu/bin/../lib/gcc/nios2-elf/4.1.2/../../../../nios2-elf/lib/libc.a(lib_a-memset.o)
                              /usr/local/3rdparty/altera/quartus12/nios2eds/bin/gnu/H-i686-pc-linux-gnu/bin/../lib/gcc/nios2-elf/4.1.2/../../../../nios2-elf/lib/libc.a(lib_a-findfp.o) (memset)
/usr/local/3rdparty/altera/quartus12/nios2eds/bin/gnu/H-i686-pc-linux-gnu/bin/../lib/gcc/nios2-elf/4.1.2/../../../../nios2-elf/lib/libc.a(lib_a-reallocr.o)
                              /usr/local/3rdparty/altera/quartus12/nios2eds/bin/gnu/H-i686-pc-linux-gnu/bin/../lib/gcc/nios2-elf/4.1.2/../../../../nios2-elf/lib/libc.a(lib_a-fvwrite.o) (_realloc_r)
/usr/local/3rdparty/altera/quartus12/nios2eds/bin/gnu/H-i686-pc-linux-gnu/bin/../lib/gcc/nios2-elf/4.1.2/../../../../nios2-elf/lib/libc.a(lib_a-sbrkr.o)
                              /usr/local/3rdparty/altera/quartus12/nios2eds/bin/gnu/H-i686-pc-linux-gnu/bin/../lib/gcc/nios2-elf/4.1.2/../../../../nios2-elf/lib/libc.a(lib_a-mallocr.o) (_sbrk_r)
/usr/local/3rdparty/altera/quartus12/nios2eds/bin/gnu/H-i686-pc-linux-gnu/bin/../lib/gcc/nios2-elf/4.1.2/../../../../nios2-elf/lib/libc.a(lib_a-stdio.o)
                              /usr/local/3rdparty/altera/quartus12/nios2eds/bin/gnu/H-i686-pc-linux-gnu/bin/../lib/gcc/nios2-elf/4.1.2/../../../../nios2-elf/lib/libc.a(lib_a-findfp.o) (__sclose)
[...]
Memory Configuration

Name             Origin             Length             Attributes
reset            0x08000000         0x00000020
sdram_0          0x08000020         0x07ffffe0
*default*        0x00000000         0xffffffff

Linker script and memory map

LOAD ../lights_bsp//obj/HAL/src/crt0.o
LOAD obj/default/hello_world.o
LOAD /usr/local/3rdparty/altera/quartus12/nios2eds/bin/gnu/H-i686-pc-linux-gnu/bin/../lib/gcc/nios2-elf/4.1.2/../../../../nios2-elf/lib/libstdc++.a
LOAD /usr/local/3rdparty/altera/quartus12/nios2eds/bin/gnu/H-i686-pc-linux-gnu/bin/../lib/gcc/nios2-elf/4.1.2/../../../../nios2-elf/lib/libm.a
LOAD /usr/local/3rdparty/altera/quartus12/nios2eds/bin/gnu/H-i686-pc-linux-gnu/bin/../lib/gcc/nios2-elf/4.1.2/libgcc.a
START GROUP
LOAD /usr/local/3rdparty/altera/quartus12/nios2eds/bin/gnu/H-i686-pc-linux-gnu/bin/../lib/gcc/nios2-elf/4.1.2/../../../../nios2-elf/lib/libc.a
LOAD /usr/local/3rdparty/altera/quartus12/nios2eds/bin/gnu/H-i686-pc-linux-gnu/bin/../lib/gcc/nios2-elf/4.1.2/libgcc.a
LOAD ../lights_bsp//libhal_bsp.a
END GROUP
LOAD /usr/local/3rdparty/altera/quartus12/nios2eds/bin/gnu/H-i686-pc-linux-gnu/bin/../lib/gcc/nios2-elf/4.1.2/libgcc.a
                0x08000000                __alt_mem_sdram_0 = 0x8000000

.entry          0x08000000       0x20
 *(.entry)
 .entry         0x08000000       0x20 ../lights_bsp//obj/HAL/src/crt0.o
                0x08000000                __reset

.exceptions     0x08000020      0x194
                0x08000020                PROVIDE (__ram_exceptions_start, ABSOLUTE (.))
                0x08000020                . = ALIGN (0x20)
 *(.irq)
 *(.exceptions.entry.label)
 .exceptions.entry.label
                0x08000020        0x0 ../lights_bsp//libhal_bsp.a(alt_irq_entry.o)
                0x08000020                alt_irq_entry
 .exceptions.entry.label
                0x08000020        0x0 ../lights_bsp//libhal_bsp.a(alt_exception_entry.o)
                0x08000020                alt_exception
 *(.exceptions.entry.user)
 *(.exceptions.entry)
 .exceptions.entry
                0x08000020       0x54 ../lights_bsp//libhal_bsp.a(alt_exception_entry.o)
 *(.exceptions.irqtest.user)
 *(.exceptions.irqtest)
 .exceptions.irqtest
                0x08000074       0x10 ../lights_bsp//libhal_bsp.a(alt_irq_entry.o)
 *(.exceptions.irqhandler.user)
 *(.exceptions.irqhandler)
 .exceptions.irqhandler
                0x08000084        0x4 ../lights_bsp//libhal_bsp.a(alt_irq_entry.o)
 *(.exceptions.irqreturn.user)
 *(.exceptions.irqreturn)
 .exceptions.irqreturn
                0x08000088        0x4 ../lights_bsp//libhal_bsp.a(alt_irq_entry.o)
 *(.exceptions.notirq.label)
 .exceptions.notirq.label
                0x0800008c        0x0 ../lights_bsp//libhal_bsp.a(alt_irq_entry.o)
 *(.exceptions.notirq.user)
 *(.exceptions.notirq)
 .exceptions.notirq
                0x0800008c        0x8 ../lights_bsp//libhal_bsp.a(alt_exception_entry.o)
 *(.exceptions.soft.user)
 *(.exceptions.soft)
 *(.exceptions.unknown.user)
 *(.exceptions.unknown)
 .exceptions.unknown
                0x08000094        0x4 ../lights_bsp//libhal_bsp.a(alt_exception_entry.o)
 *(.exceptions.exit.label)
 .exceptions.exit.label
                0x08000098        0x0 ../lights_bsp//libhal_bsp.a(alt_irq_entry.o)
 .exceptions.exit.label
                0x08000098        0x0 ../lights_bsp//libhal_bsp.a(alt_exception_entry.o)
 *(.exceptions.exit.user)
 *(.exceptions.exit)
 .exceptions.exit
                0x08000098       0x54 ../lights_bsp//libhal_bsp.a(alt_exception_entry.o)
 *(.exceptions)
 .exceptions    0x080000ec       0xc8 ../lights_bsp//libhal_bsp.a(alt_irq_handler.o)
                0x080000ec                alt_irq_handler
                0x080001b4                PROVIDE (__ram_exceptions_end, ABSOLUTE (.))
                0x08000020                PROVIDE (__flash_exceptions_start, LOADADDR (.exceptions))

.text           0x080001b4     0x67c8
                0x080001b4                PROVIDE (stext, ABSOLUTE (.))
 *(.interp)
 *(.hash)
 *(.dynsym)
 *(.dynstr)
 *(.gnu.version)
 *(.gnu.version_d)
 *(.gnu.version_r)
 *(.rel.init)
 *(.rela.init)
 *(.rel.text .rel.text.* .rel.gnu.linkonce.t.*)
 *(.rela.text .rela.text.* .rela.gnu.linkonce.t.*)
 *(.rel.fini)
 *(.rela.fini)
 *(.rel.rodata .rel.rodata.* .rel.gnu.linkonce.r.*)
 *(.rela.rodata .rela.rodata.* .rela.gnu.linkonce.r.*)
 *(.rel.data .rel.data.* .rel.gnu.linkonce.d.*)
 *(.rela.data .rela.data.* .rela.gnu.linkonce.d.*)
 *(.rel.tdata .rel.tdata.* .rel.gnu.linkonce.td.*)
 *(.rela.tdata .rela.tdata.* .rela.gnu.linkonce.td.*)
 *(.rel.tbss .rel.tbss.* .rel.gnu.linkonce.tb.*)
 *(.rela.tbss .rela.tbss.* .rela.gnu.linkonce.tb.*)
 *(.rel.ctors)
 *(.rela.ctors)
 *(.rel.dtors)
 *(.rela.dtors)
 *(.rel.got)
 *(.rela.got)
 *(.rel.sdata .rel.sdata.* .rel.gnu.linkonce.s.*)
 *(.rela.sdata .rela.sdata.* .rela.gnu.linkonce.s.*)
 *(.rel.sbss .rel.sbss.* .rel.gnu.linkonce.sb.*)
 *(.rela.sbss .rela.sbss.* .rela.gnu.linkonce.sb.*)
 *(.rel.sdata2 .rel.sdata2.* .rel.gnu.linkonce.s2.*)
 *(.rela.sdata2 .rela.sdata2.* .rela.gnu.linkonce.s2.*)
 *(.rel.sbss2 .rel.sbss2.* .rel.gnu.linkonce.sb2.*)
 *(.rela.sbss2 .rela.sbss2.* .rela.gnu.linkonce.sb2.*)
 *(.rel.bss .rel.bss.* .rel.gnu.linkonce.b.*)
 *(.rela.bss .rela.bss.* .rela.gnu.linkonce.b.*)
 *(.rel.plt)
 *(.rela.plt)
 *(.rel.dyn)
 *(.init)
 *(.plt)
 *(.text .stub .text.* .gnu.linkonce.t.*)
 .text          0x080001b4       0x4c ../lights_bsp//obj/HAL/src/crt0.o
                0x080001b4                _start
 .text          0x08000200      0x1f8 obj/default/hello_world.o
                0x08000200                main
 .text          0x080003f8       0xdc /usr/local/3rdparty/altera/quartus12/nios2eds/bin/gnu/H-i686-pc-linux-gnu/bin/../lib/gcc/nios2-elf/4.1.2/../../../../nios2-elf/lib/libc.a(lib_a-fwrite.o)
                0x080003f8                _fwrite_r
                0x08000494                fwrite
 .text          0x080004d4        0x0 /usr/local/3rdparty/altera/quartus12/nios2eds/bin/gnu/H-i686-pc-linux-gnu/bin/../lib/gcc/nios2-elf/4.1.2/../../../../nios2-elf/lib/libc.a(lib_a-impure.o)
 .text          0x080004d4       0xb4 /usr/local/3rdparty/altera/quartus12/nios2eds/bin/gnu/H-i686-pc-linux-gnu/bin/../lib/gcc/nios2-elf/4.1.2/../../../../nios2-elf/lib/libc.a(lib_a-puts.o)
                0x080004d4                _puts_r
                0x08000574                puts
 .text          0x08000588       0x74 /usr/local/3rdparty/altera/quartus12/nios2eds/bin/gnu/H-i686-pc-linux-gnu/bin/../lib/gcc/nios2-elf/4.1.2/../../../../nios2-elf/lib/libc.a(lib_a-strlen.o)
                0x08000588                strlen
 .text          0x080005fc      0x2c0 /usr/local/3rdparty/altera/quartus12/nios2eds/bin/gnu/H-i686-pc-linux-gnu/bin/../lib/gcc/nios2-elf/4.1.2/../../../../nios2-elf/lib/libc.a(lib_a-findfp.o)
                0x08000654                __sfp_lock_acquire
                0x08000658                __sfp_lock_release
                0x0800065c                __sinit_lock_acquire
                0x08000660                __sinit_lock_release
                0x08000664                __sinit
                0x08000718                __fp_unlock_all
                0x08000730                __fp_lock_all
                0x08000748                _cleanup_r
                0x08000754                _cleanup
                0x08000764                __sfmoreglue
                0x080007cc                __sfp
 .text          0x080008bc      0x49c /usr/local/3rdparty/altera/quartus12/nios2eds/bin/gnu/H-i686-pc-linux-gnu/bin/../lib/gcc/nios2-elf/4.1.2/../../../../nios2-elf/lib/libc.a(lib_a-fvwrite.o)
                0x080008bc                __sfvwrite_r
 .text          0x08000d58      0x180 /usr/local/3rdparty/altera/quartus12/nios2eds/bin/gnu/H-i686-pc-linux-gnu/bin/../lib/gcc/nios2-elf/4.1.2/../../../../nios2-elf/lib/libc.a(lib_a-fwalk.o)
                0x08000d58                _fwalk_reent
                0x08000e20                _fwalk
 .text          0x08000ed8      0x740 /usr/local/3rdparty/altera/quartus12/nios2eds/bin/gnu/H-i686-pc-linux-gnu/bin/../lib/gcc/nios2-elf/4.1.2/../../../../nios2-elf/lib/libc.a(lib_a-mallocr.o)
                0x08000ed8                _malloc_r
 .text          0x08001618       0xe4 /usr/local/3rdparty/altera/quartus12/nios2eds/bin/gnu/H-i686-pc-linux-gnu/bin/../lib/gcc/nios2-elf/4.1.2/../../../../nios2-elf/lib/libc.a(lib_a-memchr.o)
                0x08001618                memchr
 .text          0x080016fc       0xa0 /usr/local/3rdparty/altera/quartus12/nios2eds/bin/gnu/H-i686-pc-linux-gnu/bin/../lib/gcc/nios2-elf/4.1.2/../../../../nios2-elf/lib/libc.a(lib_a-memcpy.o)
                0x080016fc                memcpy
 .text          0x0800179c       0xe0 /usr/local/3rdparty/altera/quartus12/nios2eds/bin/gnu/H-i686-pc-linux-gnu/bin/../lib/gcc/nios2-elf/4.1.2/../../../../nios2-elf/lib/libc.a(lib_a-memmove.o)
                0x0800179c                memmove
 .text          0x0800187c       0x98 /usr/local/3rdparty/altera/quartus12/nios2eds/bin/gnu/H-i686-pc-linux-gnu/bin/../lib/gcc/nios2-elf/4.1.2/../../../../nios2-elf/lib/libc.a(lib_a-memset.o)
                0x0800187c                memset
 .text          0x08001914      0x5f4 /usr/local/3rdparty/altera/quartus12/nios2eds/bin/gnu/H-i686-pc-linux-gnu/bin/../lib/gcc/nios2-elf/4.1.2/../../../../nios2-elf/lib/libc.a(lib_a-reallocr.o)
                0x08001914                _realloc_r
 .text          0x08001f08       0x70 /usr/local/3rdparty/altera/quartus12/nios2eds/bin/gnu/H-i686-pc-linux-gnu/bin/../lib/gcc/nios2-elf/4.1.2/../../../../nios2-elf/lib/libc.a(lib_a-sbrkr.o)
                0x08001f08                _sbrk_r
 .text          0x08001f78      0x14c /usr/local/3rdparty/altera/quartus12/nios2eds/bin/gnu/H-i686-pc-linux-gnu/bin/../lib/gcc/nios2-elf/4.1.2/../../../../nios2-elf/lib/libc.a(lib_a-stdio.o)
                0x08001f78                __sclose
                0x08001f80                __sseek
                0x08001fe8                __swrite
                0x08002064                __sread
 .text          0x080020c4       0x78 /usr/local/3rdparty/altera/quartus12/nios2eds/bin/gnu/H-i686-pc-linux-gnu/bin/../lib/gcc/nios2-elf/4.1.2/../../../../nios2-elf/lib/libc.a(lib_a-writer.o)
                0x080020c4                _write_r
 .text          0x0800213c      0x13c /usr/local/3rdparty/altera/quartus12/nios2eds/bin/gnu/H-i686-pc-linux-gnu/bin/../lib/gcc/nios2-elf/4.1.2/../../../../nios2-elf/lib/libc.a(lib_a-wsetup.o)
                0x0800213c                __swsetup_r
 .text          0x08002278       0x70 /usr/local/3rdparty/altera/quartus12/nios2eds/bin/gnu/H-i686-pc-linux-gnu/bin/../lib/gcc/nios2-elf/4.1.2/../../../../nios2-elf/lib/libc.a(lib_a-closer.o)
                0x08002278                _close_r
 .text          0x080022e8      0x124 /usr/local/3rdparty/altera/quartus12/nios2eds/bin/gnu/H-i686-pc-linux-gnu/bin/../lib/gcc/nios2-elf/4.1.2/../../../../nios2-elf/lib/libc.a(lib_a-fclose.o)
                0x080022e8                _fclose_r
                0x080023f8                fclose
 .text          0x0800240c      0x230 /usr/local/3rdparty/altera/quartus12/nios2eds/bin/gnu/H-i686-pc-linux-gnu/bin/../lib/gcc/nios2-elf/4.1.2/../../../../nios2-elf/lib/libc.a(lib_a-fflush.o)
                0x0800240c                _fflush_r
                0x08002608                fflush
 .text          0x0800263c      0x440 /usr/local/3rdparty/altera/quartus12/nios2eds/bin/gnu/H-i686-pc-linux-gnu/bin/../lib/gcc/nios2-elf/4.1.2/../../../../nios2-elf/lib/libc.a(lib_a-freer.o)
                0x0800263c                _malloc_trim_r
                0x08002768                _free_r
 .text          0x08002a7c        0x0 /usr/local/3rdparty/altera/quartus12/nios2eds/bin/gnu/H-i686-pc-linux-gnu/bin/../lib/gcc/nios2-elf/4.1.2/../../../../nios2-elf/lib/libc.a(lib_a-int_errno.o)
 .text          0x08002a7c       0x78 /usr/local/3rdparty/altera/quartus12/nios2eds/bin/gnu/H-i686-pc-linux-gnu/bin/../lib/gcc/nios2-elf/4.1.2/../../../../nios2-elf/lib/libc.a(lib_a-lseekr.o)
                0x08002a7c                _lseek_r
 .text          0x08002af4      0x194 /usr/local/3rdparty/altera/quartus12/nios2eds/bin/gnu/H-i686-pc-linux-gnu/bin/../lib/gcc/nios2-elf/4.1.2/../../../../nios2-elf/lib/libc.a(lib_a-makebuf.o)
                0x08002af4                __smakebuf_r
 .text          0x08002c88       0x78 /usr/local/3rdparty/altera/quartus12/nios2eds/bin/gnu/H-i686-pc-linux-gnu/bin/../lib/gcc/nios2-elf/4.1.2/../../../../nios2-elf/lib/libc.a(lib_a-readr.o)
                0x08002c88                _read_r
 .text          0x08002d00       0x74 /usr/local/3rdparty/altera/quartus12/nios2eds/bin/gnu/H-i686-pc-linux-gnu/bin/../lib/gcc/nios2-elf/4.1.2/../../../../nios2-elf/lib/libc.a(lib_a-fstatr.o)
                0x08002d00                _fstat_r
 .text          0x08002d74       0x70 /usr/local/3rdparty/altera/quartus12/nios2eds/bin/gnu/H-i686-pc-linux-gnu/bin/../lib/gcc/nios2-elf/4.1.2/../../../../nios2-elf/lib/libc.a(lib_a-isattyr.o)
                0x08002d74                _isatty_r
 .text          0x08002de4      0x14c /usr/local/3rdparty/altera/quartus12/nios2eds/bin/gnu/H-i686-pc-linux-gnu/bin/../lib/gcc/nios2-elf/4.1.2/libgcc.a(lib2-divmod.o)
                0x08002e60                __divsi3
                0x08002ec0                __modsi3
                0x08002f20                __udivsi3
                0x08002f28                __umodsi3
 .text          0x08002f30      0x15c ../lights_bsp//libhal_bsp.a(alt_close.o)
                0x08002f30                close
 .text          0x0800308c       0x2c ../lights_bsp//libhal_bsp.a(alt_dev.o)
 .text          0x080030b8        0x0 ../lights_bsp//libhal_bsp.a(alt_errno.o)
 .text          0x080030b8      0x134 ../lights_bsp//libhal_bsp.a(alt_fstat.o)
                0x080030b8                fstat
 .text          0x080031ec      0x120 ../lights_bsp//libhal_bsp.a(alt_isatty.o)
                0x080031ec                isatty
 .text          0x0800330c       0xec ../lights_bsp//libhal_bsp.a(alt_load.o)
                0x0800330c                alt_load
 .text          0x080033f8      0x150 ../lights_bsp//libhal_bsp.a(alt_lseek.o)
                0x080033f8                lseek
 .text          0x08003548       0x6c ../lights_bsp//libhal_bsp.a(alt_main.o)
                0x08003548                alt_main
 .text          0x080035b4       0x40 ../lights_bsp//libhal_bsp.a(alt_malloc_lock.o)
                0x080035b4                __malloc_lock
                0x080035d4                __malloc_unlock
 .text          0x080035f4      0x180 ../lights_bsp//libhal_bsp.a(alt_read.o)
                0x080035f4                read
 .text          0x08003774       0x60 ../lights_bsp//libhal_bsp.a(alt_release_fd.o)
                0x08003774                alt_release_fd
 .text          0x080037d4       0xbc ../lights_bsp//libhal_bsp.a(alt_sbrk.o)
                0x080037d4                sbrk
 .text          0x08003890       0x30 ../lights_bsp//libhal_bsp.a(alt_usleep.o)
                0x08003890                usleep
 .text          0x080038c0      0x180 ../lights_bsp//libhal_bsp.a(alt_write.o)
                0x080038c0                write
 .text          0x08003a40       0xc8 ../lights_bsp//libhal_bsp.a(alt_sys_init.o)
                0x08003a40                alt_irq_init
                0x08003a74                alt_sys_init
 .text          0x08003b08      0x148 ../lights_bsp//libhal_bsp.a(altera_avalon_jtag_uart_fd.o)
                0x08003b08                altera_avalon_jtag_uart_read_fd
                0x08003b60                altera_avalon_jtag_uart_write_fd
                0x08003bb8                altera_avalon_jtag_uart_close_fd
                0x08003c00                altera_avalon_jtag_uart_ioctl_fd
 .text          0x08003c50      0x40c ../lights_bsp//libhal_bsp.a(altera_avalon_jtag_uart_init.o)
                0x08003c50                altera_avalon_jtag_uart_init
                0x08003fe8                altera_avalon_jtag_uart_close
 .text          0x0800405c       0xf4 ../lights_bsp//libhal_bsp.a(altera_avalon_jtag_uart_ioctl.o)
                0x0800405c                altera_avalon_jtag_uart_ioctl
 .text          0x08004150      0x224 ../lights_bsp//libhal_bsp.a(altera_avalon_jtag_uart_read.o)
                0x08004150                altera_avalon_jtag_uart_read
 .text          0x08004374      0x240 ../lights_bsp//libhal_bsp.a(altera_avalon_jtag_uart_write.o)
                0x08004374                altera_avalon_jtag_uart_write
 .text          0x080045b4      0xee8 ../lights_bsp//libhal_bsp.a(altera_avalon_lcd_16207.o)
                0x08004d88                altera_avalon_lcd_16207_write
                0x08005360                altera_avalon_lcd_16207_init
 .text          0x0800549c       0x58 ../lights_bsp//libhal_bsp.a(altera_avalon_lcd_16207_fd.o)
                0x0800549c                altera_avalon_lcd_16207_write_fd
 .text          0x080054f4      0x154 ../lights_bsp//libhal_bsp.a(alt_alarm_start.o)
                0x080054f4                alt_alarm_start
 .text          0x08005648      0x14c ../lights_bsp//libhal_bsp.a(alt_busy_sleep.o)
                0x08005648                alt_busy_sleep
 .text          0x08005794       0x44 ../lights_bsp//libhal_bsp.a(alt_dcache_flush_all.o)
                0x08005794                alt_dcache_flush_all
 .text          0x080057d8      0x114 ../lights_bsp//libhal_bsp.a(alt_dev_llist_insert.o)
                0x080057d8                alt_dev_llist_insert
 .text          0x080058ec       0x64 ../lights_bsp//libhal_bsp.a(alt_do_ctors.o)
                0x080058ec                _do_ctors
 .text          0x08005950       0x64 ../lights_bsp//libhal_bsp.a(alt_do_dtors.o)
                0x08005950                _do_dtors
 .text          0x080059b4       0x30 ../lights_bsp//libhal_bsp.a(alt_icache_flush_all.o)
                0x080059b4                alt_icache_flush_all
 .text          0x080059e4      0x1d4 ../lights_bsp//libhal_bsp.a(alt_iic.o)
                0x080059e4                alt_ic_isr_register
                0x08005a34                alt_ic_irq_enable
                0x08005ad0                alt_ic_irq_disable
                0x08005b70                alt_ic_irq_enabled
 .text          0x08005bb8       0xf8 ../lights_bsp//libhal_bsp.a(alt_iic_isr_register.o)
                0x08005bb8                alt_iic_isr_register
 .text          0x08005cb0      0x13c ../lights_bsp//libhal_bsp.a(alt_io_redirect.o)
                0x08005d74                alt_io_redirect
 .text          0x08005dec        0x0 ../lights_bsp//libhal_bsp.a(alt_irq_entry.o)
 .text          0x08005dec        0x0 ../lights_bsp//libhal_bsp.a(alt_irq_handler.o)
 .text          0x08005dec        0x0 ../lights_bsp//libhal_bsp.a(alt_irq_vars.o)
 .text          0x08005dec      0x2c4 ../lights_bsp//libhal_bsp.a(alt_open.o)
                0x08005ec8                open
 .text          0x080060b0      0x1a4 ../lights_bsp//libhal_bsp.a(alt_tick.o)
                0x080060b0                alt_alarm_stop
                0x08006148                alt_tick
 .text          0x08006254       0x20 ../lights_bsp//libhal_bsp.a(altera_nios2_irq.o)
                0x08006254                altera_nios2_irq_init
 .text          0x08006274        0x0 ../lights_bsp//libhal_bsp.a(alt_exception_entry.o)
 .text          0x08006274       0x94 ../lights_bsp//libhal_bsp.a(alt_find_dev.o)
                0x08006274                alt_find_dev
 .text          0x08006308      0x120 ../lights_bsp//libhal_bsp.a(alt_find_file.o)
                0x08006308                alt_find_file
 .text          0x08006428       0xb8 ../lights_bsp//libhal_bsp.a(alt_get_fd.o)
                0x08006428                alt_get_fd
 .text          0x080064e0       0x90 ../lights_bsp//libhal_bsp.a(alt_icache_flush.o)
                0x080064e0                alt_icache_flush
 .text          0x08006570       0x14 /usr/local/3rdparty/altera/quartus12/nios2eds/bin/gnu/H-i686-pc-linux-gnu/bin/../lib/gcc/nios2-elf/4.1.2/../../../../nios2-elf/lib/libc.a(lib_a-atexit.o)
                0x08006570                atexit
 .text          0x08006584        0x0 /usr/local/3rdparty/altera/quartus12/nios2eds/bin/gnu/H-i686-pc-linux-gnu/bin/../lib/gcc/nios2-elf/4.1.2/../../../../nios2-elf/lib/libc.a(lib_a-ctype_.o)
 .text          0x08006584       0x38 /usr/local/3rdparty/altera/quartus12/nios2eds/bin/gnu/H-i686-pc-linux-gnu/bin/../lib/gcc/nios2-elf/4.1.2/../../../../nios2-elf/lib/libc.a(lib_a-exit.o)
                0x08006584                exit
 .text          0x080065bc       0x74 /usr/local/3rdparty/altera/quartus12/nios2eds/bin/gnu/H-i686-pc-linux-gnu/bin/../lib/gcc/nios2-elf/4.1.2/../../../../nios2-elf/lib/libc.a(lib_a-memcmp.o)
                0x080065bc                memcmp
 .text          0x08006630      0x134 /usr/local/3rdparty/altera/quartus12/nios2eds/bin/gnu/H-i686-pc-linux-gnu/bin/../lib/gcc/nios2-elf/4.1.2/../../../../nios2-elf/lib/libc.a(lib_a-__atexit.o)
                0x08006630                __register_exitproc
 .text          0x08006764      0x1b4 /usr/local/3rdparty/altera/quartus12/nios2eds/bin/gnu/H-i686-pc-linux-gnu/bin/../lib/gcc/nios2-elf/4.1.2/../../../../nios2-elf/lib/libc.a(lib_a-__call_atexit.o)
                0x08006768                __call_exitprocs
 .text          0x08006918       0x60 ../lights_bsp//libhal_bsp.a(alt_exit.o)
                0x08006958                _exit
 *(.gnu.warning.*)
 *(.fini)
                0x08006978                PROVIDE (__etext, ABSOLUTE (.))
                0x08006978                PROVIDE (_etext, ABSOLUTE (.))
                0x08006978                PROVIDE (etext, ABSOLUTE (.))
 *(.eh_frame_hdr)
                0x08006978                . = ALIGN (0x4)
                0x08006978                PROVIDE (__preinit_array_start, ABSOLUTE (.))
 *(.preinit_array)
                0x08006978                PROVIDE (__preinit_array_end, ABSOLUTE (.))
                0x08006978                PROVIDE (__init_array_start, ABSOLUTE (.))
 *(.init_array)
                0x08006978                PROVIDE (__init_array_end, ABSOLUTE (.))
                0x08006978                PROVIDE (__fini_array_start, ABSOLUTE (.))
 *(.fini_array)
                0x08006978                PROVIDE (__fini_array_end, ABSOLUTE (.))
 *(.eh_frame)
 *(.gcc_except_table)
 *(.dynamic)
                0x08006978                PROVIDE (__CTOR_LIST__, ABSOLUTE (.))
 *(.ctors)
 *(SORT(.ctors.*))
 .ctors.65535   0x08006978        0x4 /usr/local/3rdparty/altera/quartus12/nios2eds/bin/gnu/H-i686-pc-linux-gnu/bin/../lib/gcc/nios2-elf/4.1.2/../../../../nios2-elf/lib/libc.a(lib_a-__call_atexit.o)
                0x0800697c                PROVIDE (__CTOR_END__, ABSOLUTE (.))
                0x0800697c                PROVIDE (__DTOR_LIST__, ABSOLUTE (.))
 *(.dtors)
 *(SORT(.dtors.*))
                0x0800697c                PROVIDE (__DTOR_END__, ABSOLUTE (.))
 *(.jcr)
                0x0800697c                . = ALIGN (0x4)

.rodata         0x0800697c      0x34c
                0x0800697c                PROVIDE (__ram_rodata_start, ABSOLUTE (.))
                0x0800697c                . = ALIGN (0x4)
 *(.rodata .rodata.* .gnu.linkonce.r.*)
 .rodata        0x0800697c       0x74 obj/default/hello_world.o
 .rodata.str1.4
                0x080069f0        0x2 /usr/local/3rdparty/altera/quartus12/nios2eds/bin/gnu/H-i686-pc-linux-gnu/bin/../lib/gcc/nios2-elf/4.1.2/../../../../nios2-elf/lib/libc.a(lib_a-impure.o)
                                  0x4 (size before relaxing)
 *fill*         0x080069f2        0x2 00
 .rodata.str1.4
                0x080069f4        0x4 /usr/local/3rdparty/altera/quartus12/nios2eds/bin/gnu/H-i686-pc-linux-gnu/bin/../lib/gcc/nios2-elf/4.1.2/../../../../nios2-elf/lib/libc.a(lib_a-puts.o)
 .rodata        0x080069f8        0xc ../lights_bsp//libhal_bsp.a(alt_dev.o)
 .rodata        0x08006a04       0x20 ../lights_bsp//libhal_bsp.a(alt_main.o)
 .rodata        0x08006a24       0x20 ../lights_bsp//libhal_bsp.a(alt_sys_init.o)
 .rodata        0x08006a44      0x281 /usr/local/3rdparty/altera/quartus12/nios2eds/bin/gnu/H-i686-pc-linux-gnu/bin/../lib/gcc/nios2-elf/4.1.2/../../../../nios2-elf/lib/libc.a(lib_a-ctype_.o)
                0x08006a44                _ctype_
 *(.rodata1)
                0x08006cc8                . = ALIGN (0x4)
 *fill*         0x08006cc5        0x3 00
                0x08006cc8                PROVIDE (__ram_rodata_end, ABSOLUTE (.))
                0x0800697c                PROVIDE (__flash_rodata_start, LOADADDR (.rodata))

.rwdata         0x08006cc8     0x1b70 load address 0x08008838
                0x08006cc8                PROVIDE (__ram_rwdata_start, ABSOLUTE (.))
                0x08006cc8                . = ALIGN (0x4)
 *(.got.plt)
 *(.got)
 *(.data1)
 *(.data .data.* .gnu.linkonce.d.*)
 .data          0x08006cc8        0x0 ../lights_bsp//obj/HAL/src/crt0.o
 .data          0x08006cc8        0x0 obj/default/hello_world.o
 .data          0x08006cc8        0x0 /usr/local/3rdparty/altera/quartus12/nios2eds/bin/gnu/H-i686-pc-linux-gnu/bin/../lib/gcc/nios2-elf/4.1.2/../../../../nios2-elf/lib/libc.a(lib_a-fwrite.o)
 .data          0x08006cc8      0x400 /usr/local/3rdparty/altera/quartus12/nios2eds/bin/gnu/H-i686-pc-linux-gnu/bin/../lib/gcc/nios2-elf/4.1.2/../../../../nios2-elf/lib/libc.a(lib_a-impure.o)
 .data          0x080070c8        0x0 /usr/local/3rdparty/altera/quartus12/nios2eds/bin/gnu/H-i686-pc-linux-gnu/bin/../lib/gcc/nios2-elf/4.1.2/../../../../nios2-elf/lib/libc.a(lib_a-puts.o)
 .data          0x080070c8        0x0 /usr/local/3rdparty/altera/quartus12/nios2eds/bin/gnu/H-i686-pc-linux-gnu/bin/../lib/gcc/nios2-elf/4.1.2/../../../../nios2-elf/lib/libc.a(lib_a-strlen.o)
 .data          0x080070c8        0x0 /usr/local/3rdparty/altera/quartus12/nios2eds/bin/gnu/H-i686-pc-linux-gnu/bin/../lib/gcc/nios2-elf/4.1.2/../../../../nios2-elf/lib/libc.a(lib_a-findfp.o)
 .data          0x080070c8        0x0 /usr/local/3rdparty/altera/quartus12/nios2eds/bin/gnu/H-i686-pc-linux-gnu/bin/../lib/gcc/nios2-elf/4.1.2/../../../../nios2-elf/lib/libc.a(lib_a-fvwrite.o)
 .data          0x080070c8        0x0 /usr/local/3rdparty/altera/quartus12/nios2eds/bin/gnu/H-i686-pc-linux-gnu/bin/../lib/gcc/nios2-elf/4.1.2/../../../../nios2-elf/lib/libc.a(lib_a-fwalk.o)
 .data          0x080070c8      0x408 /usr/local/3rdparty/altera/quartus12/nios2eds/bin/gnu/H-i686-pc-linux-gnu/bin/../lib/gcc/nios2-elf/4.1.2/../../../../nios2-elf/lib/libc.a(lib_a-mallocr.o)
                0x080070c8                __malloc_av_
 .data          0x080074d0        0x0 /usr/local/3rdparty/altera/quartus12/nios2eds/bin/gnu/H-i686-pc-linux-gnu/bin/../lib/gcc/nios2-elf/4.1.2/../../../../nios2-elf/lib/libc.a(lib_a-memchr.o)
 .data          0x080074d0        0x0 /usr/local/3rdparty/altera/quartus12/nios2eds/bin/gnu/H-i686-pc-linux-gnu/bin/../lib/gcc/nios2-elf/4.1.2/../../../../nios2-elf/lib/libc.a(lib_a-memcpy.o)
 .data          0x080074d0        0x0 /usr/local/3rdparty/altera/quartus12/nios2eds/bin/gnu/H-i686-pc-linux-gnu/bin/../lib/gcc/nios2-elf/4.1.2/../../../../nios2-elf/lib/libc.a(lib_a-memmove.o)
 .data          0x080074d0        0x0 /usr/local/3rdparty/altera/quartus12/nios2eds/bin/gnu/H-i686-pc-linux-gnu/bin/../lib/gcc/nios2-elf/4.1.2/../../../../nios2-elf/lib/libc.a(lib_a-memset.o)
 .data          0x080074d0        0x0 /usr/local/3rdparty/altera/quartus12/nios2eds/bin/gnu/H-i686-pc-linux-gnu/bin/../lib/gcc/nios2-elf/4.1.2/../../../../nios2-elf/lib/libc.a(lib_a-reallocr.o)
 .data          0x080074d0        0x0 /usr/local/3rdparty/altera/quartus12/nios2eds/bin/gnu/H-i686-pc-linux-gnu/bin/../lib/gcc/nios2-elf/4.1.2/../../../../nios2-elf/lib/libc.a(lib_a-sbrkr.o)
 .data          0x080074d0        0x0 /usr/local/3rdparty/altera/quartus12/nios2eds/bin/gnu/H-i686-pc-linux-gnu/bin/../lib/gcc/nios2-elf/4.1.2/../../../../nios2-elf/lib/libc.a(lib_a-stdio.o)
 .data          0x080074d0        0x0 /usr/local/3rdparty/altera/quartus12/nios2eds/bin/gnu/H-i686-pc-linux-gnu/bin/../lib/gcc/nios2-elf/4.1.2/../../../../nios2-elf/lib/libc.a(lib_a-writer.o)
 .data          0x080074d0        0x0 /usr/local/3rdparty/altera/quartus12/nios2eds/bin/gnu/H-i686-pc-linux-gnu/bin/../lib/gcc/nios2-elf/4.1.2/../../../../nios2-elf/lib/libc.a(lib_a-wsetup.o)
 .data          0x080074d0        0x0 /usr/local/3rdparty/altera/quartus12/nios2eds/bin/gnu/H-i686-pc-linux-gnu/bin/../lib/gcc/nios2-elf/4.1.2/../../../../nios2-elf/lib/libc.a(lib_a-closer.o)
 .data          0x080074d0        0x0 /usr/local/3rdparty/altera/quartus12/nios2eds/bin/gnu/H-i686-pc-linux-gnu/bin/../lib/gcc/nios2-elf/4.1.2/../../../../nios2-elf/lib/libc.a(lib_a-fclose.o)
 .data          0x080074d0        0x0 /usr/local/3rdparty/altera/quartus12/nios2eds/bin/gnu/H-i686-pc-linux-gnu/bin/../lib/gcc/nios2-elf/4.1.2/../../../../nios2-elf/lib/libc.a(lib_a-fflush.o)
 .data          0x080074d0        0x0 /usr/local/3rdparty/altera/quartus12/nios2eds/bin/gnu/H-i686-pc-linux-gnu/bin/../lib/gcc/nios2-elf/4.1.2/../../../../nios2-elf/lib/libc.a(lib_a-freer.o)
 .data          0x080074d0        0x0 /usr/local/3rdparty/altera/quartus12/nios2eds/bin/gnu/H-i686-pc-linux-gnu/bin/../lib/gcc/nios2-elf/4.1.2/../../../../nios2-elf/lib/libc.a(lib_a-int_errno.o)
 .data          0x080074d0        0x0 /usr/local/3rdparty/altera/quartus12/nios2eds/bin/gnu/H-i686-pc-linux-gnu/bin/../lib/gcc/nios2-elf/4.1.2/../../../../nios2-elf/lib/libc.a(lib_a-lseekr.o)
 .data          0x080074d0        0x0 /usr/local/3rdparty/altera/quartus12/nios2eds/bin/gnu/H-i686-pc-linux-gnu/bin/../lib/gcc/nios2-elf/4.1.2/../../../../nios2-elf/lib/libc.a(lib_a-makebuf.o)
 .data          0x080074d0        0x0 /usr/local/3rdparty/altera/quartus12/nios2eds/bin/gnu/H-i686-pc-linux-gnu/bin/../lib/gcc/nios2-elf/4.1.2/../../../../nios2-elf/lib/libc.a(lib_a-readr.o)
 .data          0x080074d0        0x0 /usr/local/3rdparty/altera/quartus12/nios2eds/bin/gnu/H-i686-pc-linux-gnu/bin/../lib/gcc/nios2-elf/4.1.2/../../../../nios2-elf/lib/libc.a(lib_a-fstatr.o)
 .data          0x080074d0        0x0 /usr/local/3rdparty/altera/quartus12/nios2eds/bin/gnu/H-i686-pc-linux-gnu/bin/../lib/gcc/nios2-elf/4.1.2/../../../../nios2-elf/lib/libc.a(lib_a-isattyr.o)
 .data          0x080074d0        0x0 /usr/local/3rdparty/altera/quartus12/nios2eds/bin/gnu/H-i686-pc-linux-gnu/bin/../lib/gcc/nios2-elf/4.1.2/libgcc.a(lib2-divmod.o)
 .data          0x080074d0        0x0 ../lights_bsp//libhal_bsp.a(alt_close.o)
 .data          0x080074d0      0x1a8 ../lights_bsp//libhal_bsp.a(alt_dev.o)
                0x080074d0                alt_dev_null
                0x080074f8                alt_fd_list
 .data          0x08007678        0x0 ../lights_bsp//libhal_bsp.a(alt_errno.o)
 .data          0x08007678        0x0 ../lights_bsp//libhal_bsp.a(alt_fstat.o)
 .data          0x08007678        0x0 ../lights_bsp//libhal_bsp.a(alt_isatty.o)
 .data          0x08007678        0x0 ../lights_bsp//libhal_bsp.a(alt_load.o)
 .data          0x08007678        0x0 ../lights_bsp//libhal_bsp.a(alt_lseek.o)
 .data          0x08007678        0x0 ../lights_bsp//libhal_bsp.a(alt_main.o)
 .data          0x08007678        0x0 ../lights_bsp//libhal_bsp.a(alt_malloc_lock.o)
 .data          0x08007678        0x0 ../lights_bsp//libhal_bsp.a(alt_read.o)
 .data          0x08007678        0x0 ../lights_bsp//libhal_bsp.a(alt_release_fd.o)
 .data          0x08007678        0x0 ../lights_bsp//libhal_bsp.a(alt_sbrk.o)
 .data          0x08007678        0x0 ../lights_bsp//libhal_bsp.a(alt_usleep.o)
 .data          0x08007678        0x0 ../lights_bsp//libhal_bsp.a(alt_write.o)
 .data          0x08007678     0x1180 ../lights_bsp//libhal_bsp.a(alt_sys_init.o)
 .data          0x080087f8        0x0 ../lights_bsp//libhal_bsp.a(altera_avalon_jtag_uart_fd.o)
 .data          0x080087f8        0x0 ../lights_bsp//libhal_bsp.a(altera_avalon_jtag_uart_init.o)
 .data          0x080087f8        0x0 ../lights_bsp//libhal_bsp.a(altera_avalon_jtag_uart_ioctl.o)
 .data          0x080087f8        0x0 ../lights_bsp//libhal_bsp.a(altera_avalon_jtag_uart_read.o)
 .data          0x080087f8        0x0 ../lights_bsp//libhal_bsp.a(altera_avalon_jtag_uart_write.o)
 .data          0x080087f8        0x0 ../lights_bsp//libhal_bsp.a(altera_avalon_lcd_16207.o)
 .data          0x080087f8        0x0 ../lights_bsp//libhal_bsp.a(altera_avalon_lcd_16207_fd.o)
 .data          0x080087f8        0x0 ../lights_bsp//libhal_bsp.a(alt_alarm_start.o)
 .data          0x080087f8        0x0 ../lights_bsp//libhal_bsp.a(alt_busy_sleep.o)
 .data          0x080087f8        0x0 ../lights_bsp//libhal_bsp.a(alt_dcache_flush_all.o)
 .data          0x080087f8        0x0 ../lights_bsp//libhal_bsp.a(alt_dev_llist_insert.o)
 .data          0x080087f8        0x0 ../lights_bsp//libhal_bsp.a(alt_do_ctors.o)
 .data          0x080087f8        0x0 ../lights_bsp//libhal_bsp.a(alt_do_dtors.o)
 .data          0x080087f8        0x0 ../lights_bsp//libhal_bsp.a(alt_icache_flush_all.o)
 .data          0x080087f8        0x0 ../lights_bsp//libhal_bsp.a(alt_iic.o)
 .data          0x080087f8        0x0 ../lights_bsp//libhal_bsp.a(alt_iic_isr_register.o)
 .data          0x080087f8        0x0 ../lights_bsp//libhal_bsp.a(alt_io_redirect.o)
 .data          0x080087f8        0x0 ../lights_bsp//libhal_bsp.a(alt_irq_entry.o)
 .data          0x080087f8        0x0 ../lights_bsp//libhal_bsp.a(alt_irq_handler.o)
 .data          0x080087f8        0x0 ../lights_bsp//libhal_bsp.a(alt_irq_vars.o)
 .data          0x080087f8        0x0 ../lights_bsp//libhal_bsp.a(alt_open.o)
 .data          0x080087f8        0x0 ../lights_bsp//libhal_bsp.a(alt_tick.o)
 .data          0x080087f8        0x0 ../lights_bsp//libhal_bsp.a(altera_nios2_irq.o)
 .data          0x080087f8        0x0 ../lights_bsp//libhal_bsp.a(alt_exception_entry.o)
 .data          0x080087f8        0x0 ../lights_bsp//libhal_bsp.a(alt_find_dev.o)
 .data          0x080087f8        0x0 ../lights_bsp//libhal_bsp.a(alt_find_file.o)
 .data          0x080087f8        0x0 ../lights_bsp//libhal_bsp.a(alt_get_fd.o)
 .data          0x080087f8        0x0 ../lights_bsp//libhal_bsp.a(alt_icache_flush.o)
 .data          0x080087f8        0x0 /usr/local/3rdparty/altera/quartus12/nios2eds/bin/gnu/H-i686-pc-linux-gnu/bin/../lib/gcc/nios2-elf/4.1.2/../../../../nios2-elf/lib/libc.a(lib_a-atexit.o)
 .data          0x080087f8        0x0 /usr/local/3rdparty/altera/quartus12/nios2eds/bin/gnu/H-i686-pc-linux-gnu/bin/../lib/gcc/nios2-elf/4.1.2/../../../../nios2-elf/lib/libc.a(lib_a-ctype_.o)
 .data          0x080087f8        0x0 /usr/local/3rdparty/altera/quartus12/nios2eds/bin/gnu/H-i686-pc-linux-gnu/bin/../lib/gcc/nios2-elf/4.1.2/../../../../nios2-elf/lib/libc.a(lib_a-exit.o)
 .data          0x080087f8        0x0 /usr/local/3rdparty/altera/quartus12/nios2eds/bin/gnu/H-i686-pc-linux-gnu/bin/../lib/gcc/nios2-elf/4.1.2/../../../../nios2-elf/lib/libc.a(lib_a-memcmp.o)
 .data          0x080087f8        0x0 /usr/local/3rdparty/altera/quartus12/nios2eds/bin/gnu/H-i686-pc-linux-gnu/bin/../lib/gcc/nios2-elf/4.1.2/../../../../nios2-elf/lib/libc.a(lib_a-__atexit.o)
 .data          0x080087f8        0x0 /usr/local/3rdparty/altera/quartus12/nios2eds/bin/gnu/H-i686-pc-linux-gnu/bin/../lib/gcc/nios2-elf/4.1.2/../../../../nios2-elf/lib/libc.a(lib_a-__call_atexit.o)
 .data          0x080087f8        0x0 ../lights_bsp//libhal_bsp.a(alt_exit.o)
                0x080107f8                _gp = ABSOLUTE ((. + 0x8000))
                0x080107f8                PROVIDE (gp, _gp)
 *(.rwdata .rwdata.*)
 *(.sdata .sdata.* .gnu.linkonce.s.*)
 .sdata         0x080087f8        0x8 /usr/local/3rdparty/altera/quartus12/nios2eds/bin/gnu/H-i686-pc-linux-gnu/bin/../lib/gcc/nios2-elf/4.1.2/../../../../nios2-elf/lib/libc.a(lib_a-impure.o)
                0x080087f8                _impure_ptr
                0x080087fc                _global_impure_ptr
 .sdata         0x08008800        0x8 /usr/local/3rdparty/altera/quartus12/nios2eds/bin/gnu/H-i686-pc-linux-gnu/bin/../lib/gcc/nios2-elf/4.1.2/../../../../nios2-elf/lib/libc.a(lib_a-mallocr.o)
                0x08008800                __malloc_trim_threshold
                0x08008804                __malloc_sbrk_base
 .sdata         0x08008808       0x14 ../lights_bsp//libhal_bsp.a(alt_dev.o)
                0x08008808                alt_fs_list
                0x08008810                alt_dev_list
                0x08008818                alt_max_fd
 .sdata         0x0800881c        0x4 ../lights_bsp//libhal_bsp.a(alt_errno.o)
                0x0800881c                alt_errno
 .sdata         0x08008820        0x4 ../lights_bsp//libhal_bsp.a(alt_sbrk.o)
 .sdata         0x08008824        0x4 ../lights_bsp//libhal_bsp.a(altera_avalon_lcd_16207.o)
 .sdata         0x08008828        0x4 ../lights_bsp//libhal_bsp.a(alt_irq_vars.o)
                0x08008828                alt_priority_mask
 .sdata         0x0800882c        0x8 ../lights_bsp//libhal_bsp.a(alt_tick.o)
                0x0800882c                alt_alarm_list
 .sdata         0x08008834        0x4 /usr/local/3rdparty/altera/quartus12/nios2eds/bin/gnu/H-i686-pc-linux-gnu/bin/../lib/gcc/nios2-elf/4.1.2/../../../../nios2-elf/lib/libc.a(lib_a-ctype_.o)
                0x08008834                __ctype_ptr
 *(.sdata2 .sdata2.* .gnu.linkonce.s2.*)
                0x08008838                . = ALIGN (0x4)
                0x08008838                _edata = ABSOLUTE (.)
                0x08008838                PROVIDE (edata, ABSOLUTE (.))
                0x08008838                PROVIDE (__ram_rwdata_end, ABSOLUTE (.))
                0x08008838                PROVIDE (__flash_rwdata_start, LOADADDR (.rwdata))

.bss            0x0800a3a8      0x2e0
                0x0800a3a8                __bss_start = ABSOLUTE (.)
                0x0800a3a8                PROVIDE (__sbss_start, ABSOLUTE (.))
                0x0800a3a8                PROVIDE (___sbss_start, ABSOLUTE (.))
 *(.dynsbss)
 *(.sbss .sbss.* .gnu.linkonce.sb.*)
 .sbss          0x0800a3a8        0xc /usr/local/3rdparty/altera/quartus12/nios2eds/bin/gnu/H-i686-pc-linux-gnu/bin/../lib/gcc/nios2-elf/4.1.2/../../../../nios2-elf/lib/libc.a(lib_a-mallocr.o)
                0x0800a3a8                __malloc_top_pad
                0x0800a3ac                __malloc_max_sbrked_mem
                0x0800a3b0                __malloc_max_total_mem
 .sbss          0x0800a3b4        0x4 /usr/local/3rdparty/altera/quartus12/nios2eds/bin/gnu/H-i686-pc-linux-gnu/bin/../lib/gcc/nios2-elf/4.1.2/../../../../nios2-elf/lib/libc.a(lib_a-int_errno.o)
                0x0800a3b4                errno
 .sbss          0x0800a3b8        0xc ../lights_bsp//libhal_bsp.a(alt_main.o)
                0x0800a3b8                alt_argc
                0x0800a3bc                alt_argv
                0x0800a3c0                alt_envp
 .sbss          0x0800a3c4        0x4 ../lights_bsp//libhal_bsp.a(alt_irq_vars.o)
                0x0800a3c4                alt_irq_active
 .sbss          0x0800a3c8        0x8 ../lights_bsp//libhal_bsp.a(alt_tick.o)
                0x0800a3c8                _alt_tick_rate
                0x0800a3cc                _alt_nticks
 *(.sbss2 .sbss2.* .gnu.linkonce.sb2.*)
 *(.scommon)
                0x0800a3d0                PROVIDE (__sbss_end, ABSOLUTE (.))
                0x0800a3d0                PROVIDE (___sbss_end, ABSOLUTE (.))
 *(.dynbss)
 *(.bss .bss.* .gnu.linkonce.b.*)
 .bss           0x0800a3d0        0x0 ../lights_bsp//obj/HAL/src/crt0.o
 .bss           0x0800a3d0        0x0 obj/default/hello_world.o
 .bss           0x0800a3d0        0x0 /usr/local/3rdparty/altera/quartus12/nios2eds/bin/gnu/H-i686-pc-linux-gnu/bin/../lib/gcc/nios2-elf/4.1.2/../../../../nios2-elf/lib/libc.a(lib_a-fwrite.o)
 .bss           0x0800a3d0        0x0 /usr/local/3rdparty/altera/quartus12/nios2eds/bin/gnu/H-i686-pc-linux-gnu/bin/../lib/gcc/nios2-elf/4.1.2/../../../../nios2-elf/lib/libc.a(lib_a-impure.o)
 .bss           0x0800a3d0        0x0 /usr/local/3rdparty/altera/quartus12/nios2eds/bin/gnu/H-i686-pc-linux-gnu/bin/../lib/gcc/nios2-elf/4.1.2/../../../../nios2-elf/lib/libc.a(lib_a-puts.o)
 .bss           0x0800a3d0        0x0 /usr/local/3rdparty/altera/quartus12/nios2eds/bin/gnu/H-i686-pc-linux-gnu/bin/../lib/gcc/nios2-elf/4.1.2/../../../../nios2-elf/lib/libc.a(lib_a-strlen.o)
 .bss           0x0800a3d0        0x0 /usr/local/3rdparty/altera/quartus12/nios2eds/bin/gnu/H-i686-pc-linux-gnu/bin/../lib/gcc/nios2-elf/4.1.2/../../../../nios2-elf/lib/libc.a(lib_a-findfp.o)
 .bss           0x0800a3d0        0x0 /usr/local/3rdparty/altera/quartus12/nios2eds/bin/gnu/H-i686-pc-linux-gnu/bin/../lib/gcc/nios2-elf/4.1.2/../../../../nios2-elf/lib/libc.a(lib_a-fvwrite.o)
 .bss           0x0800a3d0        0x0 /usr/local/3rdparty/altera/quartus12/nios2eds/bin/gnu/H-i686-pc-linux-gnu/bin/../lib/gcc/nios2-elf/4.1.2/../../../../nios2-elf/lib/libc.a(lib_a-fwalk.o)
 .bss           0x0800a3d0       0x28 /usr/local/3rdparty/altera/quartus12/nios2eds/bin/gnu/H-i686-pc-linux-gnu/bin/../lib/gcc/nios2-elf/4.1.2/../../../../nios2-elf/lib/libc.a(lib_a-mallocr.o)
                0x0800a3d0                __malloc_current_mallinfo
 .bss           0x0800a3f8        0x0 /usr/local/3rdparty/altera/quartus12/nios2eds/bin/gnu/H-i686-pc-linux-gnu/bin/../lib/gcc/nios2-elf/4.1.2/../../../../nios2-elf/lib/libc.a(lib_a-memchr.o)
 .bss           0x0800a3f8        0x0 /usr/local/3rdparty/altera/quartus12/nios2eds/bin/gnu/H-i686-pc-linux-gnu/bin/../lib/gcc/nios2-elf/4.1.2/../../../../nios2-elf/lib/libc.a(lib_a-memcpy.o)
 .bss           0x0800a3f8        0x0 /usr/local/3rdparty/altera/quartus12/nios2eds/bin/gnu/H-i686-pc-linux-gnu/bin/../lib/gcc/nios2-elf/4.1.2/../../../../nios2-elf/lib/libc.a(lib_a-memmove.o)
 .bss           0x0800a3f8        0x0 /usr/local/3rdparty/altera/quartus12/nios2eds/bin/gnu/H-i686-pc-linux-gnu/bin/../lib/gcc/nios2-elf/4.1.2/../../../../nios2-elf/lib/libc.a(lib_a-memset.o)
 .bss           0x0800a3f8        0x0 /usr/local/3rdparty/altera/quartus12/nios2eds/bin/gnu/H-i686-pc-linux-gnu/bin/../lib/gcc/nios2-elf/4.1.2/../../../../nios2-elf/lib/libc.a(lib_a-reallocr.o)
 .bss           0x0800a3f8        0x0 /usr/local/3rdparty/altera/quartus12/nios2eds/bin/gnu/H-i686-pc-linux-gnu/bin/../lib/gcc/nios2-elf/4.1.2/../../../../nios2-elf/lib/libc.a(lib_a-sbrkr.o)
 .bss           0x0800a3f8        0x0 /usr/local/3rdparty/altera/quartus12/nios2eds/bin/gnu/H-i686-pc-linux-gnu/bin/../lib/gcc/nios2-elf/4.1.2/../../../../nios2-elf/lib/libc.a(lib_a-stdio.o)
 .bss           0x0800a3f8        0x0 /usr/local/3rdparty/altera/quartus12/nios2eds/bin/gnu/H-i686-pc-linux-gnu/bin/../lib/gcc/nios2-elf/4.1.2/../../../../nios2-elf/lib/libc.a(lib_a-writer.o)
 .bss           0x0800a3f8        0x0 /usr/local/3rdparty/altera/quartus12/nios2eds/bin/gnu/H-i686-pc-linux-gnu/bin/../lib/gcc/nios2-elf/4.1.2/../../../../nios2-elf/lib/libc.a(lib_a-wsetup.o)
 .bss           0x0800a3f8        0x0 /usr/local/3rdparty/altera/quartus12/nios2eds/bin/gnu/H-i686-pc-linux-gnu/bin/../lib/gcc/nios2-elf/4.1.2/../../../../nios2-elf/lib/libc.a(lib_a-closer.o)
 .bss           0x0800a3f8        0x0 /usr/local/3rdparty/altera/quartus12/nios2eds/bin/gnu/H-i686-pc-linux-gnu/bin/../lib/gcc/nios2-elf/4.1.2/../../../../nios2-elf/lib/libc.a(lib_a-fclose.o)
 .bss           0x0800a3f8        0x0 /usr/local/3rdparty/altera/quartus12/nios2eds/bin/gnu/H-i686-pc-linux-gnu/bin/../lib/gcc/nios2-elf/4.1.2/../../../../nios2-elf/lib/libc.a(lib_a-fflush.o)
 .bss           0x0800a3f8        0x0 /usr/local/3rdparty/altera/quartus12/nios2eds/bin/gnu/H-i686-pc-linux-gnu/bin/../lib/gcc/nios2-elf/4.1.2/../../../../nios2-elf/lib/libc.a(lib_a-freer.o)
 .bss           0x0800a3f8        0x0 /usr/local/3rdparty/altera/quartus12/nios2eds/bin/gnu/H-i686-pc-linux-gnu/bin/../lib/gcc/nios2-elf/4.1.2/../../../../nios2-elf/lib/libc.a(lib_a-int_errno.o)
 .bss           0x0800a3f8        0x0 /usr/local/3rdparty/altera/quartus12/nios2eds/bin/gnu/H-i686-pc-linux-gnu/bin/../lib/gcc/nios2-elf/4.1.2/../../../../nios2-elf/lib/libc.a(lib_a-lseekr.o)
 .bss           0x0800a3f8        0x0 /usr/local/3rdparty/altera/quartus12/nios2eds/bin/gnu/H-i686-pc-linux-gnu/bin/../lib/gcc/nios2-elf/4.1.2/../../../../nios2-elf/lib/libc.a(lib_a-makebuf.o)
 .bss           0x0800a3f8        0x0 /usr/local/3rdparty/altera/quartus12/nios2eds/bin/gnu/H-i686-pc-linux-gnu/bin/../lib/gcc/nios2-elf/4.1.2/../../../../nios2-elf/lib/libc.a(lib_a-readr.o)
 .bss           0x0800a3f8        0x0 /usr/local/3rdparty/altera/quartus12/nios2eds/bin/gnu/H-i686-pc-linux-gnu/bin/../lib/gcc/nios2-elf/4.1.2/../../../../nios2-elf/lib/libc.a(lib_a-fstatr.o)
 .bss           0x0800a3f8        0x0 /usr/local/3rdparty/altera/quartus12/nios2eds/bin/gnu/H-i686-pc-linux-gnu/bin/../lib/gcc/nios2-elf/4.1.2/../../../../nios2-elf/lib/libc.a(lib_a-isattyr.o)
 .bss           0x0800a3f8        0x0 /usr/local/3rdparty/altera/quartus12/nios2eds/bin/gnu/H-i686-pc-linux-gnu/bin/../lib/gcc/nios2-elf/4.1.2/libgcc.a(lib2-divmod.o)
 .bss           0x0800a3f8        0x0 ../lights_bsp//libhal_bsp.a(alt_close.o)
 .bss           0x0800a3f8        0x0 ../lights_bsp//libhal_bsp.a(alt_dev.o)
 .bss           0x0800a3f8        0x0 ../lights_bsp//libhal_bsp.a(alt_errno.o)
 .bss           0x0800a3f8        0x0 ../lights_bsp//libhal_bsp.a(alt_fstat.o)
 .bss           0x0800a3f8        0x0 ../lights_bsp//libhal_bsp.a(alt_isatty.o)
 .bss           0x0800a3f8        0x0 ../lights_bsp//libhal_bsp.a(alt_load.o)
 .bss           0x0800a3f8        0x0 ../lights_bsp//libhal_bsp.a(alt_lseek.o)
 .bss           0x0800a3f8        0x0 ../lights_bsp//libhal_bsp.a(alt_main.o)
 .bss           0x0800a3f8        0x0 ../lights_bsp//libhal_bsp.a(alt_malloc_lock.o)
 .bss           0x0800a3f8        0x0 ../lights_bsp//libhal_bsp.a(alt_read.o)
 .bss           0x0800a3f8        0x0 ../lights_bsp//libhal_bsp.a(alt_release_fd.o)
 .bss           0x0800a3f8        0x0 ../lights_bsp//libhal_bsp.a(alt_sbrk.o)
 .bss           0x0800a3f8        0x0 ../lights_bsp//libhal_bsp.a(alt_usleep.o)
 .bss           0x0800a3f8        0x0 ../lights_bsp//libhal_bsp.a(alt_write.o)
 .bss           0x0800a3f8        0x0 ../lights_bsp//libhal_bsp.a(alt_sys_init.o)
 .bss           0x0800a3f8        0x0 ../lights_bsp//libhal_bsp.a(altera_avalon_jtag_uart_fd.o)
 .bss           0x0800a3f8        0x0 ../lights_bsp//libhal_bsp.a(altera_avalon_jtag_uart_init.o)
 .bss           0x0800a3f8        0x0 ../lights_bsp//libhal_bsp.a(altera_avalon_jtag_uart_ioctl.o)
 .bss           0x0800a3f8        0x0 ../lights_bsp//libhal_bsp.a(altera_avalon_jtag_uart_read.o)
 .bss           0x0800a3f8        0x0 ../lights_bsp//libhal_bsp.a(altera_avalon_jtag_uart_write.o)
 .bss           0x0800a3f8        0x0 ../lights_bsp//libhal_bsp.a(altera_avalon_lcd_16207.o)
 .bss           0x0800a3f8        0x0 ../lights_bsp//libhal_bsp.a(altera_avalon_lcd_16207_fd.o)
 .bss           0x0800a3f8        0x0 ../lights_bsp//libhal_bsp.a(alt_alarm_start.o)
 .bss           0x0800a3f8        0x0 ../lights_bsp//libhal_bsp.a(alt_busy_sleep.o)
 .bss           0x0800a3f8        0x0 ../lights_bsp//libhal_bsp.a(alt_dcache_flush_all.o)
 .bss           0x0800a3f8        0x0 ../lights_bsp//libhal_bsp.a(alt_dev_llist_insert.o)
 .bss           0x0800a3f8        0x0 ../lights_bsp//libhal_bsp.a(alt_do_ctors.o)
 .bss           0x0800a3f8        0x0 ../lights_bsp//libhal_bsp.a(alt_do_dtors.o)
 .bss           0x0800a3f8        0x0 ../lights_bsp//libhal_bsp.a(alt_icache_flush_all.o)
 .bss           0x0800a3f8        0x0 ../lights_bsp//libhal_bsp.a(alt_iic.o)
 .bss           0x0800a3f8        0x0 ../lights_bsp//libhal_bsp.a(alt_iic_isr_register.o)
 .bss           0x0800a3f8        0x0 ../lights_bsp//libhal_bsp.a(alt_io_redirect.o)
 .bss           0x0800a3f8        0x0 ../lights_bsp//libhal_bsp.a(alt_irq_entry.o)
 .bss           0x0800a3f8        0x0 ../lights_bsp//libhal_bsp.a(alt_irq_handler.o)
 .bss           0x0800a3f8        0x0 ../lights_bsp//libhal_bsp.a(alt_irq_vars.o)
 .bss           0x0800a3f8        0x0 ../lights_bsp//libhal_bsp.a(alt_open.o)
 .bss           0x0800a3f8        0x0 ../lights_bsp//libhal_bsp.a(alt_tick.o)
 .bss           0x0800a3f8        0x0 ../lights_bsp//libhal_bsp.a(altera_nios2_irq.o)
 .bss           0x0800a3f8        0x0 ../lights_bsp//libhal_bsp.a(alt_exception_entry.o)
 .bss           0x0800a3f8        0x0 ../lights_bsp//libhal_bsp.a(alt_find_dev.o)
 .bss           0x0800a3f8        0x0 ../lights_bsp//libhal_bsp.a(alt_find_file.o)
 .bss           0x0800a3f8        0x0 ../lights_bsp//libhal_bsp.a(alt_get_fd.o)
 .bss           0x0800a3f8        0x0 ../lights_bsp//libhal_bsp.a(alt_icache_flush.o)
 .bss           0x0800a3f8        0x0 /usr/local/3rdparty/altera/quartus12/nios2eds/bin/gnu/H-i686-pc-linux-gnu/bin/../lib/gcc/nios2-elf/4.1.2/../../../../nios2-elf/lib/libc.a(lib_a-atexit.o)
 .bss           0x0800a3f8        0x0 /usr/local/3rdparty/altera/quartus12/nios2eds/bin/gnu/H-i686-pc-linux-gnu/bin/../lib/gcc/nios2-elf/4.1.2/../../../../nios2-elf/lib/libc.a(lib_a-ctype_.o)
 .bss           0x0800a3f8        0x0 /usr/local/3rdparty/altera/quartus12/nios2eds/bin/gnu/H-i686-pc-linux-gnu/bin/../lib/gcc/nios2-elf/4.1.2/../../../../nios2-elf/lib/libc.a(lib_a-exit.o)
 .bss           0x0800a3f8        0x0 /usr/local/3rdparty/altera/quartus12/nios2eds/bin/gnu/H-i686-pc-linux-gnu/bin/../lib/gcc/nios2-elf/4.1.2/../../../../nios2-elf/lib/libc.a(lib_a-memcmp.o)
 .bss           0x0800a3f8        0x0 /usr/local/3rdparty/altera/quartus12/nios2eds/bin/gnu/H-i686-pc-linux-gnu/bin/../lib/gcc/nios2-elf/4.1.2/../../../../nios2-elf/lib/libc.a(lib_a-__atexit.o)
 .bss           0x0800a3f8        0x0 /usr/local/3rdparty/altera/quartus12/nios2eds/bin/gnu/H-i686-pc-linux-gnu/bin/../lib/gcc/nios2-elf/4.1.2/../../../../nios2-elf/lib/libc.a(lib_a-__call_atexit.o)
 .bss           0x0800a3f8        0x0 ../lights_bsp//libhal_bsp.a(alt_exit.o)
 *(COMMON)
 COMMON         0x0800a3f8      0x100 ../lights_bsp//libhal_bsp.a(alt_irq_handler.o)
                0x0800a3f8                alt_irq
 COMMON         0x0800a4f8      0x190 /usr/local/3rdparty/altera/quartus12/nios2eds/bin/gnu/H-i686-pc-linux-gnu/bin/../lib/gcc/nios2-elf/4.1.2/../../../../nios2-elf/lib/libc.a(lib_a-atexit.o)
                0x0800a4f8                _atexit0
                0x0800a688                . = ALIGN (0x4)
                0x0800a688                __bss_end = ABSOLUTE (.)

.sdram_0        0x0800a688        0x0
                0x0800a688                PROVIDE (_alt_partition_sdram_0_start, ABSOLUTE (.))
 *(.sdram_0. sdram_0.*)
                0x0800a688                . = ALIGN (0x4)
                0x0800a688                PROVIDE (_alt_partition_sdram_0_end, ABSOLUTE (.))
                0x0800a688                _end = ABSOLUTE (.)
                0x0800a688                end = ABSOLUTE (.)
                0x0800a688                __alt_stack_base = ABSOLUTE (.)
                0x0800a688                PROVIDE (_alt_partition_sdram_0_load_addr, LOADADDR (.sdram_0))

.stab
 *(.stab)

.stabstr
 *(.stabstr)

.stab.excl
 *(.stab.excl)

.stab.exclstr
 *(.stab.exclstr)

.stab.index
 *(.stab.index)

.stab.indexstr
 *(.stab.indexstr)

.comment        0x00000000       0x23
 *(.comment)
 .comment       0x00000000       0x23 obj/default/hello_world.o
                                 0x24 (size before relaxing)
 .comment       0x00000000       0x24 /usr/local/3rdparty/altera/quartus12/nios2eds/bin/gnu/H-i686-pc-linux-gnu/bin/../lib/gcc/nios2-elf/4.1.2/../../../../nios2-elf/lib/libc.a(lib_a-fwrite.o)
 .comment       0x00000000       0x24 /usr/local/3rdparty/altera/quartus12/nios2eds/bin/gnu/H-i686-pc-linux-gnu/bin/../lib/gcc/nios2-elf/4.1.2/../../../../nios2-elf/lib/libc.a(lib_a-impure.o)
 .comment       0x00000000       0x24 /usr/local/3rdparty/altera/quartus12/nios2eds/bin/gnu/H-i686-pc-linux-gnu/bin/../lib/gcc/nios2-elf/4.1.2/../../../../nios2-elf/lib/libc.a(lib_a-puts.o)
 .comment       0x00000000       0x24 /usr/local/3rdparty/altera/quartus12/nios2eds/bin/gnu/H-i686-pc-linux-gnu/bin/../lib/gcc/nios2-elf/4.1.2/../../../../nios2-elf/lib/libc.a(lib_a-strlen.o)
 .comment       0x00000000       0x24 /usr/local/3rdparty/altera/quartus12/nios2eds/bin/gnu/H-i686-pc-linux-gnu/bin/../lib/gcc/nios2-elf/4.1.2/../../../../nios2-elf/lib/libc.a(lib_a-findfp.o)
 .comment       0x00000000       0x24 /usr/local/3rdparty/altera/quartus12/nios2eds/bin/gnu/H-i686-pc-linux-gnu/bin/../lib/gcc/nios2-elf/4.1.2/../../../../nios2-elf/lib/libc.a(lib_a-fvwrite.o)
 .comment       0x00000000       0x24 /usr/local/3rdparty/altera/quartus12/nios2eds/bin/gnu/H-i686-pc-linux-gnu/bin/../lib/gcc/nios2-elf/4.1.2/../../../../nios2-elf/lib/libc.a(lib_a-fwalk.o)
 .comment       0x00000000       0x24 /usr/local/3rdparty/altera/quartus12/nios2eds/bin/gnu/H-i686-pc-linux-gnu/bin/../lib/gcc/nios2-elf/4.1.2/../../../../nios2-elf/lib/libc.a(lib_a-mallocr.o)
 .comment       0x00000000       0x24 /usr/local/3rdparty/altera/quartus12/nios2eds/bin/gnu/H-i686-pc-linux-gnu/bin/../lib/gcc/nios2-elf/4.1.2/../../../../nios2-elf/lib/libc.a(lib_a-memchr.o)
 .comment       0x00000000       0x24 /usr/local/3rdparty/altera/quartus12/nios2eds/bin/gnu/H-i686-pc-linux-gnu/bin/../lib/gcc/nios2-elf/4.1.2/../../../../nios2-elf/lib/libc.a(lib_a-memcpy.o)
 .comment       0x00000000       0x24 /usr/local/3rdparty/altera/quartus12/nios2eds/bin/gnu/H-i686-pc-linux-gnu/bin/../lib/gcc/nios2-elf/4.1.2/../../../../nios2-elf/lib/libc.a(lib_a-memmove.o)
 .comment       0x00000000       0x24 /usr/local/3rdparty/altera/quartus12/nios2eds/bin/gnu/H-i686-pc-linux-gnu/bin/../lib/gcc/nios2-elf/4.1.2/../../../../nios2-elf/lib/libc.a(lib_a-memset.o)
 .comment       0x00000000       0x24 /usr/local/3rdparty/altera/quartus12/nios2eds/bin/gnu/H-i686-pc-linux-gnu/bin/../lib/gcc/nios2-elf/4.1.2/../../../../nios2-elf/lib/libc.a(lib_a-reallocr.o)
 .comment       0x00000000       0x24 /usr/local/3rdparty/altera/quartus12/nios2eds/bin/gnu/H-i686-pc-linux-gnu/bin/../lib/gcc/nios2-elf/4.1.2/../../../../nios2-elf/lib/libc.a(lib_a-sbrkr.o)
 .comment       0x00000000       0x24 /usr/local/3rdparty/altera/quartus12/nios2eds/bin/gnu/H-i686-pc-linux-gnu/bin/../lib/gcc/nios2-elf/4.1.2/../../../../nios2-elf/lib/libc.a(lib_a-stdio.o)
 .comment       0x00000000       0x24 /usr/local/3rdparty/altera/quartus12/nios2eds/bin/gnu/H-i686-pc-linux-gnu/bin/../lib/gcc/nios2-elf/4.1.2/../../../../nios2-elf/lib/libc.a(lib_a-writer.o)
 .comment       0x00000000       0x24 /usr/local/3rdparty/altera/quartus12/nios2eds/bin/gnu/H-i686-pc-linux-gnu/bin/../lib/gcc/nios2-elf/4.1.2/../../../../nios2-elf/lib/libc.a(lib_a-wsetup.o)
 .comment       0x00000000       0x24 /usr/local/3rdparty/altera/quartus12/nios2eds/bin/gnu/H-i686-pc-linux-gnu/bin/../lib/gcc/nios2-elf/4.1.2/../../../../nios2-elf/lib/libc.a(lib_a-closer.o)
 .comment       0x00000000       0x24 /usr/local/3rdparty/altera/quartus12/nios2eds/bin/gnu/H-i686-pc-linux-gnu/bin/../lib/gcc/nios2-elf/4.1.2/../../../../nios2-elf/lib/libc.a(lib_a-fclose.o)
 .comment       0x00000000       0x24 /usr/local/3rdparty/altera/quartus12/nios2eds/bin/gnu/H-i686-pc-linux-gnu/bin/../lib/gcc/nios2-elf/4.1.2/../../../../nios2-elf/lib/libc.a(lib_a-fflush.o)
 .comment       0x00000000       0x24 /usr/local/3rdparty/altera/quartus12/nios2eds/bin/gnu/H-i686-pc-linux-gnu/bin/../lib/gcc/nios2-elf/4.1.2/../../../../nios2-elf/lib/libc.a(lib_a-freer.o)
 .comment       0x00000000       0x24 /usr/local/3rdparty/altera/quartus12/nios2eds/bin/gnu/H-i686-pc-linux-gnu/bin/../lib/gcc/nios2-elf/4.1.2/../../../../nios2-elf/lib/libc.a(lib_a-int_errno.o)
 .comment       0x00000000       0x24 /usr/local/3rdparty/altera/quartus12/nios2eds/bin/gnu/H-i686-pc-linux-gnu/bin/../lib/gcc/nios2-elf/4.1.2/../../../../nios2-elf/lib/libc.a(lib_a-lseekr.o)
 .comment       0x00000000       0x24 /usr/local/3rdparty/altera/quartus12/nios2eds/bin/gnu/H-i686-pc-linux-gnu/bin/../lib/gcc/nios2-elf/4.1.2/../../../../nios2-elf/lib/libc.a(lib_a-makebuf.o)
 .comment       0x00000000       0x24 /usr/local/3rdparty/altera/quartus12/nios2eds/bin/gnu/H-i686-pc-linux-gnu/bin/../lib/gcc/nios2-elf/4.1.2/../../../../nios2-elf/lib/libc.a(lib_a-readr.o)
 .comment       0x00000000       0x24 /usr/local/3rdparty/altera/quartus12/nios2eds/bin/gnu/H-i686-pc-linux-gnu/bin/../lib/gcc/nios2-elf/4.1.2/../../../../nios2-elf/lib/libc.a(lib_a-fstatr.o)
 .comment       0x00000000       0x24 /usr/local/3rdparty/altera/quartus12/nios2eds/bin/gnu/H-i686-pc-linux-gnu/bin/../lib/gcc/nios2-elf/4.1.2/../../../../nios2-elf/lib/libc.a(lib_a-isattyr.o)
 .comment       0x00000000       0x24 /usr/local/3rdparty/altera/quartus12/nios2eds/bin/gnu/H-i686-pc-linux-gnu/bin/../lib/gcc/nios2-elf/4.1.2/libgcc.a(lib2-divmod.o)
 .comment       0x00000000       0x24 ../lights_bsp//libhal_bsp.a(alt_close.o)
 .comment       0x00000000       0x24 ../lights_bsp//libhal_bsp.a(alt_dev.o)
 .comment       0x00000000       0x24 ../lights_bsp//libhal_bsp.a(alt_errno.o)
 .comment       0x00000000       0x24 ../lights_bsp//libhal_bsp.a(alt_fstat.o)
 .comment       0x00000000       0x24 ../lights_bsp//libhal_bsp.a(alt_isatty.o)
 .comment       0x00000000       0x24 ../lights_bsp//libhal_bsp.a(alt_load.o)
 .comment       0x00000000       0x24 ../lights_bsp//libhal_bsp.a(alt_lseek.o)
 .comment       0x00000000       0x24 ../lights_bsp//libhal_bsp.a(alt_main.o)
 .comment       0x00000000       0x24 ../lights_bsp//libhal_bsp.a(alt_malloc_lock.o)
 .comment       0x00000000       0x24 ../lights_bsp//libhal_bsp.a(alt_read.o)
 .comment       0x00000000       0x24 ../lights_bsp//libhal_bsp.a(alt_release_fd.o)
 .comment       0x00000000       0x24 ../lights_bsp//libhal_bsp.a(alt_sbrk.o)
 .comment       0x00000000       0x24 ../lights_bsp//libhal_bsp.a(alt_usleep.o)
 .comment       0x00000000       0x24 ../lights_bsp//libhal_bsp.a(alt_write.o)
 .comment       0x00000000       0x24 ../lights_bsp//libhal_bsp.a(alt_sys_init.o)
 .comment       0x00000000       0x24 ../lights_bsp//libhal_bsp.a(altera_avalon_jtag_uart_fd.o)
 .comment       0x00000000       0x24 ../lights_bsp//libhal_bsp.a(altera_avalon_jtag_uart_init.o)
 .comment       0x00000000       0x24 ../lights_bsp//libhal_bsp.a(altera_avalon_jtag_uart_ioctl.o)
 .comment       0x00000000       0x24 ../lights_bsp//libhal_bsp.a(altera_avalon_jtag_uart_read.o)
 .comment       0x00000000       0x24 ../lights_bsp//libhal_bsp.a(altera_avalon_jtag_uart_write.o)
 .comment       0x00000000       0x24 ../lights_bsp//libhal_bsp.a(altera_avalon_lcd_16207.o)
 .comment       0x00000000       0x24 ../lights_bsp//libhal_bsp.a(altera_avalon_lcd_16207_fd.o)
 .comment       0x00000000       0x24 ../lights_bsp//libhal_bsp.a(alt_alarm_start.o)
 .comment       0x00000000       0x24 ../lights_bsp//libhal_bsp.a(alt_busy_sleep.o)
 .comment       0x00000000       0x24 ../lights_bsp//libhal_bsp.a(alt_dcache_flush_all.o)
 .comment       0x00000000       0x24 ../lights_bsp//libhal_bsp.a(alt_dev_llist_insert.o)
 .comment       0x00000000       0x24 ../lights_bsp//libhal_bsp.a(alt_do_ctors.o)
 .comment       0x00000000       0x24 ../lights_bsp//libhal_bsp.a(alt_do_dtors.o)
 .comment       0x00000000       0x24 ../lights_bsp//libhal_bsp.a(alt_icache_flush_all.o)
 .comment       0x00000000       0x24 ../lights_bsp//libhal_bsp.a(alt_iic.o)
 .comment       0x00000000       0x24 ../lights_bsp//libhal_bsp.a(alt_iic_isr_register.o)
 .comment       0x00000000       0x24 ../lights_bsp//libhal_bsp.a(alt_io_redirect.o)
 .comment       0x00000000       0x24 ../lights_bsp//libhal_bsp.a(alt_irq_handler.o)
 .comment       0x00000000       0x24 ../lights_bsp//libhal_bsp.a(alt_irq_vars.o)
 .comment       0x00000000       0x24 ../lights_bsp//libhal_bsp.a(alt_open.o)
 .comment       0x00000000       0x24 ../lights_bsp//libhal_bsp.a(alt_tick.o)
 .comment       0x00000000       0x24 ../lights_bsp//libhal_bsp.a(altera_nios2_irq.o)
 .comment       0x00000000       0x24 ../lights_bsp//libhal_bsp.a(alt_find_dev.o)
 .comment       0x00000000       0x24 ../lights_bsp//libhal_bsp.a(alt_find_file.o)
 .comment       0x00000000       0x24 ../lights_bsp//libhal_bsp.a(alt_get_fd.o)
 .comment       0x00000000       0x24 ../lights_bsp//libhal_bsp.a(alt_icache_flush.o)
 .comment       0x00000000       0x24 /usr/local/3rdparty/altera/quartus12/nios2eds/bin/gnu/H-i686-pc-linux-gnu/bin/../lib/gcc/nios2-elf/4.1.2/../../../../nios2-elf/lib/libc.a(lib_a-atexit.o)
 .comment       0x00000000       0x24 /usr/local/3rdparty/altera/quartus12/nios2eds/bin/gnu/H-i686-pc-linux-gnu/bin/../lib/gcc/nios2-elf/4.1.2/../../../../nios2-elf/lib/libc.a(lib_a-ctype_.o)
 .comment       0x00000000       0x24 /usr/local/3rdparty/altera/quartus12/nios2eds/bin/gnu/H-i686-pc-linux-gnu/bin/../lib/gcc/nios2-elf/4.1.2/../../../../nios2-elf/lib/libc.a(lib_a-exit.o)
 .comment       0x00000000       0x24 /usr/local/3rdparty/altera/quartus12/nios2eds/bin/gnu/H-i686-pc-linux-gnu/bin/../lib/gcc/nios2-elf/4.1.2/../../../../nios2-elf/lib/libc.a(lib_a-memcmp.o)
 .comment       0x00000000       0x24 /usr/local/3rdparty/altera/quartus12/nios2eds/bin/gnu/H-i686-pc-linux-gnu/bin/../lib/gcc/nios2-elf/4.1.2/../../../../nios2-elf/lib/libc.a(lib_a-__atexit.o)
 .comment       0x00000000       0x24 /usr/local/3rdparty/altera/quartus12/nios2eds/bin/gnu/H-i686-pc-linux-gnu/bin/../lib/gcc/nios2-elf/4.1.2/../../../../nios2-elf/lib/libc.a(lib_a-__call_atexit.o)
 .comment       0x00000000       0x24 ../lights_bsp//libhal_bsp.a(alt_exit.o)

.debug
 *(.debug)

.line
 *(.line)

.debug_srcinfo
 *(.debug_srcinfo)

.debug_sfnames
 *(.debug_sfnames)

.debug_aranges  0x00000000      0x998
 *(.debug_aranges)
 .debug_aranges
                0x00000000       0x28 ../lights_bsp//obj/HAL/src/crt0.o
 .debug_aranges
                0x00000028       0x20 obj/default/hello_world.o
 .debug_aranges
                0x00000048       0x20 /usr/local/3rdparty/altera/quartus12/nios2eds/bin/gnu/H-i686-pc-linux-gnu/bin/../lib/gcc/nios2-elf/4.1.2/../../../../nios2-elf/lib/libc.a(lib_a-fwrite.o)
 .debug_aranges
                0x00000068       0x20 /usr/local/3rdparty/altera/quartus12/nios2eds/bin/gnu/H-i686-pc-linux-gnu/bin/../lib/gcc/nios2-elf/4.1.2/../../../../nios2-elf/lib/libc.a(lib_a-puts.o)
 .debug_aranges
                0x00000088       0x20 /usr/local/3rdparty/altera/quartus12/nios2eds/bin/gnu/H-i686-pc-linux-gnu/bin/../lib/gcc/nios2-elf/4.1.2/../../../../nios2-elf/lib/libc.a(lib_a-strlen.o)
 .debug_aranges
                0x000000a8       0x20 /usr/local/3rdparty/altera/quartus12/nios2eds/bin/gnu/H-i686-pc-linux-gnu/bin/../lib/gcc/nios2-elf/4.1.2/../../../../nios2-elf/lib/libc.a(lib_a-findfp.o)
 .debug_aranges
                0x000000c8       0x20 /usr/local/3rdparty/altera/quartus12/nios2eds/bin/gnu/H-i686-pc-linux-gnu/bin/../lib/gcc/nios2-elf/4.1.2/../../../../nios2-elf/lib/libc.a(lib_a-fvwrite.o)
 .debug_aranges
                0x000000e8       0x20 /usr/local/3rdparty/altera/quartus12/nios2eds/bin/gnu/H-i686-pc-linux-gnu/bin/../lib/gcc/nios2-elf/4.1.2/../../../../nios2-elf/lib/libc.a(lib_a-fwalk.o)
 .debug_aranges
                0x00000108       0x20 /usr/local/3rdparty/altera/quartus12/nios2eds/bin/gnu/H-i686-pc-linux-gnu/bin/../lib/gcc/nios2-elf/4.1.2/../../../../nios2-elf/lib/libc.a(lib_a-mallocr.o)
 .debug_aranges
                0x00000128       0x20 /usr/local/3rdparty/altera/quartus12/nios2eds/bin/gnu/H-i686-pc-linux-gnu/bin/../lib/gcc/nios2-elf/4.1.2/../../../../nios2-elf/lib/libc.a(lib_a-memchr.o)
 .debug_aranges
                0x00000148       0x20 /usr/local/3rdparty/altera/quartus12/nios2eds/bin/gnu/H-i686-pc-linux-gnu/bin/../lib/gcc/nios2-elf/4.1.2/../../../../nios2-elf/lib/libc.a(lib_a-memcpy.o)
 .debug_aranges
                0x00000168       0x20 /usr/local/3rdparty/altera/quartus12/nios2eds/bin/gnu/H-i686-pc-linux-gnu/bin/../lib/gcc/nios2-elf/4.1.2/../../../../nios2-elf/lib/libc.a(lib_a-memmove.o)
 .debug_aranges
                0x00000188       0x20 /usr/local/3rdparty/altera/quartus12/nios2eds/bin/gnu/H-i686-pc-linux-gnu/bin/../lib/gcc/nios2-elf/4.1.2/../../../../nios2-elf/lib/libc.a(lib_a-memset.o)
 .debug_aranges
                0x000001a8       0x20 /usr/local/3rdparty/altera/quartus12/nios2eds/bin/gnu/H-i686-pc-linux-gnu/bin/../lib/gcc/nios2-elf/4.1.2/../../../../nios2-elf/lib/libc.a(lib_a-reallocr.o)
 .debug_aranges
                0x000001c8       0x20 /usr/local/3rdparty/altera/quartus12/nios2eds/bin/gnu/H-i686-pc-linux-gnu/bin/../lib/gcc/nios2-elf/4.1.2/../../../../nios2-elf/lib/libc.a(lib_a-sbrkr.o)
 .debug_aranges
                0x000001e8       0x20 /usr/local/3rdparty/altera/quartus12/nios2eds/bin/gnu/H-i686-pc-linux-gnu/bin/../lib/gcc/nios2-elf/4.1.2/../../../../nios2-elf/lib/libc.a(lib_a-stdio.o)
 .debug_aranges
                0x00000208       0x20 /usr/local/3rdparty/altera/quartus12/nios2eds/bin/gnu/H-i686-pc-linux-gnu/bin/../lib/gcc/nios2-elf/4.1.2/../../../../nios2-elf/lib/libc.a(lib_a-writer.o)
 .debug_aranges
                0x00000228       0x20 /usr/local/3rdparty/altera/quartus12/nios2eds/bin/gnu/H-i686-pc-linux-gnu/bin/../lib/gcc/nios2-elf/4.1.2/../../../../nios2-elf/lib/libc.a(lib_a-wsetup.o)
 .debug_aranges
                0x00000248       0x20 /usr/local/3rdparty/altera/quartus12/nios2eds/bin/gnu/H-i686-pc-linux-gnu/bin/../lib/gcc/nios2-elf/4.1.2/../../../../nios2-elf/lib/libc.a(lib_a-closer.o)
 .debug_aranges
                0x00000268       0x20 /usr/local/3rdparty/altera/quartus12/nios2eds/bin/gnu/H-i686-pc-linux-gnu/bin/../lib/gcc/nios2-elf/4.1.2/../../../../nios2-elf/lib/libc.a(lib_a-fclose.o)
 .debug_aranges
                0x00000288       0x20 /usr/local/3rdparty/altera/quartus12/nios2eds/bin/gnu/H-i686-pc-linux-gnu/bin/../lib/gcc/nios2-elf/4.1.2/../../../../nios2-elf/lib/libc.a(lib_a-fflush.o)
 .debug_aranges
                0x000002a8       0x20 /usr/local/3rdparty/altera/quartus12/nios2eds/bin/gnu/H-i686-pc-linux-gnu/bin/../lib/gcc/nios2-elf/4.1.2/../../../../nios2-elf/lib/libc.a(lib_a-freer.o)
 .debug_aranges
                0x000002c8       0x20 /usr/local/3rdparty/altera/quartus12/nios2eds/bin/gnu/H-i686-pc-linux-gnu/bin/../lib/gcc/nios2-elf/4.1.2/../../../../nios2-elf/lib/libc.a(lib_a-lseekr.o)
 .debug_aranges
                0x000002e8       0x20 /usr/local/3rdparty/altera/quartus12/nios2eds/bin/gnu/H-i686-pc-linux-gnu/bin/../lib/gcc/nios2-elf/4.1.2/../../../../nios2-elf/lib/libc.a(lib_a-makebuf.o)
 .debug_aranges
                0x00000308       0x20 /usr/local/3rdparty/altera/quartus12/nios2eds/bin/gnu/H-i686-pc-linux-gnu/bin/../lib/gcc/nios2-elf/4.1.2/../../../../nios2-elf/lib/libc.a(lib_a-readr.o)
 .debug_aranges
                0x00000328       0x20 /usr/local/3rdparty/altera/quartus12/nios2eds/bin/gnu/H-i686-pc-linux-gnu/bin/../lib/gcc/nios2-elf/4.1.2/../../../../nios2-elf/lib/libc.a(lib_a-fstatr.o)
 .debug_aranges
                0x00000348       0x20 /usr/local/3rdparty/altera/quartus12/nios2eds/bin/gnu/H-i686-pc-linux-gnu/bin/../lib/gcc/nios2-elf/4.1.2/../../../../nios2-elf/lib/libc.a(lib_a-isattyr.o)
 .debug_aranges
                0x00000368       0x20 /usr/local/3rdparty/altera/quartus12/nios2eds/bin/gnu/H-i686-pc-linux-gnu/bin/../lib/gcc/nios2-elf/4.1.2/libgcc.a(lib2-divmod.o)
 .debug_aranges
                0x00000388       0x20 ../lights_bsp//libhal_bsp.a(alt_close.o)
 .debug_aranges
                0x000003a8       0x20 ../lights_bsp//libhal_bsp.a(alt_dev.o)
 .debug_aranges
                0x000003c8       0x20 ../lights_bsp//libhal_bsp.a(alt_fstat.o)
 .debug_aranges
                0x000003e8       0x20 ../lights_bsp//libhal_bsp.a(alt_isatty.o)
 .debug_aranges
                0x00000408       0x20 ../lights_bsp//libhal_bsp.a(alt_load.o)
 .debug_aranges
                0x00000428       0x20 ../lights_bsp//libhal_bsp.a(alt_lseek.o)
 .debug_aranges
                0x00000448       0x20 ../lights_bsp//libhal_bsp.a(alt_main.o)
 .debug_aranges
                0x00000468       0x20 ../lights_bsp//libhal_bsp.a(alt_malloc_lock.o)
 .debug_aranges
                0x00000488       0x20 ../lights_bsp//libhal_bsp.a(alt_read.o)
 .debug_aranges
                0x000004a8       0x20 ../lights_bsp//libhal_bsp.a(alt_release_fd.o)
 .debug_aranges
                0x000004c8       0x20 ../lights_bsp//libhal_bsp.a(alt_sbrk.o)
 .debug_aranges
                0x000004e8       0x20 ../lights_bsp//libhal_bsp.a(alt_usleep.o)
 .debug_aranges
                0x00000508       0x20 ../lights_bsp//libhal_bsp.a(alt_write.o)
 .debug_aranges
                0x00000528       0x20 ../lights_bsp//libhal_bsp.a(alt_sys_init.o)
 .debug_aranges
                0x00000548       0x20 ../lights_bsp//libhal_bsp.a(altera_avalon_jtag_uart_fd.o)
 .debug_aranges
                0x00000568       0x20 ../lights_bsp//libhal_bsp.a(altera_avalon_jtag_uart_init.o)
 .debug_aranges
                0x00000588       0x20 ../lights_bsp//libhal_bsp.a(altera_avalon_jtag_uart_ioctl.o)
 .debug_aranges
                0x000005a8       0x20 ../lights_bsp//libhal_bsp.a(altera_avalon_jtag_uart_read.o)
 .debug_aranges
                0x000005c8       0x20 ../lights_bsp//libhal_bsp.a(altera_avalon_jtag_uart_write.o)
 .debug_aranges
                0x000005e8       0x20 ../lights_bsp//libhal_bsp.a(altera_avalon_lcd_16207.o)
 .debug_aranges
                0x00000608       0x20 ../lights_bsp//libhal_bsp.a(altera_avalon_lcd_16207_fd.o)
 .debug_aranges
                0x00000628       0x20 ../lights_bsp//libhal_bsp.a(alt_alarm_start.o)
 .debug_aranges
                0x00000648       0x20 ../lights_bsp//libhal_bsp.a(alt_busy_sleep.o)
 .debug_aranges
                0x00000668       0x20 ../lights_bsp//libhal_bsp.a(alt_dcache_flush_all.o)
 .debug_aranges
                0x00000688       0x20 ../lights_bsp//libhal_bsp.a(alt_dev_llist_insert.o)
 .debug_aranges
                0x000006a8       0x20 ../lights_bsp//libhal_bsp.a(alt_do_ctors.o)
 .debug_aranges
                0x000006c8       0x20 ../lights_bsp//libhal_bsp.a(alt_do_dtors.o)
 .debug_aranges
                0x000006e8       0x20 ../lights_bsp//libhal_bsp.a(alt_icache_flush_all.o)
 .debug_aranges
                0x00000708       0x20 ../lights_bsp//libhal_bsp.a(alt_iic.o)
 .debug_aranges
                0x00000728       0x20 ../lights_bsp//libhal_bsp.a(alt_iic_isr_register.o)
 .debug_aranges
                0x00000748       0x20 ../lights_bsp//libhal_bsp.a(alt_io_redirect.o)
 .debug_aranges
                0x00000768       0x30 ../lights_bsp//libhal_bsp.a(alt_irq_entry.o)
 .debug_aranges
                0x00000798       0x28 ../lights_bsp//libhal_bsp.a(alt_irq_handler.o)
 .debug_aranges
                0x000007c0       0x20 ../lights_bsp//libhal_bsp.a(alt_open.o)
 .debug_aranges
                0x000007e0       0x20 ../lights_bsp//libhal_bsp.a(alt_tick.o)
 .debug_aranges
                0x00000800       0x20 ../lights_bsp//libhal_bsp.a(altera_nios2_irq.o)
 .debug_aranges
                0x00000820       0x38 ../lights_bsp//libhal_bsp.a(alt_exception_entry.o)
 .debug_aranges
                0x00000858       0x20 ../lights_bsp//libhal_bsp.a(alt_find_dev.o)
 .debug_aranges
                0x00000878       0x20 ../lights_bsp//libhal_bsp.a(alt_find_file.o)
 .debug_aranges
                0x00000898       0x20 ../lights_bsp//libhal_bsp.a(alt_get_fd.o)
 .debug_aranges
                0x000008b8       0x20 ../lights_bsp//libhal_bsp.a(alt_icache_flush.o)
 .debug_aranges
                0x000008d8       0x20 /usr/local/3rdparty/altera/quartus12/nios2eds/bin/gnu/H-i686-pc-linux-gnu/bin/../lib/gcc/nios2-elf/4.1.2/../../../../nios2-elf/lib/libc.a(lib_a-atexit.o)
 .debug_aranges
                0x000008f8       0x20 /usr/local/3rdparty/altera/quartus12/nios2eds/bin/gnu/H-i686-pc-linux-gnu/bin/../lib/gcc/nios2-elf/4.1.2/../../../../nios2-elf/lib/libc.a(lib_a-exit.o)
 .debug_aranges
                0x00000918       0x20 /usr/local/3rdparty/altera/quartus12/nios2eds/bin/gnu/H-i686-pc-linux-gnu/bin/../lib/gcc/nios2-elf/4.1.2/../../../../nios2-elf/lib/libc.a(lib_a-memcmp.o)
 .debug_aranges
                0x00000938       0x20 /usr/local/3rdparty/altera/quartus12/nios2eds/bin/gnu/H-i686-pc-linux-gnu/bin/../lib/gcc/nios2-elf/4.1.2/../../../../nios2-elf/lib/libc.a(lib_a-__atexit.o)
 .debug_aranges
                0x00000958       0x20 /usr/local/3rdparty/altera/quartus12/nios2eds/bin/gnu/H-i686-pc-linux-gnu/bin/../lib/gcc/nios2-elf/4.1.2/../../../../nios2-elf/lib/libc.a(lib_a-__call_atexit.o)
 .debug_aranges
                0x00000978       0x20 ../lights_bsp//libhal_bsp.a(alt_exit.o)

.debug_pubnames
                0x00000000      0xe8c
 *(.debug_pubnames)
 .debug_pubnames
                0x00000000       0x1b obj/default/hello_world.o
 .debug_pubnames
                0x0000001b       0x2b /usr/local/3rdparty/altera/quartus12/nios2eds/bin/gnu/H-i686-pc-linux-gnu/bin/../lib/gcc/nios2-elf/4.1.2/../../../../nios2-elf/lib/libc.a(lib_a-fwrite.o)
 .debug_pubnames
                0x00000046       0x39 /usr/local/3rdparty/altera/quartus12/nios2eds/bin/gnu/H-i686-pc-linux-gnu/bin/../lib/gcc/nios2-elf/4.1.2/../../../../nios2-elf/lib/libc.a(lib_a-impure.o)
 .debug_pubnames
                0x0000007f       0x27 /usr/local/3rdparty/altera/quartus12/nios2eds/bin/gnu/H-i686-pc-linux-gnu/bin/../lib/gcc/nios2-elf/4.1.2/../../../../nios2-elf/lib/libc.a(lib_a-puts.o)
 .debug_pubnames
                0x000000a6       0x1d /usr/local/3rdparty/altera/quartus12/nios2eds/bin/gnu/H-i686-pc-linux-gnu/bin/../lib/gcc/nios2-elf/4.1.2/../../../../nios2-elf/lib/libc.a(lib_a-strlen.o)
 .debug_pubnames
                0x000000c3       0xdb /usr/local/3rdparty/altera/quartus12/nios2eds/bin/gnu/H-i686-pc-linux-gnu/bin/../lib/gcc/nios2-elf/4.1.2/../../../../nios2-elf/lib/libc.a(lib_a-findfp.o)
 .debug_pubnames
                0x0000019e       0x23 /usr/local/3rdparty/altera/quartus12/nios2eds/bin/gnu/H-i686-pc-linux-gnu/bin/../lib/gcc/nios2-elf/4.1.2/../../../../nios2-elf/lib/libc.a(lib_a-fvwrite.o)
 .debug_pubnames
                0x000001c1       0x2e /usr/local/3rdparty/altera/quartus12/nios2eds/bin/gnu/H-i686-pc-linux-gnu/bin/../lib/gcc/nios2-elf/4.1.2/../../../../nios2-elf/lib/libc.a(lib_a-fwalk.o)
 .debug_pubnames
                0x000001ef       0xce /usr/local/3rdparty/altera/quartus12/nios2eds/bin/gnu/H-i686-pc-linux-gnu/bin/../lib/gcc/nios2-elf/4.1.2/../../../../nios2-elf/lib/libc.a(lib_a-mallocr.o)
 .debug_pubnames
                0x000002bd       0x1d /usr/local/3rdparty/altera/quartus12/nios2eds/bin/gnu/H-i686-pc-linux-gnu/bin/../lib/gcc/nios2-elf/4.1.2/../../../../nios2-elf/lib/libc.a(lib_a-memchr.o)
 .debug_pubnames
                0x000002da       0x1d /usr/local/3rdparty/altera/quartus12/nios2eds/bin/gnu/H-i686-pc-linux-gnu/bin/../lib/gcc/nios2-elf/4.1.2/../../../../nios2-elf/lib/libc.a(lib_a-memcpy.o)
 .debug_pubnames
                0x000002f7       0x1e /usr/local/3rdparty/altera/quartus12/nios2eds/bin/gnu/H-i686-pc-linux-gnu/bin/../lib/gcc/nios2-elf/4.1.2/../../../../nios2-elf/lib/libc.a(lib_a-memmove.o)
 .debug_pubnames
                0x00000315       0x1d /usr/local/3rdparty/altera/quartus12/nios2eds/bin/gnu/H-i686-pc-linux-gnu/bin/../lib/gcc/nios2-elf/4.1.2/../../../../nios2-elf/lib/libc.a(lib_a-memset.o)
 .debug_pubnames
                0x00000332       0x21 /usr/local/3rdparty/altera/quartus12/nios2eds/bin/gnu/H-i686-pc-linux-gnu/bin/../lib/gcc/nios2-elf/4.1.2/../../../../nios2-elf/lib/libc.a(lib_a-reallocr.o)
 .debug_pubnames
                0x00000353       0x1e /usr/local/3rdparty/altera/quartus12/nios2eds/bin/gnu/H-i686-pc-linux-gnu/bin/../lib/gcc/nios2-elf/4.1.2/../../../../nios2-elf/lib/libc.a(lib_a-sbrkr.o)
 .debug_pubnames
                0x00000371       0x44 /usr/local/3rdparty/altera/quartus12/nios2eds/bin/gnu/H-i686-pc-linux-gnu/bin/../lib/gcc/nios2-elf/4.1.2/../../../../nios2-elf/lib/libc.a(lib_a-stdio.o)
 .debug_pubnames
                0x000003b5       0x1f /usr/local/3rdparty/altera/quartus12/nios2eds/bin/gnu/H-i686-pc-linux-gnu/bin/../lib/gcc/nios2-elf/4.1.2/../../../../nios2-elf/lib/libc.a(lib_a-writer.o)
 .debug_pubnames
                0x000003d4       0x22 /usr/local/3rdparty/altera/quartus12/nios2eds/bin/gnu/H-i686-pc-linux-gnu/bin/../lib/gcc/nios2-elf/4.1.2/../../../../nios2-elf/lib/libc.a(lib_a-wsetup.o)
 .debug_pubnames
                0x000003f6       0x1f /usr/local/3rdparty/altera/quartus12/nios2eds/bin/gnu/H-i686-pc-linux-gnu/bin/../lib/gcc/nios2-elf/4.1.2/../../../../nios2-elf/lib/libc.a(lib_a-closer.o)
 .debug_pubnames
                0x00000415       0x2b /usr/local/3rdparty/altera/quartus12/nios2eds/bin/gnu/H-i686-pc-linux-gnu/bin/../lib/gcc/nios2-elf/4.1.2/../../../../nios2-elf/lib/libc.a(lib_a-fclose.o)
 .debug_pubnames
                0x00000440       0x2b /usr/local/3rdparty/altera/quartus12/nios2eds/bin/gnu/H-i686-pc-linux-gnu/bin/../lib/gcc/nios2-elf/4.1.2/../../../../nios2-elf/lib/libc.a(lib_a-fflush.o)
 .debug_pubnames
                0x0000046b       0x31 /usr/local/3rdparty/altera/quartus12/nios2eds/bin/gnu/H-i686-pc-linux-gnu/bin/../lib/gcc/nios2-elf/4.1.2/../../../../nios2-elf/lib/libc.a(lib_a-freer.o)
 .debug_pubnames
                0x0000049c       0x1c /usr/local/3rdparty/altera/quartus12/nios2eds/bin/gnu/H-i686-pc-linux-gnu/bin/../lib/gcc/nios2-elf/4.1.2/../../../../nios2-elf/lib/libc.a(lib_a-int_errno.o)
 .debug_pubnames
                0x000004b8       0x1f /usr/local/3rdparty/altera/quartus12/nios2eds/bin/gnu/H-i686-pc-linux-gnu/bin/../lib/gcc/nios2-elf/4.1.2/../../../../nios2-elf/lib/libc.a(lib_a-lseekr.o)
 .debug_pubnames
                0x000004d7       0x23 /usr/local/3rdparty/altera/quartus12/nios2eds/bin/gnu/H-i686-pc-linux-gnu/bin/../lib/gcc/nios2-elf/4.1.2/../../../../nios2-elf/lib/libc.a(lib_a-makebuf.o)
 .debug_pubnames
                0x000004fa       0x1e /usr/local/3rdparty/altera/quartus12/nios2eds/bin/gnu/H-i686-pc-linux-gnu/bin/../lib/gcc/nios2-elf/4.1.2/../../../../nios2-elf/lib/libc.a(lib_a-readr.o)
 .debug_pubnames
                0x00000518       0x1f /usr/local/3rdparty/altera/quartus12/nios2eds/bin/gnu/H-i686-pc-linux-gnu/bin/../lib/gcc/nios2-elf/4.1.2/../../../../nios2-elf/lib/libc.a(lib_a-fstatr.o)
 .debug_pubnames
                0x00000537       0x20 /usr/local/3rdparty/altera/quartus12/nios2eds/bin/gnu/H-i686-pc-linux-gnu/bin/../lib/gcc/nios2-elf/4.1.2/../../../../nios2-elf/lib/libc.a(lib_a-isattyr.o)
 .debug_pubnames
                0x00000557       0x48 /usr/local/3rdparty/altera/quartus12/nios2eds/bin/gnu/H-i686-pc-linux-gnu/bin/../lib/gcc/nios2-elf/4.1.2/libgcc.a(lib2-divmod.o)
 .debug_pubnames
                0x0000059f       0x1c ../lights_bsp//libhal_bsp.a(alt_close.o)
 .debug_pubnames
                0x000005bb       0x63 ../lights_bsp//libhal_bsp.a(alt_dev.o)
 .debug_pubnames
                0x0000061e       0x20 ../lights_bsp//libhal_bsp.a(alt_errno.o)
 .debug_pubnames
                0x0000063e       0x1c ../lights_bsp//libhal_bsp.a(alt_fstat.o)
 .debug_pubnames
                0x0000065a       0x1d ../lights_bsp//libhal_bsp.a(alt_isatty.o)
 .debug_pubnames
                0x00000677       0x1f ../lights_bsp//libhal_bsp.a(alt_load.o)
 .debug_pubnames
                0x00000696       0x1c ../lights_bsp//libhal_bsp.a(alt_lseek.o)
 .debug_pubnames
                0x000006b2       0x46 ../lights_bsp//libhal_bsp.a(alt_main.o)
 .debug_pubnames
                0x000006f8       0x38 ../lights_bsp//libhal_bsp.a(alt_malloc_lock.o)
 .debug_pubnames
                0x00000730       0x1b ../lights_bsp//libhal_bsp.a(alt_read.o)
 .debug_pubnames
                0x0000074b       0x25 ../lights_bsp//libhal_bsp.a(alt_release_fd.o)
 .debug_pubnames
                0x00000770       0x1b ../lights_bsp//libhal_bsp.a(alt_sbrk.o)
 .debug_pubnames
                0x0000078b       0x1d ../lights_bsp//libhal_bsp.a(alt_usleep.o)
 .debug_pubnames
                0x000007a8       0x1c ../lights_bsp//libhal_bsp.a(alt_write.o)
 .debug_pubnames
                0x000007c4       0x34 ../lights_bsp//libhal_bsp.a(alt_sys_init.o)
 .debug_pubnames
                0x000007f8       0xa5 ../lights_bsp//libhal_bsp.a(altera_avalon_jtag_uart_fd.o)
 .debug_pubnames
                0x0000089d       0x55 ../lights_bsp//libhal_bsp.a(altera_avalon_jtag_uart_init.o)
 .debug_pubnames
                0x000008f2       0x34 ../lights_bsp//libhal_bsp.a(altera_avalon_jtag_uart_ioctl.o)
 .debug_pubnames
                0x00000926       0x33 ../lights_bsp//libhal_bsp.a(altera_avalon_jtag_uart_read.o)
 .debug_pubnames
                0x00000959       0x34 ../lights_bsp//libhal_bsp.a(altera_avalon_jtag_uart_write.o)
 .debug_pubnames
                0x0000098d       0x55 ../lights_bsp//libhal_bsp.a(altera_avalon_lcd_16207.o)
 .debug_pubnames
                0x000009e2       0x37 ../lights_bsp//libhal_bsp.a(altera_avalon_lcd_16207_fd.o)
 .debug_pubnames
                0x00000a19       0x26 ../lights_bsp//libhal_bsp.a(alt_alarm_start.o)
 .debug_pubnames
                0x00000a3f       0x25 ../lights_bsp//libhal_bsp.a(alt_busy_sleep.o)
 .debug_pubnames
                0x00000a64       0x2b ../lights_bsp//libhal_bsp.a(alt_dcache_flush_all.o)
 .debug_pubnames
                0x00000a8f       0x2b ../lights_bsp//libhal_bsp.a(alt_dev_llist_insert.o)
 .debug_pubnames
                0x00000aba       0x20 ../lights_bsp//libhal_bsp.a(alt_do_ctors.o)
 .debug_pubnames
                0x00000ada       0x20 ../lights_bsp//libhal_bsp.a(alt_do_dtors.o)
 .debug_pubnames
                0x00000afa       0x2b ../lights_bsp//libhal_bsp.a(alt_icache_flush_all.o)
 .debug_pubnames
                0x00000b25       0x6e ../lights_bsp//libhal_bsp.a(alt_iic.o)
 .debug_pubnames
                0x00000b93       0x2b ../lights_bsp//libhal_bsp.a(alt_iic_isr_register.o)
 .debug_pubnames
                0x00000bbe       0x26 ../lights_bsp//libhal_bsp.a(alt_io_redirect.o)
 .debug_pubnames
                0x00000be4       0x32 ../lights_bsp//libhal_bsp.a(alt_irq_handler.o)
 .debug_pubnames
                0x00000c16       0x3b ../lights_bsp//libhal_bsp.a(alt_irq_vars.o)
 .debug_pubnames
                0x00000c51       0x1b ../lights_bsp//libhal_bsp.a(alt_open.o)
 .debug_pubnames
                0x00000c6c       0x68 ../lights_bsp//libhal_bsp.a(alt_tick.o)
 .debug_pubnames
                0x00000cd4       0x2c ../lights_bsp//libhal_bsp.a(altera_nios2_irq.o)
 .debug_pubnames
                0x00000d00       0x23 ../lights_bsp//libhal_bsp.a(alt_find_dev.o)
 .debug_pubnames
                0x00000d23       0x24 ../lights_bsp//libhal_bsp.a(alt_find_file.o)
 .debug_pubnames
                0x00000d47       0x21 ../lights_bsp//libhal_bsp.a(alt_get_fd.o)
 .debug_pubnames
                0x00000d68       0x27 ../lights_bsp//libhal_bsp.a(alt_icache_flush.o)
 .debug_pubnames
                0x00000d8f       0x2a /usr/local/3rdparty/altera/quartus12/nios2eds/bin/gnu/H-i686-pc-linux-gnu/bin/../lib/gcc/nios2-elf/4.1.2/../../../../nios2-elf/lib/libc.a(lib_a-atexit.o)
 .debug_pubnames
                0x00000db9       0x2e /usr/local/3rdparty/altera/quartus12/nios2eds/bin/gnu/H-i686-pc-linux-gnu/bin/../lib/gcc/nios2-elf/4.1.2/../../../../nios2-elf/lib/libc.a(lib_a-ctype_.o)
 .debug_pubnames
                0x00000de7       0x1b /usr/local/3rdparty/altera/quartus12/nios2eds/bin/gnu/H-i686-pc-linux-gnu/bin/../lib/gcc/nios2-elf/4.1.2/../../../../nios2-elf/lib/libc.a(lib_a-exit.o)
 .debug_pubnames
                0x00000e02       0x1d /usr/local/3rdparty/altera/quartus12/nios2eds/bin/gnu/H-i686-pc-linux-gnu/bin/../lib/gcc/nios2-elf/4.1.2/../../../../nios2-elf/lib/libc.a(lib_a-memcmp.o)
 .debug_pubnames
                0x00000e1f       0x2a /usr/local/3rdparty/altera/quartus12/nios2eds/bin/gnu/H-i686-pc-linux-gnu/bin/../lib/gcc/nios2-elf/4.1.2/../../../../nios2-elf/lib/libc.a(lib_a-__atexit.o)
 .debug_pubnames
                0x00000e49       0x27 /usr/local/3rdparty/altera/quartus12/nios2eds/bin/gnu/H-i686-pc-linux-gnu/bin/../lib/gcc/nios2-elf/4.1.2/../../../../nios2-elf/lib/libc.a(lib_a-__call_atexit.o)
 .debug_pubnames
                0x00000e70       0x1c ../lights_bsp//libhal_bsp.a(alt_exit.o)

.debug_info     0x00000000    0x1bc65
 *(.debug_info .gnu.linkonce.wi.*)
 .debug_info    0x00000000       0x58 ../lights_bsp//obj/HAL/src/crt0.o
 .debug_info    0x00000058      0xc31 obj/default/hello_world.o
 .debug_info    0x00000c89      0xa83 /usr/local/3rdparty/altera/quartus12/nios2eds/bin/gnu/H-i686-pc-linux-gnu/bin/../lib/gcc/nios2-elf/4.1.2/../../../../nios2-elf/lib/libc.a(lib_a-fwrite.o)
 .debug_info    0x0000170c      0x93d /usr/local/3rdparty/altera/quartus12/nios2eds/bin/gnu/H-i686-pc-linux-gnu/bin/../lib/gcc/nios2-elf/4.1.2/../../../../nios2-elf/lib/libc.a(lib_a-impure.o)
 .debug_info    0x00002049      0xa25 /usr/local/3rdparty/altera/quartus12/nios2eds/bin/gnu/H-i686-pc-linux-gnu/bin/../lib/gcc/nios2-elf/4.1.2/../../../../nios2-elf/lib/libc.a(lib_a-puts.o)
 .debug_info    0x00002a6e       0xdb /usr/local/3rdparty/altera/quartus12/nios2eds/bin/gnu/H-i686-pc-linux-gnu/bin/../lib/gcc/nios2-elf/4.1.2/../../../../nios2-elf/lib/libc.a(lib_a-strlen.o)
 .debug_info    0x00002b49      0xb72 /usr/local/3rdparty/altera/quartus12/nios2eds/bin/gnu/H-i686-pc-linux-gnu/bin/../lib/gcc/nios2-elf/4.1.2/../../../../nios2-elf/lib/libc.a(lib_a-findfp.o)
 .debug_info    0x000036bb      0xa88 /usr/local/3rdparty/altera/quartus12/nios2eds/bin/gnu/H-i686-pc-linux-gnu/bin/../lib/gcc/nios2-elf/4.1.2/../../../../nios2-elf/lib/libc.a(lib_a-fvwrite.o)
 .debug_info    0x00004143      0xaed /usr/local/3rdparty/altera/quartus12/nios2eds/bin/gnu/H-i686-pc-linux-gnu/bin/../lib/gcc/nios2-elf/4.1.2/../../../../nios2-elf/lib/libc.a(lib_a-fwalk.o)
 .debug_info    0x00004c30      0xcd0 /usr/local/3rdparty/altera/quartus12/nios2eds/bin/gnu/H-i686-pc-linux-gnu/bin/../lib/gcc/nios2-elf/4.1.2/../../../../nios2-elf/lib/libc.a(lib_a-mallocr.o)
 .debug_info    0x00005900      0x138 /usr/local/3rdparty/altera/quartus12/nios2eds/bin/gnu/H-i686-pc-linux-gnu/bin/../lib/gcc/nios2-elf/4.1.2/../../../../nios2-elf/lib/libc.a(lib_a-memchr.o)
 .debug_info    0x00005a38      0x106 /usr/local/3rdparty/altera/quartus12/nios2eds/bin/gnu/H-i686-pc-linux-gnu/bin/../lib/gcc/nios2-elf/4.1.2/../../../../nios2-elf/lib/libc.a(lib_a-memcpy.o)
 .debug_info    0x00005b3e      0x13e /usr/local/3rdparty/altera/quartus12/nios2eds/bin/gnu/H-i686-pc-linux-gnu/bin/../lib/gcc/nios2-elf/4.1.2/../../../../nios2-elf/lib/libc.a(lib_a-memmove.o)
 .debug_info    0x00005c7c      0x113 /usr/local/3rdparty/altera/quartus12/nios2eds/bin/gnu/H-i686-pc-linux-gnu/bin/../lib/gcc/nios2-elf/4.1.2/../../../../nios2-elf/lib/libc.a(lib_a-memset.o)
 .debug_info    0x00005d8f      0xbd7 /usr/local/3rdparty/altera/quartus12/nios2eds/bin/gnu/H-i686-pc-linux-gnu/bin/../lib/gcc/nios2-elf/4.1.2/../../../../nios2-elf/lib/libc.a(lib_a-reallocr.o)
 .debug_info    0x00006966      0x962 /usr/local/3rdparty/altera/quartus12/nios2eds/bin/gnu/H-i686-pc-linux-gnu/bin/../lib/gcc/nios2-elf/4.1.2/../../../../nios2-elf/lib/libc.a(lib_a-sbrkr.o)
 .debug_info    0x000072c8      0xaac /usr/local/3rdparty/altera/quartus12/nios2eds/bin/gnu/H-i686-pc-linux-gnu/bin/../lib/gcc/nios2-elf/4.1.2/../../../../nios2-elf/lib/libc.a(lib_a-stdio.o)
 .debug_info    0x00007d74      0x993 /usr/local/3rdparty/altera/quartus12/nios2eds/bin/gnu/H-i686-pc-linux-gnu/bin/../lib/gcc/nios2-elf/4.1.2/../../../../nios2-elf/lib/libc.a(lib_a-writer.o)
 .debug_info    0x00008707      0x95d /usr/local/3rdparty/altera/quartus12/nios2eds/bin/gnu/H-i686-pc-linux-gnu/bin/../lib/gcc/nios2-elf/4.1.2/../../../../nios2-elf/lib/libc.a(lib_a-wsetup.o)
 .debug_info    0x00009064      0x958 /usr/local/3rdparty/altera/quartus12/nios2eds/bin/gnu/H-i686-pc-linux-gnu/bin/../lib/gcc/nios2-elf/4.1.2/../../../../nios2-elf/lib/libc.a(lib_a-closer.o)
 .debug_info    0x000099bc      0x994 /usr/local/3rdparty/altera/quartus12/nios2eds/bin/gnu/H-i686-pc-linux-gnu/bin/../lib/gcc/nios2-elf/4.1.2/../../../../nios2-elf/lib/libc.a(lib_a-fclose.o)
 .debug_info    0x0000a350      0x9fe /usr/local/3rdparty/altera/quartus12/nios2eds/bin/gnu/H-i686-pc-linux-gnu/bin/../lib/gcc/nios2-elf/4.1.2/../../../../nios2-elf/lib/libc.a(lib_a-fflush.o)
 .debug_info    0x0000ad4e      0xbc9 /usr/local/3rdparty/altera/quartus12/nios2eds/bin/gnu/H-i686-pc-linux-gnu/bin/../lib/gcc/nios2-elf/4.1.2/../../../../nios2-elf/lib/libc.a(lib_a-freer.o)
 .debug_info    0x0000b917       0x8c /usr/local/3rdparty/altera/quartus12/nios2eds/bin/gnu/H-i686-pc-linux-gnu/bin/../lib/gcc/nios2-elf/4.1.2/../../../../nios2-elf/lib/libc.a(lib_a-int_errno.o)
 .debug_info    0x0000b9a3      0x981 /usr/local/3rdparty/altera/quartus12/nios2eds/bin/gnu/H-i686-pc-linux-gnu/bin/../lib/gcc/nios2-elf/4.1.2/../../../../nios2-elf/lib/libc.a(lib_a-lseekr.o)
 .debug_info    0x0000c324      0xb1a /usr/local/3rdparty/altera/quartus12/nios2eds/bin/gnu/H-i686-pc-linux-gnu/bin/../lib/gcc/nios2-elf/4.1.2/../../../../nios2-elf/lib/libc.a(lib_a-makebuf.o)
 .debug_info    0x0000ce3e      0x98c /usr/local/3rdparty/altera/quartus12/nios2eds/bin/gnu/H-i686-pc-linux-gnu/bin/../lib/gcc/nios2-elf/4.1.2/../../../../nios2-elf/lib/libc.a(lib_a-readr.o)
 .debug_info    0x0000d7ca      0xafc /usr/local/3rdparty/altera/quartus12/nios2eds/bin/gnu/H-i686-pc-linux-gnu/bin/../lib/gcc/nios2-elf/4.1.2/../../../../nios2-elf/lib/libc.a(lib_a-fstatr.o)
 .debug_info    0x0000e2c6      0x958 /usr/local/3rdparty/altera/quartus12/nios2eds/bin/gnu/H-i686-pc-linux-gnu/bin/../lib/gcc/nios2-elf/4.1.2/../../../../nios2-elf/lib/libc.a(lib_a-isattyr.o)
 .debug_info    0x0000ec1e      0x21c /usr/local/3rdparty/altera/quartus12/nios2eds/bin/gnu/H-i686-pc-linux-gnu/bin/../lib/gcc/nios2-elf/4.1.2/libgcc.a(lib2-divmod.o)
 .debug_info    0x0000ee3a      0x444 ../lights_bsp//libhal_bsp.a(alt_close.o)
 .debug_info    0x0000f27e      0x65c ../lights_bsp//libhal_bsp.a(alt_dev.o)
 .debug_info    0x0000f8da      0x141 ../lights_bsp//libhal_bsp.a(alt_errno.o)
 .debug_info    0x0000fa1b      0x63d ../lights_bsp//libhal_bsp.a(alt_fstat.o)
 .debug_info    0x00010058      0x643 ../lights_bsp//libhal_bsp.a(alt_isatty.o)
 .debug_info    0x0001069b      0x26a ../lights_bsp//libhal_bsp.a(alt_load.o)
 .debug_info    0x00010905      0x477 ../lights_bsp//libhal_bsp.a(alt_lseek.o)
 .debug_info    0x00010d7c      0x202 ../lights_bsp//libhal_bsp.a(alt_main.o)
 .debug_info    0x00010f7e      0xbf5 ../lights_bsp//libhal_bsp.a(alt_malloc_lock.o)
 .debug_info    0x00011b73      0x667 ../lights_bsp//libhal_bsp.a(alt_read.o)
 .debug_info    0x000121da      0x3cf ../lights_bsp//libhal_bsp.a(alt_release_fd.o)
 .debug_info    0x000125a9      0x294 ../lights_bsp//libhal_bsp.a(alt_sbrk.o)
 .debug_info    0x0001283d      0x145 ../lights_bsp//libhal_bsp.a(alt_usleep.o)
 .debug_info    0x00012982      0x670 ../lights_bsp//libhal_bsp.a(alt_write.o)
 .debug_info    0x00012ff2      0x8e0 ../lights_bsp//libhal_bsp.a(alt_sys_init.o)
 .debug_info    0x000138d2      0x7b6 ../lights_bsp//libhal_bsp.a(altera_avalon_jtag_uart_fd.o)
 .debug_info    0x00014088      0x5de ../lights_bsp//libhal_bsp.a(altera_avalon_jtag_uart_init.o)
 .debug_info    0x00014666      0x420 ../lights_bsp//libhal_bsp.a(altera_avalon_jtag_uart_ioctl.o)
 .debug_info    0x00014a86      0x523 ../lights_bsp//libhal_bsp.a(altera_avalon_jtag_uart_read.o)
 .debug_info    0x00014fa9      0x51b ../lights_bsp//libhal_bsp.a(altera_avalon_jtag_uart_write.o)
 .debug_info    0x000154c4      0x8cb ../lights_bsp//libhal_bsp.a(altera_avalon_lcd_16207.o)
 .debug_info    0x00015d8f      0x6ef ../lights_bsp//libhal_bsp.a(altera_avalon_lcd_16207_fd.o)
 .debug_info    0x0001647e      0x41f ../lights_bsp//libhal_bsp.a(alt_alarm_start.o)
 .debug_info    0x0001689d      0x188 ../lights_bsp//libhal_bsp.a(alt_busy_sleep.o)
 .debug_info    0x00016a25      0x14c ../lights_bsp//libhal_bsp.a(alt_dcache_flush_all.o)
 .debug_info    0x00016b71      0x294 ../lights_bsp//libhal_bsp.a(alt_dev_llist_insert.o)
 .debug_info    0x00016e05       0xec ../lights_bsp//libhal_bsp.a(alt_do_ctors.o)
 .debug_info    0x00016ef1       0xeb ../lights_bsp//libhal_bsp.a(alt_do_dtors.o)
 .debug_info    0x00016fdc      0x139 ../lights_bsp//libhal_bsp.a(alt_icache_flush_all.o)
 .debug_info    0x00017115      0x470 ../lights_bsp//libhal_bsp.a(alt_iic.o)
 .debug_info    0x00017585      0x2f1 ../lights_bsp//libhal_bsp.a(alt_iic_isr_register.o)
 .debug_info    0x00017876      0x672 ../lights_bsp//libhal_bsp.a(alt_io_redirect.o)
 .debug_info    0x00017ee8       0x61 ../lights_bsp//libhal_bsp.a(alt_irq_entry.o)
 .debug_info    0x00017f49      0x252 ../lights_bsp//libhal_bsp.a(alt_irq_handler.o)
 .debug_info    0x0001819b      0x144 ../lights_bsp//libhal_bsp.a(alt_irq_vars.o)
 .debug_info    0x000182df      0x502 ../lights_bsp//libhal_bsp.a(alt_open.o)
 .debug_info    0x000187e1      0x3db ../lights_bsp//libhal_bsp.a(alt_tick.o)
 .debug_info    0x00018bbc      0x136 ../lights_bsp//libhal_bsp.a(altera_nios2_irq.o)
 .debug_info    0x00018cf2       0x67 ../lights_bsp//libhal_bsp.a(alt_exception_entry.o)
 .debug_info    0x00018d59      0x3f5 ../lights_bsp//libhal_bsp.a(alt_find_dev.o)
 .debug_info    0x0001914e      0x3fc ../lights_bsp//libhal_bsp.a(alt_find_file.o)
 .debug_info    0x0001954a      0x43d ../lights_bsp//libhal_bsp.a(alt_get_fd.o)
 .debug_info    0x00019987      0x181 ../lights_bsp//libhal_bsp.a(alt_icache_flush.o)
 .debug_info    0x00019b08      0x181 /usr/local/3rdparty/altera/quartus12/nios2eds/bin/gnu/H-i686-pc-linux-gnu/bin/../lib/gcc/nios2-elf/4.1.2/../../../../nios2-elf/lib/libc.a(lib_a-atexit.o)
 .debug_info    0x00019c89       0xa0 /usr/local/3rdparty/altera/quartus12/nios2eds/bin/gnu/H-i686-pc-linux-gnu/bin/../lib/gcc/nios2-elf/4.1.2/../../../../nios2-elf/lib/libc.a(lib_a-ctype_.o)
 .debug_info    0x00019d29      0x93f /usr/local/3rdparty/altera/quartus12/nios2eds/bin/gnu/H-i686-pc-linux-gnu/bin/../lib/gcc/nios2-elf/4.1.2/../../../../nios2-elf/lib/libc.a(lib_a-exit.o)
 .debug_info    0x0001a668      0x115 /usr/local/3rdparty/altera/quartus12/nios2eds/bin/gnu/H-i686-pc-linux-gnu/bin/../lib/gcc/nios2-elf/4.1.2/../../../../nios2-elf/lib/libc.a(lib_a-memcmp.o)
 .debug_info    0x0001a77d      0x99c /usr/local/3rdparty/altera/quartus12/nios2eds/bin/gnu/H-i686-pc-linux-gnu/bin/../lib/gcc/nios2-elf/4.1.2/../../../../nios2-elf/lib/libc.a(lib_a-__atexit.o)
 .debug_info    0x0001b119      0x9e2 /usr/local/3rdparty/altera/quartus12/nios2eds/bin/gnu/H-i686-pc-linux-gnu/bin/../lib/gcc/nios2-elf/4.1.2/../../../../nios2-elf/lib/libc.a(lib_a-__call_atexit.o)
 .debug_info    0x0001bafb      0x16a ../lights_bsp//libhal_bsp.a(alt_exit.o)

.debug_abbrev   0x00000000     0x55b9
 *(.debug_abbrev)
 .debug_abbrev  0x00000000       0x12 ../lights_bsp//obj/HAL/src/crt0.o
 .debug_abbrev  0x00000012      0x17d obj/default/hello_world.o
 .debug_abbrev  0x0000018f      0x1b1 /usr/local/3rdparty/altera/quartus12/nios2eds/bin/gnu/H-i686-pc-linux-gnu/bin/../lib/gcc/nios2-elf/4.1.2/../../../../nios2-elf/lib/libc.a(lib_a-fwrite.o)
 .debug_abbrev  0x00000340      0x157 /usr/local/3rdparty/altera/quartus12/nios2eds/bin/gnu/H-i686-pc-linux-gnu/bin/../lib/gcc/nios2-elf/4.1.2/../../../../nios2-elf/lib/libc.a(lib_a-impure.o)